Archive member included to satisfy reference by file (symbol)

/opt/ST/STM32CubeCLT_1.21.0/GNU-tools-for-STM32/bin/../lib/gcc/arm-none-eabi/14.3.1/thumb/v7e-m+fp/hard/libgcc.a(_aeabi_uldivmod.o)
                              cmake/stm32cubemx/CMakeFiles/STM32_Drivers.dir/__/__/Drivers/STM32G4xx_HAL_Driver/Src/stm32g4xx_hal_uart.c.obj (__aeabi_uldivmod)
/opt/ST/STM32CubeCLT_1.21.0/GNU-tools-for-STM32/bin/../lib/gcc/arm-none-eabi/14.3.1/thumb/v7e-m+fp/hard/libgcc.a(_udivmoddi4.o)
                              /opt/ST/STM32CubeCLT_1.21.0/GNU-tools-for-STM32/bin/../lib/gcc/arm-none-eabi/14.3.1/thumb/v7e-m+fp/hard/libgcc.a(_aeabi_uldivmod.o) (__udivmoddi4)
/opt/ST/STM32CubeCLT_1.21.0/GNU-tools-for-STM32/bin/../lib/gcc/arm-none-eabi/14.3.1/thumb/v7e-m+fp/hard/libgcc.a(_dvmd_tls.o)
                              /opt/ST/STM32CubeCLT_1.21.0/GNU-tools-for-STM32/bin/../lib/gcc/arm-none-eabi/14.3.1/thumb/v7e-m+fp/hard/libgcc.a(_aeabi_uldivmod.o) (__aeabi_ldiv0)
/opt/ST/STM32CubeCLT_1.21.0/GNU-tools-for-STM32/bin/../lib/gcc/arm-none-eabi/14.3.1/../../../../arm-none-eabi/lib/thumb/v7e-m+fp/hard/libg_nano.a(libc_a-exit.o)
                              /opt/ST/STM32CubeCLT_1.21.0/GNU-tools-for-STM32/bin/../lib/gcc/arm-none-eabi/14.3.1/../../../../arm-none-eabi/lib/thumb/v7e-m+fp/hard/crt0.o (exit)
/opt/ST/STM32CubeCLT_1.21.0/GNU-tools-for-STM32/bin/../lib/gcc/arm-none-eabi/14.3.1/../../../../arm-none-eabi/lib/thumb/v7e-m+fp/hard/libg_nano.a(libc_a-findfp.o)
                              /opt/ST/STM32CubeCLT_1.21.0/GNU-tools-for-STM32/bin/../lib/gcc/arm-none-eabi/14.3.1/../../../../arm-none-eabi/lib/thumb/v7e-m+fp/hard/libg_nano.a(libc_a-exit.o) (__stdio_exit_handler)
/opt/ST/STM32CubeCLT_1.21.0/GNU-tools-for-STM32/bin/../lib/gcc/arm-none-eabi/14.3.1/../../../../arm-none-eabi/lib/thumb/v7e-m+fp/hard/libg_nano.a(libc_a-fwalk.o)
                              /opt/ST/STM32CubeCLT_1.21.0/GNU-tools-for-STM32/bin/../lib/gcc/arm-none-eabi/14.3.1/../../../../arm-none-eabi/lib/thumb/v7e-m+fp/hard/libg_nano.a(libc_a-findfp.o) (_fwalk_sglue)
/opt/ST/STM32CubeCLT_1.21.0/GNU-tools-for-STM32/bin/../lib/gcc/arm-none-eabi/14.3.1/../../../../arm-none-eabi/lib/thumb/v7e-m+fp/hard/libg_nano.a(libc_a-memset.o)
                              /opt/ST/STM32CubeCLT_1.21.0/GNU-tools-for-STM32/bin/../lib/gcc/arm-none-eabi/14.3.1/../../../../arm-none-eabi/lib/thumb/v7e-m+fp/hard/crt0.o (memset)
/opt/ST/STM32CubeCLT_1.21.0/GNU-tools-for-STM32/bin/../lib/gcc/arm-none-eabi/14.3.1/../../../../arm-none-eabi/lib/thumb/v7e-m+fp/hard/libg_nano.a(libc_a-errno.o)
                              CMakeFiles/Car_Project.dir/Core/Src/sysmem.c.obj (__errno)
/opt/ST/STM32CubeCLT_1.21.0/GNU-tools-for-STM32/bin/../lib/gcc/arm-none-eabi/14.3.1/../../../../arm-none-eabi/lib/thumb/v7e-m+fp/hard/libg_nano.a(libc_a-init.o)
                              /opt/ST/STM32CubeCLT_1.21.0/GNU-tools-for-STM32/bin/../lib/gcc/arm-none-eabi/14.3.1/../../../../arm-none-eabi/lib/thumb/v7e-m+fp/hard/crt0.o (__libc_init_array)
/opt/ST/STM32CubeCLT_1.21.0/GNU-tools-for-STM32/bin/../lib/gcc/arm-none-eabi/14.3.1/../../../../arm-none-eabi/lib/thumb/v7e-m+fp/hard/libg_nano.a(libc_a-lock.o)
                              /opt/ST/STM32CubeCLT_1.21.0/GNU-tools-for-STM32/bin/../lib/gcc/arm-none-eabi/14.3.1/../../../../arm-none-eabi/lib/thumb/v7e-m+fp/hard/libg_nano.a(libc_a-findfp.o) (__retarget_lock_init_recursive)
/opt/ST/STM32CubeCLT_1.21.0/GNU-tools-for-STM32/bin/../lib/gcc/arm-none-eabi/14.3.1/../../../../arm-none-eabi/lib/thumb/v7e-m+fp/hard/libg_nano.a(libc_a-impure.o)
                              /opt/ST/STM32CubeCLT_1.21.0/GNU-tools-for-STM32/bin/../lib/gcc/arm-none-eabi/14.3.1/../../../../arm-none-eabi/lib/thumb/v7e-m+fp/hard/libg_nano.a(libc_a-errno.o) (_impure_ptr)
/opt/ST/STM32CubeCLT_1.21.0/GNU-tools-for-STM32/bin/../lib/gcc/arm-none-eabi/14.3.1/../../../../arm-none-eabi/lib/thumb/v7e-m+fp/hard/libg_nano.a(libc_a-strlen.o)
                              CMakeFiles/Car_Project.dir/BSP/Src/bsp_uart.c.obj (strlen)
/opt/ST/STM32CubeCLT_1.21.0/GNU-tools-for-STM32/bin/../lib/gcc/arm-none-eabi/14.3.1/../../../../arm-none-eabi/lib/thumb/v7e-m+fp/hard/libg_nano.a(libc_a-mallocr.o)
                              /opt/ST/STM32CubeCLT_1.21.0/GNU-tools-for-STM32/bin/../lib/gcc/arm-none-eabi/14.3.1/../../../../arm-none-eabi/lib/thumb/v7e-m+fp/hard/libg_nano.a(libc_a-findfp.o) (_malloc_r)
/opt/ST/STM32CubeCLT_1.21.0/GNU-tools-for-STM32/bin/../lib/gcc/arm-none-eabi/14.3.1/../../../../arm-none-eabi/lib/thumb/v7e-m+fp/hard/libg_nano.a(libc_a-fflush.o)
                              /opt/ST/STM32CubeCLT_1.21.0/GNU-tools-for-STM32/bin/../lib/gcc/arm-none-eabi/14.3.1/../../../../arm-none-eabi/lib/thumb/v7e-m+fp/hard/libg_nano.a(libc_a-findfp.o) (_fflush_r)
/opt/ST/STM32CubeCLT_1.21.0/GNU-tools-for-STM32/bin/../lib/gcc/arm-none-eabi/14.3.1/../../../../arm-none-eabi/lib/thumb/v7e-m+fp/hard/libg_nano.a(libc_a-mlock.o)
[...]
Memory Configuration

Name             Origin             Length             Attributes
RAM              0x20000000         0x00008000         xrw
FLASH            0x08000000         0x00020000         xr
*default*        0x00000000         0xffffffff

Linker script and memory map

LOAD /opt/ST/STM32CubeCLT_1.21.0/GNU-tools-for-STM32/bin/../lib/gcc/arm-none-eabi/14.3.1/thumb/v7e-m+fp/hard/crti.o
LOAD /opt/ST/STM32CubeCLT_1.21.0/GNU-tools-for-STM32/bin/../lib/gcc/arm-none-eabi/14.3.1/thumb/v7e-m+fp/hard/crtbegin.o
LOAD /opt/ST/STM32CubeCLT_1.21.0/GNU-tools-for-STM32/bin/../lib/gcc/arm-none-eabi/14.3.1/../../../../arm-none-eabi/lib/thumb/v7e-m+fp/hard/crt0.o
LOAD cmake/stm32cubemx/CMakeFiles/STM32_Drivers.dir/__/__/Core/Src/system_stm32g4xx.c.obj
LOAD cmake/stm32cubemx/CMakeFiles/STM32_Drivers.dir/__/__/Drivers/STM32G4xx_HAL_Driver/Src/stm32g4xx_hal_iwdg.c.obj
LOAD cmake/stm32cubemx/CMakeFiles/STM32_Drivers.dir/__/__/Drivers/STM32G4xx_HAL_Driver/Src/stm32g4xx_hal.c.obj
LOAD cmake/stm32cubemx/CMakeFiles/STM32_Drivers.dir/__/__/Drivers/STM32G4xx_HAL_Driver/Src/stm32g4xx_hal_rcc.c.obj
LOAD cmake/stm32cubemx/CMakeFiles/STM32_Drivers.dir/__/__/Drivers/STM32G4xx_HAL_Driver/Src/stm32g4xx_hal_rcc_ex.c.obj
LOAD cmake/stm32cubemx/CMakeFiles/STM32_Drivers.dir/__/__/Drivers/STM32G4xx_HAL_Driver/Src/stm32g4xx_hal_flash.c.obj
LOAD cmake/stm32cubemx/CMakeFiles/STM32_Drivers.dir/__/__/Drivers/STM32G4xx_HAL_Driver/Src/stm32g4xx_hal_flash_ex.c.obj
LOAD cmake/stm32cubemx/CMakeFiles/STM32_Drivers.dir/__/__/Drivers/STM32G4xx_HAL_Driver/Src/stm32g4xx_hal_flash_ramfunc.c.obj
LOAD cmake/stm32cubemx/CMakeFiles/STM32_Drivers.dir/__/__/Drivers/STM32G4xx_HAL_Driver/Src/stm32g4xx_hal_gpio.c.obj
LOAD cmake/stm32cubemx/CMakeFiles/STM32_Drivers.dir/__/__/Drivers/STM32G4xx_HAL_Driver/Src/stm32g4xx_hal_exti.c.obj
LOAD cmake/stm32cubemx/CMakeFiles/STM32_Drivers.dir/__/__/Drivers/STM32G4xx_HAL_Driver/Src/stm32g4xx_hal_dma.c.obj
LOAD cmake/stm32cubemx/CMakeFiles/STM32_Drivers.dir/__/__/Drivers/STM32G4xx_HAL_Driver/Src/stm32g4xx_hal_dma_ex.c.obj
LOAD cmake/stm32cubemx/CMakeFiles/STM32_Drivers.dir/__/__/Drivers/STM32G4xx_HAL_Driver/Src/stm32g4xx_hal_pwr.c.obj
LOAD cmake/stm32cubemx/CMakeFiles/STM32_Drivers.dir/__/__/Drivers/STM32G4xx_HAL_Driver/Src/stm32g4xx_hal_pwr_ex.c.obj
LOAD cmake/stm32cubemx/CMakeFiles/STM32_Drivers.dir/__/__/Drivers/STM32G4xx_HAL_Driver/Src/stm32g4xx_hal_cortex.c.obj
LOAD cmake/stm32cubemx/CMakeFiles/STM32_Drivers.dir/__/__/Drivers/STM32G4xx_HAL_Driver/Src/stm32g4xx_hal_tim.c.obj
LOAD cmake/stm32cubemx/CMakeFiles/STM32_Drivers.dir/__/__/Drivers/STM32G4xx_HAL_Driver/Src/stm32g4xx_hal_tim_ex.c.obj
LOAD cmake/stm32cubemx/CMakeFiles/STM32_Drivers.dir/__/__/Drivers/STM32G4xx_HAL_Driver/Src/stm32g4xx_hal_uart.c.obj
LOAD cmake/stm32cubemx/CMakeFiles/STM32_Drivers.dir/__/__/Drivers/STM32G4xx_HAL_Driver/Src/stm32g4xx_hal_uart_ex.c.obj
LOAD CMakeFiles/Car_Project.dir/Core/Src/main.c.obj
LOAD CMakeFiles/Car_Project.dir/Core/Src/gpio.c.obj
LOAD CMakeFiles/Car_Project.dir/Core/Src/dma.c.obj
LOAD CMakeFiles/Car_Project.dir/Core/Src/iwdg.c.obj
LOAD CMakeFiles/Car_Project.dir/Core/Src/tim.c.obj
LOAD CMakeFiles/Car_Project.dir/Core/Src/usart.c.obj
LOAD CMakeFiles/Car_Project.dir/Core/Src/stm32g4xx_it.c.obj
LOAD CMakeFiles/Car_Project.dir/Core/Src/stm32g4xx_hal_msp.c.obj
LOAD CMakeFiles/Car_Project.dir/Core/Src/sysmem.c.obj
LOAD CMakeFiles/Car_Project.dir/Core/Src/syscalls.c.obj
LOAD CMakeFiles/Car_Project.dir/startup_stm32g431xx.s.obj
LOAD CMakeFiles/Car_Project.dir/App/Src/app_main.c.obj
LOAD CMakeFiles/Car_Project.dir/App/Src/app_tasks.c.obj
LOAD CMakeFiles/Car_Project.dir/App/Src/app_test.c.obj
LOAD CMakeFiles/Car_Project.dir/BSP/Src/bsp_buzzer.c.obj
LOAD CMakeFiles/Car_Project.dir/BSP/Src/bsp_encoder.c.obj
LOAD CMakeFiles/Car_Project.dir/BSP/Src/bsp_gpio_sensor.c.obj
LOAD CMakeFiles/Car_Project.dir/BSP/Src/bsp_key.c.obj
LOAD CMakeFiles/Car_Project.dir/BSP/Src/bsp_led.c.obj
LOAD CMakeFiles/Car_Project.dir/BSP/Src/bsp_motor.c.obj
LOAD CMakeFiles/Car_Project.dir/BSP/Src/bsp_servo.c.obj
LOAD CMakeFiles/Car_Project.dir/BSP/Src/bsp_uart.c.obj
LOAD CMakeFiles/Car_Project.dir/Modules/Src/app_mode.c.obj
LOAD CMakeFiles/Car_Project.dir/Modules/Src/bt_link.c.obj
LOAD CMakeFiles/Car_Project.dir/Modules/Src/chassis.c.obj
LOAD CMakeFiles/Car_Project.dir/Modules/Src/k230_link.c.obj
LOAD CMakeFiles/Car_Project.dir/Modules/Src/protocol.c.obj
LOAD CMakeFiles/Car_Project.dir/Modules/Src/tracker.c.obj
LOAD CMakeFiles/Car_Project.dir/Modules/Src/ultrasonic.c.obj
LOAD CMakeFiles/Car_Project.dir/Service/Src/ring_buffer.c.obj
LOAD CMakeFiles/Car_Project.dir/Service/Src/scheduler.c.obj
LOAD /opt/ST/STM32CubeCLT_1.21.0/GNU-tools-for-STM32/bin/../lib/gcc/arm-none-eabi/14.3.1/../../../../arm-none-eabi/lib/thumb/v7e-m+fp/hard/libm.a
START GROUP
LOAD /opt/ST/STM32CubeCLT_1.21.0/GNU-tools-for-STM32/bin/../lib/gcc/arm-none-eabi/14.3.1/thumb/v7e-m+fp/hard/libgcc.a
LOAD /opt/ST/STM32CubeCLT_1.21.0/GNU-tools-for-STM32/bin/../lib/gcc/arm-none-eabi/14.3.1/../../../../arm-none-eabi/lib/thumb/v7e-m+fp/hard/libg_nano.a
LOAD /opt/ST/STM32CubeCLT_1.21.0/GNU-tools-for-STM32/bin/../lib/gcc/arm-none-eabi/14.3.1/../../../../arm-none-eabi/lib/thumb/v7e-m+fp/hard/libc_nano.a
END GROUP
START GROUP
LOAD /opt/ST/STM32CubeCLT_1.21.0/GNU-tools-for-STM32/bin/../lib/gcc/arm-none-eabi/14.3.1/thumb/v7e-m+fp/hard/libgcc.a
LOAD /opt/ST/STM32CubeCLT_1.21.0/GNU-tools-for-STM32/bin/../lib/gcc/arm-none-eabi/14.3.1/../../../../arm-none-eabi/lib/thumb/v7e-m+fp/hard/libc_nano.a
END GROUP
LOAD /opt/ST/STM32CubeCLT_1.21.0/GNU-tools-for-STM32/bin/../lib/gcc/arm-none-eabi/14.3.1/thumb/v7e-m+fp/hard/crtend.o
LOAD /opt/ST/STM32CubeCLT_1.21.0/GNU-tools-for-STM32/bin/../lib/gcc/arm-none-eabi/14.3.1/thumb/v7e-m+fp/hard/crtn.o
                0x20008000                        _estack = (ORIGIN (RAM) + LENGTH (RAM))
                0x00000200                        _Min_Heap_Size = 0x200
                0x00000400                        _Min_Stack_Size = 0x400

.isr_vector     0x08000000      0x1d8
                0x08000000                        . = ALIGN (0x4)
 *(.isr_vector)
 .isr_vector    0x08000000      0x1d8 CMakeFiles/Car_Project.dir/startup_stm32g431xx.s.obj
                0x08000000                g_pfnVectors
                0x080001d8                        . = ALIGN (0x4)

.text           0x080001d8     0x6804
                0x080001d8                        . = ALIGN (0x4)
 *(.text)
 .text          0x080001d8       0x40 /opt/ST/STM32CubeCLT_1.21.0/GNU-tools-for-STM32/bin/../lib/gcc/arm-none-eabi/14.3.1/thumb/v7e-m+fp/hard/crtbegin.o
 .text          0x08000218       0x30 /opt/ST/STM32CubeCLT_1.21.0/GNU-tools-for-STM32/bin/../lib/gcc/arm-none-eabi/14.3.1/thumb/v7e-m+fp/hard/libgcc.a(_aeabi_uldivmod.o)
                0x08000218                __aeabi_uldivmod
 .text          0x08000248      0x2f8 /opt/ST/STM32CubeCLT_1.21.0/GNU-tools-for-STM32/bin/../lib/gcc/arm-none-eabi/14.3.1/thumb/v7e-m+fp/hard/libgcc.a(_udivmoddi4.o)
                0x08000248                __udivmoddi4
 .text          0x08000540        0x4 /opt/ST/STM32CubeCLT_1.21.0/GNU-tools-for-STM32/bin/../lib/gcc/arm-none-eabi/14.3.1/thumb/v7e-m+fp/hard/libgcc.a(_dvmd_tls.o)
                0x08000540                __aeabi_ldiv0
                0x08000540                __aeabi_idiv0
 *(.text*)
 .text.SystemInit
                0x08000544       0x24 cmake/stm32cubemx/CMakeFiles/STM32_Drivers.dir/__/__/Core/Src/system_stm32g4xx.c.obj
                0x08000544                SystemInit
 .text.HAL_IWDG_Init
                0x08000568       0xa2 cmake/stm32cubemx/CMakeFiles/STM32_Drivers.dir/__/__/Drivers/STM32G4xx_HAL_Driver/Src/stm32g4xx_hal_iwdg.c.obj
                0x08000568                HAL_IWDG_Init
 .text.HAL_IWDG_Refresh
                0x0800060a       0x20 cmake/stm32cubemx/CMakeFiles/STM32_Drivers.dir/__/__/Drivers/STM32G4xx_HAL_Driver/Src/stm32g4xx_hal_iwdg.c.obj
                0x0800060a                HAL_IWDG_Refresh
 .text.HAL_Init
                0x0800062a       0x30 cmake/stm32cubemx/CMakeFiles/STM32_Drivers.dir/__/__/Drivers/STM32G4xx_HAL_Driver/Src/stm32g4xx_hal.c.obj
                0x0800062a                HAL_Init
 *fill*         0x0800065a        0x2 
 .text.HAL_InitTick
                0x0800065c       0x74 cmake/stm32cubemx/CMakeFiles/STM32_Drivers.dir/__/__/Drivers/STM32G4xx_HAL_Driver/Src/stm32g4xx_hal.c.obj
                0x0800065c                HAL_InitTick
 .text.HAL_IncTick
                0x080006d0       0x24 cmake/stm32cubemx/CMakeFiles/STM32_Drivers.dir/__/__/Drivers/STM32G4xx_HAL_Driver/Src/stm32g4xx_hal.c.obj
                0x080006d0                HAL_IncTick
 .text.HAL_GetTick
                0x080006f4       0x18 cmake/stm32cubemx/CMakeFiles/STM32_Drivers.dir/__/__/Drivers/STM32G4xx_HAL_Driver/Src/stm32g4xx_hal.c.obj
                0x080006f4                HAL_GetTick
 .text.HAL_RCC_OscConfig
                0x0800070c      0x624 cmake/stm32cubemx/CMakeFiles/STM32_Drivers.dir/__/__/Drivers/STM32G4xx_HAL_Driver/Src/stm32g4xx_hal_rcc.c.obj
                0x0800070c                HAL_RCC_OscConfig
 .text.HAL_RCC_ClockConfig
                0x08000d30      0x278 cmake/stm32cubemx/CMakeFiles/STM32_Drivers.dir/__/__/Drivers/STM32G4xx_HAL_Driver/Src/stm32g4xx_hal_rcc.c.obj
                0x08000d30                HAL_RCC_ClockConfig
 .text.HAL_RCC_GetSysClockFreq
                0x08000fa8       0xc4 cmake/stm32cubemx/CMakeFiles/STM32_Drivers.dir/__/__/Drivers/STM32G4xx_HAL_Driver/Src/stm32g4xx_hal_rcc.c.obj
                0x08000fa8                HAL_RCC_GetSysClockFreq
 .text.HAL_RCC_GetHCLKFreq
                0x0800106c       0x18 cmake/stm32cubemx/CMakeFiles/STM32_Drivers.dir/__/__/Drivers/STM32G4xx_HAL_Driver/Src/stm32g4xx_hal_rcc.c.obj
                0x0800106c                HAL_RCC_GetHCLKFreq
 .text.HAL_RCC_GetPCLK1Freq
                0x08001084       0x2c cmake/stm32cubemx/CMakeFiles/STM32_Drivers.dir/__/__/Drivers/STM32G4xx_HAL_Driver/Src/stm32g4xx_hal_rcc.c.obj
                0x08001084                HAL_RCC_GetPCLK1Freq
 .text.HAL_RCC_GetPCLK2Freq
                0x080010b0       0x2c cmake/stm32cubemx/CMakeFiles/STM32_Drivers.dir/__/__/Drivers/STM32G4xx_HAL_Driver/Src/stm32g4xx_hal_rcc.c.obj
                0x080010b0                HAL_RCC_GetPCLK2Freq
 .text.RCC_GetSysClockFreqFromPLLSource
                0x080010dc       0x8c cmake/stm32cubemx/CMakeFiles/STM32_Drivers.dir/__/__/Drivers/STM32G4xx_HAL_Driver/Src/stm32g4xx_hal_rcc.c.obj
 .text.HAL_RCCEx_PeriphCLKConfig
                0x08001168      0x3e0 cmake/stm32cubemx/CMakeFiles/STM32_Drivers.dir/__/__/Drivers/STM32G4xx_HAL_Driver/Src/stm32g4xx_hal_rcc_ex.c.obj
                0x08001168                HAL_RCCEx_PeriphCLKConfig
 .text.HAL_GPIO_Init
                0x08001548      0x318 cmake/stm32cubemx/CMakeFiles/STM32_Drivers.dir/__/__/Drivers/STM32G4xx_HAL_Driver/Src/stm32g4xx_hal_gpio.c.obj
                0x08001548                HAL_GPIO_Init
 .text.HAL_GPIO_ReadPin
                0x08001860       0x30 cmake/stm32cubemx/CMakeFiles/STM32_Drivers.dir/__/__/Drivers/STM32G4xx_HAL_Driver/Src/stm32g4xx_hal_gpio.c.obj
                0x08001860                HAL_GPIO_ReadPin
 .text.HAL_GPIO_WritePin
                0x08001890       0x30 cmake/stm32cubemx/CMakeFiles/STM32_Drivers.dir/__/__/Drivers/STM32G4xx_HAL_Driver/Src/stm32g4xx_hal_gpio.c.obj
                0x08001890                HAL_GPIO_WritePin
 .text.HAL_GPIO_EXTI_IRQHandler
                0x080018c0       0x30 cmake/stm32cubemx/CMakeFiles/STM32_Drivers.dir/__/__/Drivers/STM32G4xx_HAL_Driver/Src/stm32g4xx_hal_gpio.c.obj
                0x080018c0                HAL_GPIO_EXTI_IRQHandler
 .text.HAL_DMA_Init
                0x080018f0      0x150 cmake/stm32cubemx/CMakeFiles/STM32_Drivers.dir/__/__/Drivers/STM32G4xx_HAL_Driver/Src/stm32g4xx_hal_dma.c.obj
                0x080018f0                HAL_DMA_Init
 .text.HAL_DMA_Abort
                0x08001a40       0xbc cmake/stm32cubemx/CMakeFiles/STM32_Drivers.dir/__/__/Drivers/STM32G4xx_HAL_Driver/Src/stm32g4xx_hal_dma.c.obj
                0x08001a40                HAL_DMA_Abort
 .text.HAL_DMA_Abort_IT
                0x08001afc       0xce cmake/stm32cubemx/CMakeFiles/STM32_Drivers.dir/__/__/Drivers/STM32G4xx_HAL_Driver/Src/stm32g4xx_hal_dma.c.obj
                0x08001afc                HAL_DMA_Abort_IT
 .text.HAL_DMA_IRQHandler
                0x08001bca      0x15e cmake/stm32cubemx/CMakeFiles/STM32_Drivers.dir/__/__/Drivers/STM32G4xx_HAL_Driver/Src/stm32g4xx_hal_dma.c.obj
                0x08001bca                HAL_DMA_IRQHandler
 .text.DMA_CalcDMAMUXChannelBaseAndMask
                0x08001d28       0x90 cmake/stm32cubemx/CMakeFiles/STM32_Drivers.dir/__/__/Drivers/STM32G4xx_HAL_Driver/Src/stm32g4xx_hal_dma.c.obj
 .text.DMA_CalcDMAMUXRequestGenBaseAndMask
                0x08001db8       0x4c cmake/stm32cubemx/CMakeFiles/STM32_Drivers.dir/__/__/Drivers/STM32G4xx_HAL_Driver/Src/stm32g4xx_hal_dma.c.obj
 .text.HAL_PWREx_ControlVoltageScaling
                0x08001e04      0x148 cmake/stm32cubemx/CMakeFiles/STM32_Drivers.dir/__/__/Drivers/STM32G4xx_HAL_Driver/Src/stm32g4xx_hal_pwr_ex.c.obj
                0x08001e04                HAL_PWREx_ControlVoltageScaling
 .text.HAL_PWREx_DisableUCPDDeadBattery
                0x08001f4c       0x20 cmake/stm32cubemx/CMakeFiles/STM32_Drivers.dir/__/__/Drivers/STM32G4xx_HAL_Driver/Src/stm32g4xx_hal_pwr_ex.c.obj
                0x08001f4c                HAL_PWREx_DisableUCPDDeadBattery
 .text.__NVIC_SetPriorityGrouping
                0x08001f6c       0x48 cmake/stm32cubemx/CMakeFiles/STM32_Drivers.dir/__/__/Drivers/STM32G4xx_HAL_Driver/Src/stm32g4xx_hal_cortex.c.obj
 .text.__NVIC_GetPriorityGrouping
                0x08001fb4       0x1c cmake/stm32cubemx/CMakeFiles/STM32_Drivers.dir/__/__/Drivers/STM32G4xx_HAL_Driver/Src/stm32g4xx_hal_cortex.c.obj
 .text.__NVIC_EnableIRQ
                0x08001fd0       0x3c cmake/stm32cubemx/CMakeFiles/STM32_Drivers.dir/__/__/Drivers/STM32G4xx_HAL_Driver/Src/stm32g4xx_hal_cortex.c.obj
 .text.__NVIC_DisableIRQ
                0x0800200c       0x48 cmake/stm32cubemx/CMakeFiles/STM32_Drivers.dir/__/__/Drivers/STM32G4xx_HAL_Driver/Src/stm32g4xx_hal_cortex.c.obj
 .text.__NVIC_SetPriority
                0x08002054       0x54 cmake/stm32cubemx/CMakeFiles/STM32_Drivers.dir/__/__/Drivers/STM32G4xx_HAL_Driver/Src/stm32g4xx_hal_cortex.c.obj
 .text.NVIC_EncodePriority
                0x080020a8       0x66 cmake/stm32cubemx/CMakeFiles/STM32_Drivers.dir/__/__/Drivers/STM32G4xx_HAL_Driver/Src/stm32g4xx_hal_cortex.c.obj
 *fill*         0x0800210e        0x2 
 .text.SysTick_Config
                0x08002110       0x44 cmake/stm32cubemx/CMakeFiles/STM32_Drivers.dir/__/__/Drivers/STM32G4xx_HAL_Driver/Src/stm32g4xx_hal_cortex.c.obj
 .text.HAL_NVIC_SetPriorityGrouping
                0x08002154       0x16 cmake/stm32cubemx/CMakeFiles/STM32_Drivers.dir/__/__/Drivers/STM32G4xx_HAL_Driver/Src/stm32g4xx_hal_cortex.c.obj
                0x08002154                HAL_NVIC_SetPriorityGrouping
 .text.HAL_NVIC_SetPriority
                0x0800216a       0x34 cmake/stm32cubemx/CMakeFiles/STM32_Drivers.dir/__/__/Drivers/STM32G4xx_HAL_Driver/Src/stm32g4xx_hal_cortex.c.obj
                0x0800216a                HAL_NVIC_SetPriority
 .text.HAL_NVIC_EnableIRQ
                0x0800219e       0x1c cmake/stm32cubemx/CMakeFiles/STM32_Drivers.dir/__/__/Drivers/STM32G4xx_HAL_Driver/Src/stm32g4xx_hal_cortex.c.obj
                0x0800219e                HAL_NVIC_EnableIRQ
 .text.HAL_NVIC_DisableIRQ
                0x080021ba       0x1c cmake/stm32cubemx/CMakeFiles/STM32_Drivers.dir/__/__/Drivers/STM32G4xx_HAL_Driver/Src/stm32g4xx_hal_cortex.c.obj
                0x080021ba                HAL_NVIC_DisableIRQ
 .text.HAL_SYSTICK_Config
                0x080021d6       0x18 cmake/stm32cubemx/CMakeFiles/STM32_Drivers.dir/__/__/Drivers/STM32G4xx_HAL_Driver/Src/stm32g4xx_hal_cortex.c.obj
                0x080021d6                HAL_SYSTICK_Config
 .text.HAL_TIM_Base_Init
                0x080021ee       0xae cmake/stm32cubemx/CMakeFiles/STM32_Drivers.dir/__/__/Drivers/STM32G4xx_HAL_Driver/Src/stm32g4xx_hal_tim.c.obj
                0x080021ee                HAL_TIM_Base_Init
 .text.HAL_TIM_Base_Start_IT
                0x0800229c       0xd4 cmake/stm32cubemx/CMakeFiles/STM32_Drivers.dir/__/__/Drivers/STM32G4xx_HAL_Driver/Src/stm32g4xx_hal_tim.c.obj
                0x0800229c                HAL_TIM_Base_Start_IT
 .text.HAL_TIM_Base_Stop_IT
                0x08002370       0x60 cmake/stm32cubemx/CMakeFiles/STM32_Drivers.dir/__/__/Drivers/STM32G4xx_HAL_Driver/Src/stm32g4xx_hal_tim.c.obj
                0x08002370                HAL_TIM_Base_Stop_IT
 .text.HAL_TIM_PWM_Init
                0x080023d0       0xae cmake/stm32cubemx/CMakeFiles/STM32_Drivers.dir/__/__/Drivers/STM32G4xx_HAL_Driver/Src/stm32g4xx_hal_tim.c.obj
                0x080023d0                HAL_TIM_PWM_Init
 .text.HAL_TIM_PWM_MspInit
                0x0800247e       0x14 cmake/stm32cubemx/CMakeFiles/STM32_Drivers.dir/__/__/Drivers/STM32G4xx_HAL_Driver/Src/stm32g4xx_hal_tim.c.obj
                0x0800247e                HAL_TIM_PWM_MspInit
 .text.HAL_TIM_Encoder_Init
                0x08002492      0x14c cmake/stm32cubemx/CMakeFiles/STM32_Drivers.dir/__/__/Drivers/STM32G4xx_HAL_Driver/Src/stm32g4xx_hal_tim.c.obj
                0x08002492                HAL_TIM_Encoder_Init
 .text.HAL_TIM_IRQHandler
                0x080025de      0x29e cmake/stm32cubemx/CMakeFiles/STM32_Drivers.dir/__/__/Drivers/STM32G4xx_HAL_Driver/Src/stm32g4xx_hal_tim.c.obj
                0x080025de                HAL_TIM_IRQHandler
 .text.HAL_TIM_PWM_ConfigChannel
                0x0800287c      0x228 cmake/stm32cubemx/CMakeFiles/STM32_Drivers.dir/__/__/Drivers/STM32G4xx_HAL_Driver/Src/stm32g4xx_hal_tim.c.obj
                0x0800287c                HAL_TIM_PWM_ConfigChannel
 .text.HAL_TIM_ConfigClockSource
                0x08002aa4      0x1f4 cmake/stm32cubemx/CMakeFiles/STM32_Drivers.dir/__/__/Drivers/STM32G4xx_HAL_Driver/Src/stm32g4xx_hal_tim.c.obj
                0x08002aa4                HAL_TIM_ConfigClockSource
 .text.HAL_TIM_OC_DelayElapsedCallback
                0x08002c98       0x14 cmake/stm32cubemx/CMakeFiles/STM32_Drivers.dir/__/__/Drivers/STM32G4xx_HAL_Driver/Src/stm32g4xx_hal_tim.c.obj
                0x08002c98                HAL_TIM_OC_DelayElapsedCallback
 .text.HAL_TIM_IC_CaptureCallback
                0x08002cac       0x14 cmake/stm32cubemx/CMakeFiles/STM32_Drivers.dir/__/__/Drivers/STM32G4xx_HAL_Driver/Src/stm32g4xx_hal_tim.c.obj
                0x08002cac                HAL_TIM_IC_CaptureCallback
 .text.HAL_TIM_PWM_PulseFinishedCallback
                0x08002cc0       0x14 cmake/stm32cubemx/CMakeFiles/STM32_Drivers.dir/__/__/Drivers/STM32G4xx_HAL_Driver/Src/stm32g4xx_hal_tim.c.obj
                0x08002cc0                HAL_TIM_PWM_PulseFinishedCallback
 .text.HAL_TIM_TriggerCallback
                0x08002cd4       0x14 cmake/stm32cubemx/CMakeFiles/STM32_Drivers.dir/__/__/Drivers/STM32G4xx_HAL_Driver/Src/stm32g4xx_hal_tim.c.obj
                0x08002cd4                HAL_TIM_TriggerCallback
 .text.TIM_Base_SetConfig
                0x08002ce8      0x12c cmake/stm32cubemx/CMakeFiles/STM32_Drivers.dir/__/__/Drivers/STM32G4xx_HAL_Driver/Src/stm32g4xx_hal_tim.c.obj
                0x08002ce8                TIM_Base_SetConfig
 .text.TIM_OC1_SetConfig
                0x08002e14      0x124 cmake/stm32cubemx/CMakeFiles/STM32_Drivers.dir/__/__/Drivers/STM32G4xx_HAL_Driver/Src/stm32g4xx_hal_tim.c.obj
 .text.TIM_OC2_SetConfig
                0x08002f38      0x118 cmake/stm32cubemx/CMakeFiles/STM32_Drivers.dir/__/__/Drivers/STM32G4xx_HAL_Driver/Src/stm32g4xx_hal_tim.c.obj
                0x08002f38                TIM_OC2_SetConfig
 .text.TIM_OC3_SetConfig
                0x08003050      0x114 cmake/stm32cubemx/CMakeFiles/STM32_Drivers.dir/__/__/Drivers/STM32G4xx_HAL_Driver/Src/stm32g4xx_hal_tim.c.obj
 .text.TIM_OC4_SetConfig
                0x08003164      0x118 cmake/stm32cubemx/CMakeFiles/STM32_Drivers.dir/__/__/Drivers/STM32G4xx_HAL_Driver/Src/stm32g4xx_hal_tim.c.obj
 .text.TIM_OC5_SetConfig
                0x0800327c       0xc8 cmake/stm32cubemx/CMakeFiles/STM32_Drivers.dir/__/__/Drivers/STM32G4xx_HAL_Driver/Src/stm32g4xx_hal_tim.c.obj
 .text.TIM_OC6_SetConfig
                0x08003344       0xcc cmake/stm32cubemx/CMakeFiles/STM32_Drivers.dir/__/__/Drivers/STM32G4xx_HAL_Driver/Src/stm32g4xx_hal_tim.c.obj
 .text.TIM_TI1_ConfigInputStage
                0x08003410       0xa8 cmake/stm32cubemx/CMakeFiles/STM32_Drivers.dir/__/__/Drivers/STM32G4xx_HAL_Driver/Src/stm32g4xx_hal_tim.c.obj
 .text.TIM_TI2_ConfigInputStage
                0x080034b8       0x84 cmake/stm32cubemx/CMakeFiles/STM32_Drivers.dir/__/__/Drivers/STM32G4xx_HAL_Driver/Src/stm32g4xx_hal_tim.c.obj
 .text.TIM_ITRx_SetConfig
                0x0800353c       0x3a cmake/stm32cubemx/CMakeFiles/STM32_Drivers.dir/__/__/Drivers/STM32G4xx_HAL_Driver/Src/stm32g4xx_hal_tim.c.obj
 .text.TIM_ETR_SetConfig
                0x08003576       0x40 cmake/stm32cubemx/CMakeFiles/STM32_Drivers.dir/__/__/Drivers/STM32G4xx_HAL_Driver/Src/stm32g4xx_hal_tim.c.obj
                0x08003576                TIM_ETR_SetConfig
 *fill*         0x080035b6        0x2 
 .text.HAL_TIMEx_MasterConfigSynchronization
                0x080035b8      0x104 cmake/stm32cubemx/CMakeFiles/STM32_Drivers.dir/__/__/Drivers/STM32G4xx_HAL_Driver/Src/stm32g4xx_hal_tim_ex.c.obj
                0x080035b8                HAL_TIMEx_MasterConfigSynchronization
 .text.HAL_TIMEx_ConfigBreakDeadTime
                0x080036bc      0x118 cmake/stm32cubemx/CMakeFiles/STM32_Drivers.dir/__/__/Drivers/STM32G4xx_HAL_Driver/Src/stm32g4xx_hal_tim_ex.c.obj
                0x080036bc                HAL_TIMEx_ConfigBreakDeadTime
 .text.HAL_TIMEx_CommutCallback
                0x080037d4       0x14 cmake/stm32cubemx/CMakeFiles/STM32_Drivers.dir/__/__/Drivers/STM32G4xx_HAL_Driver/Src/stm32g4xx_hal_tim_ex.c.obj
                0x080037d4                HAL_TIMEx_CommutCallback
 .text.HAL_TIMEx_BreakCallback
                0x080037e8       0x14 cmake/stm32cubemx/CMakeFiles/STM32_Drivers.dir/__/__/Drivers/STM32G4xx_HAL_Driver/Src/stm32g4xx_hal_tim_ex.c.obj
                0x080037e8                HAL_TIMEx_BreakCallback
 .text.HAL_TIMEx_Break2Callback
                0x080037fc       0x14 cmake/stm32cubemx/CMakeFiles/STM32_Drivers.dir/__/__/Drivers/STM32G4xx_HAL_Driver/Src/stm32g4xx_hal_tim_ex.c.obj
                0x080037fc                HAL_TIMEx_Break2Callback
 .text.HAL_TIMEx_EncoderIndexCallback
                0x08003810       0x14 cmake/stm32cubemx/CMakeFiles/STM32_Drivers.dir/__/__/Drivers/STM32G4xx_HAL_Driver/Src/stm32g4xx_hal_tim_ex.c.obj
                0x08003810                HAL_TIMEx_EncoderIndexCallback
 .text.HAL_TIMEx_DirectionChangeCallback
                0x08003824       0x14 cmake/stm32cubemx/CMakeFiles/STM32_Drivers.dir/__/__/Drivers/STM32G4xx_HAL_Driver/Src/stm32g4xx_hal_tim_ex.c.obj
                0x08003824                HAL_TIMEx_DirectionChangeCallback
 .text.HAL_TIMEx_IndexErrorCallback
                0x08003838       0x14 cmake/stm32cubemx/CMakeFiles/STM32_Drivers.dir/__/__/Drivers/STM32G4xx_HAL_Driver/Src/stm32g4xx_hal_tim_ex.c.obj
                0x08003838                HAL_TIMEx_IndexErrorCallback
 .text.HAL_TIMEx_TransitionErrorCallback
                0x0800384c       0x14 cmake/stm32cubemx/CMakeFiles/STM32_Drivers.dir/__/__/Drivers/STM32G4xx_HAL_Driver/Src/stm32g4xx_hal_tim_ex.c.obj
                0x0800384c                HAL_TIMEx_TransitionErrorCallback
 .text.HAL_UART_Init
                0x08003860       0xa0 cmake/stm32cubemx/CMakeFiles/STM32_Drivers.dir/__/__/Drivers/STM32G4xx_HAL_Driver/Src/stm32g4xx_hal_uart.c.obj
                0x08003860                HAL_UART_Init
 .text.HAL_UART_IRQHandler
                0x08003900      0x684 cmake/stm32cubemx/CMakeFiles/STM32_Drivers.dir/__/__/Drivers/STM32G4xx_HAL_Driver/Src/stm32g4xx_hal_uart.c.obj
                0x08003900                HAL_UART_IRQHandler
 .text.HAL_UART_ErrorCallback
                0x08003f84       0x14 cmake/stm32cubemx/CMakeFiles/STM32_Drivers.dir/__/__/Drivers/STM32G4xx_HAL_Driver/Src/stm32g4xx_hal_uart.c.obj
                0x08003f84                HAL_UART_ErrorCallback
 .text.HAL_UARTEx_RxEventCallback
                0x08003f98       0x18 cmake/stm32cubemx/CMakeFiles/STM32_Drivers.dir/__/__/Drivers/STM32G4xx_HAL_Driver/Src/stm32g4xx_hal_uart.c.obj
                0x08003f98                HAL_UARTEx_RxEventCallback
 .text.UART_SetConfig
                0x08003fb0      0x598 cmake/stm32cubemx/CMakeFiles/STM32_Drivers.dir/__/__/Drivers/STM32G4xx_HAL_Driver/Src/stm32g4xx_hal_uart.c.obj
                0x08003fb0                UART_SetConfig
 .text.UART_AdvFeatureConfig
                0x08004548      0x144 cmake/stm32cubemx/CMakeFiles/STM32_Drivers.dir/__/__/Drivers/STM32G4xx_HAL_Driver/Src/stm32g4xx_hal_uart.c.obj
                0x08004548                UART_AdvFeatureConfig
 .text.UART_CheckIdleState
                0x0800468c      0x154 cmake/stm32cubemx/CMakeFiles/STM32_Drivers.dir/__/__/Drivers/STM32G4xx_HAL_Driver/Src/stm32g4xx_hal_uart.c.obj
                0x0800468c                UART_CheckIdleState
 .text.UART_WaitOnFlagUntilTimeout
                0x080047e0       0xda cmake/stm32cubemx/CMakeFiles/STM32_Drivers.dir/__/__/Drivers/STM32G4xx_HAL_Driver/Src/stm32g4xx_hal_uart.c.obj
                0x080047e0                UART_WaitOnFlagUntilTimeout
 .text.UART_EndRxTransfer
                0x080048ba       0xcc cmake/stm32cubemx/CMakeFiles/STM32_Drivers.dir/__/__/Drivers/STM32G4xx_HAL_Driver/Src/stm32g4xx_hal_uart.c.obj
 .text.UART_DMAAbortOnError
                0x08004986       0x1c cmake/stm32cubemx/CMakeFiles/STM32_Drivers.dir/__/__/Drivers/STM32G4xx_HAL_Driver/Src/stm32g4xx_hal_uart.c.obj
 .text.UART_EndTransmit_IT
                0x080049a2       0x56 cmake/stm32cubemx/CMakeFiles/STM32_Drivers.dir/__/__/Drivers/STM32G4xx_HAL_Driver/Src/stm32g4xx_hal_uart.c.obj
 .text.HAL_UARTEx_WakeupCallback
                0x080049f8       0x14 cmake/stm32cubemx/CMakeFiles/STM32_Drivers.dir/__/__/Drivers/STM32G4xx_HAL_Driver/Src/stm32g4xx_hal_uart_ex.c.obj
                0x080049f8                HAL_UARTEx_WakeupCallback
 .text.HAL_UARTEx_RxFifoFullCallback
                0x08004a0c       0x14 cmake/stm32cubemx/CMakeFiles/STM32_Drivers.dir/__/__/Drivers/STM32G4xx_HAL_Driver/Src/stm32g4xx_hal_uart_ex.c.obj
                0x08004a0c                HAL_UARTEx_RxFifoFullCallback
 .text.HAL_UARTEx_TxFifoEmptyCallback
                0x08004a20       0x14 cmake/stm32cubemx/CMakeFiles/STM32_Drivers.dir/__/__/Drivers/STM32G4xx_HAL_Driver/Src/stm32g4xx_hal_uart_ex.c.obj
                0x08004a20                HAL_UARTEx_TxFifoEmptyCallback
 .text.HAL_UARTEx_DisableFifoMode
                0x08004a34       0x72 cmake/stm32cubemx/CMakeFiles/STM32_Drivers.dir/__/__/Drivers/STM32G4xx_HAL_Driver/Src/stm32g4xx_hal_uart_ex.c.obj
                0x08004a34                HAL_UARTEx_DisableFifoMode
 .text.HAL_UARTEx_SetTxFifoThreshold
                0x08004aa6       0x7c cmake/stm32cubemx/CMakeFiles/STM32_Drivers.dir/__/__/Drivers/STM32G4xx_HAL_Driver/Src/stm32g4xx_hal_uart_ex.c.obj
                0x08004aa6                HAL_UARTEx_SetTxFifoThreshold
 .text.HAL_UARTEx_SetRxFifoThreshold
                0x08004b22       0x7c cmake/stm32cubemx/CMakeFiles/STM32_Drivers.dir/__/__/Drivers/STM32G4xx_HAL_Driver/Src/stm32g4xx_hal_uart_ex.c.obj
                0x08004b22                HAL_UARTEx_SetRxFifoThreshold
 *fill*         0x08004b9e        0x2 
 .text.UARTEx_SetNbDataToProcess
                0x08004ba0       0x9c cmake/stm32cubemx/CMakeFiles/STM32_Drivers.dir/__/__/Drivers/STM32G4xx_HAL_Driver/Src/stm32g4xx_hal_uart_ex.c.obj
 .text.main     0x08004c3c       0x42 CMakeFiles/Car_Project.dir/Core/Src/main.c.obj
                0x08004c3c                main
 .text.SystemClock_Config
                0x08004c7e       0x96 CMakeFiles/Car_Project.dir/Core/Src/main.c.obj
                0x08004c7e                SystemClock_Config
 .text.Error_Handler
                0x08004d14        0xc CMakeFiles/Car_Project.dir/Core/Src/main.c.obj
                0x08004d14                Error_Handler
 .text.MX_GPIO_Init
                0x08004d20      0x18c CMakeFiles/Car_Project.dir/Core/Src/gpio.c.obj
                0x08004d20                MX_GPIO_Init
 .text.MX_DMA_Init
                0x08004eac       0x84 CMakeFiles/Car_Project.dir/Core/Src/dma.c.obj
                0x08004eac                MX_DMA_Init
 .text.MX_IWDG_Init
                0x08004f30       0x3c CMakeFiles/Car_Project.dir/Core/Src/iwdg.c.obj
                0x08004f30                MX_IWDG_Init
 .text.MX_TIM1_Init
                0x08004f6c      0x160 CMakeFiles/Car_Project.dir/Core/Src/tim.c.obj
                0x08004f6c                MX_TIM1_Init
 .text.MX_TIM2_Init
                0x080050cc       0xa8 CMakeFiles/Car_Project.dir/Core/Src/tim.c.obj
                0x080050cc                MX_TIM2_Init
 .text.MX_TIM3_Init
                0x08005174      0x130 CMakeFiles/Car_Project.dir/Core/Src/tim.c.obj
                0x08005174                MX_TIM3_Init
 .text.MX_TIM4_Init
                0x080052a4       0xac CMakeFiles/Car_Project.dir/Core/Src/tim.c.obj
                0x080052a4                MX_TIM4_Init
 .text.MX_TIM6_Init
                0x08005350       0x6c CMakeFiles/Car_Project.dir/Core/Src/tim.c.obj
                0x08005350                MX_TIM6_Init
 .text.MX_TIM7_Init
                0x080053bc       0x6c CMakeFiles/Car_Project.dir/Core/Src/tim.c.obj
                0x080053bc                MX_TIM7_Init
 .text.HAL_TIM_Base_MspInit
                0x08005428       0xd4 CMakeFiles/Car_Project.dir/Core/Src/tim.c.obj
                0x08005428                HAL_TIM_Base_MspInit
 .text.HAL_TIM_Encoder_MspInit
                0x080054fc      0x108 CMakeFiles/Car_Project.dir/Core/Src/tim.c.obj
                0x080054fc                HAL_TIM_Encoder_MspInit
 .text.HAL_TIM_MspPostInit
                0x08005604       0xf4 CMakeFiles/Car_Project.dir/Core/Src/tim.c.obj
                0x08005604                HAL_TIM_MspPostInit
 .text.MX_USART2_UART_Init
                0x080056f8       0x98 CMakeFiles/Car_Project.dir/Core/Src/usart.c.obj
                0x080056f8                MX_USART2_UART_Init
 .text.MX_USART3_UART_Init
                0x08005790       0x98 CMakeFiles/Car_Project.dir/Core/Src/usart.c.obj
                0x08005790                MX_USART3_UART_Init
 .text.HAL_UART_MspInit
                0x08005828      0x2c0 CMakeFiles/Car_Project.dir/Core/Src/usart.c.obj
                0x08005828                HAL_UART_MspInit
 .text.NMI_Handler
                0x08005ae8        0x8 CMakeFiles/Car_Project.dir/Core/Src/stm32g4xx_it.c.obj
                0x08005ae8                NMI_Handler
 .text.HardFault_Handler
                0x08005af0        0x8 CMakeFiles/Car_Project.dir/Core/Src/stm32g4xx_it.c.obj
                0x08005af0                HardFault_Handler
 .text.MemManage_Handler
                0x08005af8        0x8 CMakeFiles/Car_Project.dir/Core/Src/stm32g4xx_it.c.obj
                0x08005af8                MemManage_Handler
 .text.BusFault_Handler
                0x08005b00        0x8 CMakeFiles/Car_Project.dir/Core/Src/stm32g4xx_it.c.obj
                0x08005b00                BusFault_Handler
 .text.UsageFault_Handler
                0x08005b08        0x8 CMakeFiles/Car_Project.dir/Core/Src/stm32g4xx_it.c.obj
                0x08005b08                UsageFault_Handler
 .text.SVC_Handler
                0x08005b10        0xe CMakeFiles/Car_Project.dir/Core/Src/stm32g4xx_it.c.obj
                0x08005b10                SVC_Handler
 .text.DebugMon_Handler
                0x08005b1e        0xe CMakeFiles/Car_Project.dir/Core/Src/stm32g4xx_it.c.obj
                0x08005b1e                DebugMon_Handler
 .text.PendSV_Handler
                0x08005b2c        0xe CMakeFiles/Car_Project.dir/Core/Src/stm32g4xx_it.c.obj
                0x08005b2c                PendSV_Handler
 .text.SysTick_Handler
                0x08005b3a        0xc CMakeFiles/Car_Project.dir/Core/Src/stm32g4xx_it.c.obj
                0x08005b3a                SysTick_Handler
 *fill*         0x08005b46        0x2 
 .text.DMA1_Channel1_IRQHandler
                0x08005b48       0x14 CMakeFiles/Car_Project.dir/Core/Src/stm32g4xx_it.c.obj
                0x08005b48                DMA1_Channel1_IRQHandler
 .text.DMA1_Channel2_IRQHandler
                0x08005b5c       0x14 CMakeFiles/Car_Project.dir/Core/Src/stm32g4xx_it.c.obj
                0x08005b5c                DMA1_Channel2_IRQHandler
 .text.DMA1_Channel3_IRQHandler
                0x08005b70       0x14 CMakeFiles/Car_Project.dir/Core/Src/stm32g4xx_it.c.obj
                0x08005b70                DMA1_Channel3_IRQHandler
 .text.DMA1_Channel4_IRQHandler
                0x08005b84       0x14 CMakeFiles/Car_Project.dir/Core/Src/stm32g4xx_it.c.obj
                0x08005b84                DMA1_Channel4_IRQHandler
 .text.USART2_IRQHandler
                0x08005b98       0x14 CMakeFiles/Car_Project.dir/Core/Src/stm32g4xx_it.c.obj
                0x08005b98                USART2_IRQHandler
 .text.USART3_IRQHandler
                0x08005bac       0x14 CMakeFiles/Car_Project.dir/Core/Src/stm32g4xx_it.c.obj
                0x08005bac                USART3_IRQHandler
 .text.TIM6_DAC_IRQHandler
                0x08005bc0       0x14 CMakeFiles/Car_Project.dir/Core/Src/stm32g4xx_it.c.obj
                0x08005bc0                TIM6_DAC_IRQHandler
 .text.TIM7_IRQHandler
                0x08005bd4       0x14 CMakeFiles/Car_Project.dir/Core/Src/stm32g4xx_it.c.obj
                0x08005bd4                TIM7_IRQHandler
 .text.EXTI15_10_IRQHandler
                0x08005be8       0x10 CMakeFiles/Car_Project.dir/Core/Src/stm32g4xx_it.c.obj
                0x08005be8                EXTI15_10_IRQHandler
 .text.HAL_MspInit
                0x08005bf8       0x48 CMakeFiles/Car_Project.dir/Core/Src/stm32g4xx_hal_msp.c.obj
                0x08005bf8                HAL_MspInit
 .text.Reset_Handler
                0x08005c40       0x50 CMakeFiles/Car_Project.dir/startup_stm32g431xx.s.obj
                0x08005c40                Reset_Handler
 .text.Default_Handler
                0x08005c90        0x2 CMakeFiles/Car_Project.dir/startup_stm32g431xx.s.obj
                0x08005c90                TIM1_BRK_TIM15_IRQHandler
                0x08005c90                EXTI2_IRQHandler
                0x08005c90                TIM8_TRG_COM_IRQHandler
                0x08005c90                TIM8_CC_IRQHandler
                0x08005c90                TIM1_CC_IRQHandler
                0x08005c90                USB_HP_IRQHandler
                0x08005c90                CORDIC_IRQHandler
                0x08005c90                EXTI3_IRQHandler
                0x08005c90                I2C3_ER_IRQHandler
                0x08005c90                EXTI0_IRQHandler
                0x08005c90                I2C2_EV_IRQHandler
                0x08005c90                FPU_IRQHandler
                0x08005c90                FDCAN1_IT1_IRQHandler
                0x08005c90                TIM1_UP_TIM16_IRQHandler
                0x08005c90                ADC1_2_IRQHandler
                0x08005c90                SPI1_IRQHandler
                0x08005c90                TIM8_UP_IRQHandler
                0x08005c90                DMA2_Channel2_IRQHandler
                0x08005c90                TIM4_IRQHandler
                0x08005c90                DMA2_Channel1_IRQHandler
                0x08005c90                I2C1_EV_IRQHandler
                0x08005c90                DMA1_Channel6_IRQHandler
                0x08005c90                UART4_IRQHandler
                0x08005c90                DMA2_Channel4_IRQHandler
                0x08005c90                TIM3_IRQHandler
                0x08005c90                RCC_IRQHandler
                0x08005c90                Default_Handler
                0x08005c90                RTC_TAMP_LSECSS_IRQHandler
                0x08005c90                FMAC_IRQHandler
                0x08005c90                UCPD1_IRQHandler
                0x08005c90                I2C3_EV_IRQHandler
                0x08005c90                EXTI9_5_IRQHandler
                0x08005c90                RTC_WKUP_IRQHandler
                0x08005c90                PVD_PVM_IRQHandler
                0x08005c90                SPI2_IRQHandler
                0x08005c90                DMA2_Channel5_IRQHandler
                0x08005c90                CRS_IRQHandler
                0x08005c90                DMA1_Channel5_IRQHandler
                0x08005c90                USB_LP_IRQHandler
                0x08005c90                EXTI4_IRQHandler
                0x08005c90                RNG_IRQHandler
                0x08005c90                TIM1_TRG_COM_TIM17_IRQHandler
                0x08005c90                WWDG_IRQHandler
                0x08005c90                LPUART1_IRQHandler
                0x08005c90                DMA2_Channel6_IRQHandler
                0x08005c90                FDCAN1_IT0_IRQHandler
                0x08005c90                TIM2_IRQHandler
                0x08005c90                COMP1_2_3_IRQHandler
                0x08005c90                EXTI1_IRQHandler
                0x08005c90                I2C2_ER_IRQHandler
                0x08005c90                TIM8_BRK_IRQHandler
                0x08005c90                FLASH_IRQHandler
                0x08005c90                USART1_IRQHandler
                0x08005c90                SPI3_IRQHandler
                0x08005c90                I2C1_ER_IRQHandler
                0x08005c90                LPTIM1_IRQHandler
                0x08005c90                DMAMUX_OVR_IRQHandler
                0x08005c90                USBWakeUp_IRQHandler
                0x08005c90                SAI1_IRQHandler
                0x08005c90                DMA2_Channel3_IRQHandler
                0x08005c90                COMP4_IRQHandler
                0x08005c90                RTC_Alarm_IRQHandler
 .text.App_Init
                0x08005c92        0xc CMakeFiles/Car_Project.dir/App/Src/app_main.c.obj
                0x08005c92                App_Init
 *fill*         0x08005c9e        0x2 
 .text.App_Run  0x08005ca0       0x18 CMakeFiles/Car_Project.dir/App/Src/app_main.c.obj
                0x08005ca0                App_Run
 .text.AppTest_Init
                0x08005cb8       0x1c CMakeFiles/Car_Project.dir/App/Src/app_test.c.obj
                0x08005cb8                AppTest_Init
 .text.AppTest_Run
                0x08005cd4      0x114 CMakeFiles/Car_Project.dir/App/Src/app_test.c.obj
                0x08005cd4                AppTest_Run
 .text.gpio_write
                0x08005de8       0x30 CMakeFiles/Car_Project.dir/BSP/Src/bsp_buzzer.c.obj
 .text.freq_to_arr
                0x08005e18       0x50 CMakeFiles/Car_Project.dir/BSP/Src/bsp_buzzer.c.obj
 .text.timer_set_arr
                0x08005e68       0x34 CMakeFiles/Car_Project.dir/BSP/Src/bsp_buzzer.c.obj
 .text.tone_on  0x08005e9c       0x5c CMakeFiles/Car_Project.dir/BSP/Src/bsp_buzzer.c.obj
 .text.tone_off
                0x08005ef8       0x2c CMakeFiles/Car_Project.dir/BSP/Src/bsp_buzzer.c.obj
 .text.BspBuzzer_Init
                0x08005f24       0x64 CMakeFiles/Car_Project.dir/BSP/Src/bsp_buzzer.c.obj
                0x08005f24                BspBuzzer_Init
 .text.BspBuzzer_Set
                0x08005f88       0x4c CMakeFiles/Car_Project.dir/BSP/Src/bsp_buzzer.c.obj
                0x08005f88                BspBuzzer_Set
 .text.BspBuzzer_Task10ms
                0x08005fd4       0x98 CMakeFiles/Car_Project.dir/BSP/Src/bsp_buzzer.c.obj
                0x08005fd4                BspBuzzer_Task10ms
 .text.HAL_TIM_PeriodElapsedCallback
                0x0800606c       0x64 CMakeFiles/Car_Project.dir/BSP/Src/bsp_buzzer.c.obj
                0x0800606c                HAL_TIM_PeriodElapsedCallback
 .text.BspGpioSensor_Init
                0x080060d0        0xe CMakeFiles/Car_Project.dir/BSP/Src/bsp_gpio_sensor.c.obj
                0x080060d0                BspGpioSensor_Init
 *fill*         0x080060de        0x2 
 .text.BspGpioSensor_ReadTrack
                0x080060e0       0xcc CMakeFiles/Car_Project.dir/BSP/Src/bsp_gpio_sensor.c.obj
                0x080060e0                BspGpioSensor_ReadTrack
 .text.BspGpioSensor_TrigSet
                0x080061ac       0x24 CMakeFiles/Car_Project.dir/BSP/Src/bsp_gpio_sensor.c.obj
                0x080061ac                BspGpioSensor_TrigSet
 .text.read_key_raw
                0x080061d0       0x54 CMakeFiles/Car_Project.dir/BSP/Src/bsp_key.c.obj
 .text.get_key  0x08006224       0x34 CMakeFiles/Car_Project.dir/BSP/Src/bsp_key.c.obj
 .text.BspKey_Init
                0x08006258       0x84 CMakeFiles/Car_Project.dir/BSP/Src/bsp_key.c.obj
                0x08006258                BspKey_Init
 .text.BspKey_Task10ms
                0x080062dc       0xe8 CMakeFiles/Car_Project.dir/BSP/Src/bsp_key.c.obj
                0x080062dc                BspKey_Task10ms
 .text.BspKey_TakeClickedEvent
                0x080063c4       0x48 CMakeFiles/Car_Project.dir/BSP/Src/bsp_key.c.obj
                0x080063c4                BspKey_TakeClickedEvent
 .text.led_level
                0x0800640c       0x2c CMakeFiles/Car_Project.dir/BSP/Src/bsp_led.c.obj
 .text.BspLed_Init
                0x08006438       0x54 CMakeFiles/Car_Project.dir/BSP/Src/bsp_led.c.obj
                0x08006438                BspLed_Init
 .text.BspLed_Set
                0x0800648c       0x54 CMakeFiles/Car_Project.dir/BSP/Src/bsp_led.c.obj
                0x0800648c                BspLed_Set
 .text.id_from_huart
                0x080064e0       0x38 CMakeFiles/Car_Project.dir/BSP/Src/bsp_uart.c.obj
 .text.HAL_UART_TxCpltCallback
                0x08006518       0x4c CMakeFiles/Car_Project.dir/BSP/Src/bsp_uart.c.obj
                0x08006518                HAL_UART_TxCpltCallback
 .text.dwt_init
                0x08006564       0x50 CMakeFiles/Car_Project.dir/Modules/Src/ultrasonic.c.obj
 .text.micros   0x080065b4       0x40 CMakeFiles/Car_Project.dir/Modules/Src/ultrasonic.c.obj
 .text.delay_us
                0x080065f4       0x9c CMakeFiles/Car_Project.dir/Modules/Src/ultrasonic.c.obj
 .text.wait_echo_state
                0x08006690       0x88 CMakeFiles/Car_Project.dir/Modules/Src/ultrasonic.c.obj
 .text.measure_once
                0x08006718       0x94 CMakeFiles/Car_Project.dir/Modules/Src/ultrasonic.c.obj
 .text.Ultrasonic_Init
                0x080067ac       0x80 CMakeFiles/Car_Project.dir/Modules/Src/ultrasonic.c.obj
                0x080067ac                Ultrasonic_Init
 .text.Ultrasonic_OnEchoEdge
                0x0800682c       0x64 CMakeFiles/Car_Project.dir/Modules/Src/ultrasonic.c.obj
                0x0800682c                Ultrasonic_OnEchoEdge
 .text.Ultrasonic_Task10ms
                0x08006890       0x98 CMakeFiles/Car_Project.dir/Modules/Src/ultrasonic.c.obj
                0x08006890                Ultrasonic_Task10ms
 .text.Ultrasonic_GetSample
                0x08006928       0x24 CMakeFiles/Car_Project.dir/Modules/Src/ultrasonic.c.obj
                0x08006928                Ultrasonic_GetSample
 .text.HAL_GPIO_EXTI_Callback
                0x0800694c       0x1e CMakeFiles/Car_Project.dir/Modules/Src/ultrasonic.c.obj
                0x0800694c                HAL_GPIO_EXTI_Callback
 .text.memset   0x0800696a       0x10 /opt/ST/STM32CubeCLT_1.21.0/GNU-tools-for-STM32/bin/../lib/gcc/arm-none-eabi/14.3.1/../../../../arm-none-eabi/lib/thumb/v7e-m+fp/hard/libg_nano.a(libc_a-memset.o)
                0x0800696a                memset
 *fill*         0x0800697a        0x2 
 .text.__libc_init_array
                0x0800697c       0x48 /opt/ST/STM32CubeCLT_1.21.0/GNU-tools-for-STM32/bin/../lib/gcc/arm-none-eabi/14.3.1/../../../../arm-none-eabi/lib/thumb/v7e-m+fp/hard/libg_nano.a(libc_a-init.o)
                0x0800697c                __libc_init_array
 *(.glue_7)
 .glue_7        0x080069c4        0x0 linker stubs
 *(.glue_7t)
 .glue_7t       0x080069c4        0x0 linker stubs
 *(.eh_frame)
 .eh_frame      0x080069c4        0x0 /opt/ST/STM32CubeCLT_1.21.0/GNU-tools-for-STM32/bin/../lib/gcc/arm-none-eabi/14.3.1/thumb/v7e-m+fp/hard/crtbegin.o
 *(.init)
 .init          0x080069c4        0x4 /opt/ST/STM32CubeCLT_1.21.0/GNU-tools-for-STM32/bin/../lib/gcc/arm-none-eabi/14.3.1/thumb/v7e-m+fp/hard/crti.o
                0x080069c4                _init
 .init          0x080069c8        0x8 /opt/ST/STM32CubeCLT_1.21.0/GNU-tools-for-STM32/bin/../lib/gcc/arm-none-eabi/14.3.1/thumb/v7e-m+fp/hard/crtn.o
 *(.fini)
 .fini          0x080069d0        0x4 /opt/ST/STM32CubeCLT_1.21.0/GNU-tools-for-STM32/bin/../lib/gcc/arm-none-eabi/14.3.1/thumb/v7e-m+fp/hard/crti.o
                0x080069d0                _fini
 .fini          0x080069d4        0x8 /opt/ST/STM32CubeCLT_1.21.0/GNU-tools-for-STM32/bin/../lib/gcc/arm-none-eabi/14.3.1/thumb/v7e-m+fp/hard/crtn.o
                0x080069dc                        . = ALIGN (0x4)
                0x080069dc                        _etext = .

.vfp11_veneer   0x080069dc        0x0
 .vfp11_veneer  0x080069dc        0x0 linker stubs

.v4_bx          0x080069dc        0x0
 .v4_bx         0x080069dc        0x0 linker stubs

.iplt           0x080069dc        0x0
 .iplt          0x080069dc        0x0 /opt/ST/STM32CubeCLT_1.21.0/GNU-tools-for-STM32/bin/../lib/gcc/arm-none-eabi/14.3.1/thumb/v7e-m+fp/hard/crtbegin.o

.rodata         0x080069dc       0x80
                0x080069dc                        . = ALIGN (0x4)
 *(.rodata)
 *(.rodata*)
 .rodata.AHBPrescTable
                0x080069dc       0x10 cmake/stm32cubemx/CMakeFiles/STM32_Drivers.dir/__/__/Core/Src/system_stm32g4xx.c.obj
                0x080069dc                AHBPrescTable
 .rodata.APBPrescTable
                0x080069ec        0x8 cmake/stm32cubemx/CMakeFiles/STM32_Drivers.dir/__/__/Core/Src/system_stm32g4xx.c.obj
                0x080069ec                APBPrescTable
 .rodata.UARTPrescTable
                0x080069f4       0x18 cmake/stm32cubemx/CMakeFiles/STM32_Drivers.dir/__/__/Drivers/STM32G4xx_HAL_Driver/Src/stm32g4xx_hal_uart.c.obj
                0x080069f4                UARTPrescTable
 .rodata.numerator.1
                0x08006a0c        0x8 cmake/stm32cubemx/CMakeFiles/STM32_Drivers.dir/__/__/Drivers/STM32G4xx_HAL_Driver/Src/stm32g4xx_hal_uart_ex.c.obj
 .rodata.denominator.0
                0x08006a14        0x8 cmake/stm32cubemx/CMakeFiles/STM32_Drivers.dir/__/__/Drivers/STM32G4xx_HAL_Driver/Src/stm32g4xx_hal_uart_ex.c.obj
 .rodata.s_patterns
                0x08006a1c       0x1e CMakeFiles/Car_Project.dir/BSP/Src/bsp_buzzer.c.obj
 *fill*         0x08006a3a        0x2 
 .rodata.s_led_cfg
                0x08006a3c       0x20 CMakeFiles/Car_Project.dir/BSP/Src/bsp_led.c.obj
                0x08006a5c                        . = ALIGN (0x4)

.ARM.extab      0x08006a5c        0x0
                0x08006a5c                        . = ALIGN (0x4)
 *(.ARM.extab* .gnu.linkonce.armextab.*)
                0x08006a5c                        . = ALIGN (0x4)

.ARM            0x08006a5c        0x8
                0x08006a5c                        . = ALIGN (0x4)
                0x08006a5c                        __exidx_start = .
 *(.ARM.exidx*)
 .ARM.exidx     0x08006a5c        0x8 /opt/ST/STM32CubeCLT_1.21.0/GNU-tools-for-STM32/bin/../lib/gcc/arm-none-eabi/14.3.1/thumb/v7e-m+fp/hard/libgcc.a(_udivmoddi4.o)
                0x08006a64                        __exidx_end = .
                0x08006a64                        . = ALIGN (0x4)

.preinit_array  0x08006a64        0x0
                0x08006a64                        . = ALIGN (0x4)
                0x08006a64                        PROVIDE (__preinit_array_start = .)
 *(.preinit_array*)
                0x08006a64                        PROVIDE (__preinit_array_end = .)
                0x08006a64                        . = ALIGN (0x4)

.init_array     0x08006a64        0x4
                0x08006a64                        . = ALIGN (0x4)
                0x08006a64                        PROVIDE (__init_array_start = .)
 *(SORT_BY_NAME(.init_array.*))
 *(.init_array*)
 .init_array    0x08006a64        0x4 /opt/ST/STM32CubeCLT_1.21.0/GNU-tools-for-STM32/bin/../lib/gcc/arm-none-eabi/14.3.1/thumb/v7e-m+fp/hard/crtbegin.o
                0x08006a68                        PROVIDE (__init_array_end = .)
                0x08006a68                        . = ALIGN (0x4)

.fini_array     0x08006a68        0x4
                0x08006a68                        . = ALIGN (0x4)
                [!provide]                        PROVIDE (__fini_array_start = .)
 *(SORT_BY_NAME(.fini_array.*))
 *(.fini_array*)
 .fini_array    0x08006a68        0x4 /opt/ST/STM32CubeCLT_1.21.0/GNU-tools-for-STM32/bin/../lib/gcc/arm-none-eabi/14.3.1/thumb/v7e-m+fp/hard/crtbegin.o
                [!provide]                        PROVIDE (__fini_array_end = .)
                0x08006a6c                        . = ALIGN (0x4)
                0x08006a6c                        _sidata = LOADADDR (.data)

.rel.dyn        0x08006a6c        0x0
 .rel.iplt      0x08006a6c        0x0 /opt/ST/STM32CubeCLT_1.21.0/GNU-tools-for-STM32/bin/../lib/gcc/arm-none-eabi/14.3.1/thumb/v7e-m+fp/hard/crtbegin.o

.data           0x20000000       0x6c load address 0x08006a6c
                0x20000000                        . = ALIGN (0x4)
                0x20000000                        _sdata = .
 *(.data)
 *(.data*)
 .data.SystemCoreClock
                0x20000000        0x4 cmake/stm32cubemx/CMakeFiles/STM32_Drivers.dir/__/__/Core/Src/system_stm32g4xx.c.obj
                0x20000000                SystemCoreClock
 .data.uwTickPrio
                0x20000004        0x4 cmake/stm32cubemx/CMakeFiles/STM32_Drivers.dir/__/__/Drivers/STM32G4xx_HAL_Driver/Src/stm32g4xx_hal.c.obj
                0x20000004                uwTickPrio
 .data.uwTickFreq
                0x20000008        0x4 cmake/stm32cubemx/CMakeFiles/STM32_Drivers.dir/__/__/Drivers/STM32G4xx_HAL_Driver/Src/stm32g4xx_hal.c.obj
                0x20000008                uwTickFreq
 .data.s_keys   0x2000000c       0x60 CMakeFiles/Car_Project.dir/BSP/Src/bsp_key.c.obj
 *(.RamFunc)
 *(.RamFunc*)
                0x2000006c                        . = ALIGN (0x4)

.igot.plt       0x2000006c        0x0 load address 0x08006ad8
 .igot.plt      0x2000006c        0x0 /opt/ST/STM32CubeCLT_1.21.0/GNU-tools-for-STM32/bin/../lib/gcc/arm-none-eabi/14.3.1/thumb/v7e-m+fp/hard/crtbegin.o

.tdata          0x2000006c        0x0 load address 0x08006ad8
 *(.tdata .tdata.* .gnu.linkonce.td.*)
                0x2000006c                        . = ALIGN (0x4)
                0x2000006c                        _edata = .
                [!provide]                        PROVIDE (__data_end = .)
                [!provide]                        PROVIDE (__tdata_end = .)
                [!provide]                        PROVIDE (__tdata_start = ADDR (.tdata))
                [!provide]                        PROVIDE (__tdata_size = (__tdata_end - __tdata_start))
                [!provide]                        PROVIDE (__data_start = ADDR (.data))
                [!provide]                        PROVIDE (__data_size = (__data_end - __data_start))
                [!provide]                        PROVIDE (__tdata_source = LOADADDR (.tdata))
                [!provide]                        PROVIDE (__tdata_source_end = (LOADADDR (.tdata) + SIZEOF (.tdata)))
                [!provide]                        PROVIDE (__tdata_source_size = (__tdata_source_end - __tdata_source))
                [!provide]                        PROVIDE (__data_source = LOADADDR (.data))
                [!provide]                        PROVIDE (__data_source_end = __tdata_source_end)
                [!provide]                        PROVIDE (__data_source_size = (__data_source_end - __data_source))

.tbss           0x2000006c        0x0 load address 0x08006ad8
                0x2000006c                        _sbss = .
                0x2000006c                        __bss_start__ = _sbss
 *(.tbss .tbss.*)
                0x2000006c                        . = ALIGN (0x4)
                [!provide]                        PROVIDE (__tbss_end = .)
                [!provide]                        PROVIDE (__tbss_start = ADDR (.tbss))
                [!provide]                        PROVIDE (__tbss_size = (__tbss_end - __tbss_start))
                [!provide]                        PROVIDE (__tbss_offset = (ADDR (.tbss) - ADDR (.tdata)))
                [!provide]                        PROVIDE (__tls_base = __tdata_start)
                [!provide]                        PROVIDE (__tls_end = __tbss_end)
                [!provide]                        PROVIDE (__tls_size = (__tls_end - __tls_base))
                [!provide]                        PROVIDE (__tls_align = MAX (ALIGNOF (.tdata), ALIGNOF (.tbss)))
                [!provide]                        PROVIDE (__tls_size_align = (((__tls_size + __tls_align) - 0x1) & ~ ((__tls_align - 0x1))))
                [!provide]                        PROVIDE (__arm32_tls_tcb_offset = MAX (0x8, __tls_align))
                [!provide]                        PROVIDE (__arm64_tls_tcb_offset = MAX (0x10, __tls_align))

.bss            0x2000006c      0x810 load address 0x08006ad8
 *(.bss)
 .bss           0x2000006c       0x1c /opt/ST/STM32CubeCLT_1.21.0/GNU-tools-for-STM32/bin/../lib/gcc/arm-none-eabi/14.3.1/thumb/v7e-m+fp/hard/crtbegin.o
 *(.bss*)
 .bss.uwTick    0x20000088        0x4 cmake/stm32cubemx/CMakeFiles/STM32_Drivers.dir/__/__/Drivers/STM32G4xx_HAL_Driver/Src/stm32g4xx_hal.c.obj
                0x20000088                uwTick
 .bss.hiwdg     0x2000008c       0x10 CMakeFiles/Car_Project.dir/Core/Src/iwdg.c.obj
                0x2000008c                hiwdg
 .bss.htim1     0x2000009c       0x4c CMakeFiles/Car_Project.dir/Core/Src/tim.c.obj
                0x2000009c                htim1
 .bss.htim2     0x200000e8       0x4c CMakeFiles/Car_Project.dir/Core/Src/tim.c.obj
                0x200000e8                htim2
 .bss.htim3     0x20000134       0x4c CMakeFiles/Car_Project.dir/Core/Src/tim.c.obj
                0x20000134                htim3
 .bss.htim4     0x20000180       0x4c CMakeFiles/Car_Project.dir/Core/Src/tim.c.obj
                0x20000180                htim4
 .bss.htim6     0x200001cc       0x4c CMakeFiles/Car_Project.dir/Core/Src/tim.c.obj
                0x200001cc                htim6
 .bss.htim7     0x20000218       0x4c CMakeFiles/Car_Project.dir/Core/Src/tim.c.obj
                0x20000218                htim7
 .bss.huart2    0x20000264       0x94 CMakeFiles/Car_Project.dir/Core/Src/usart.c.obj
                0x20000264                huart2
 .bss.huart3    0x200002f8       0x94 CMakeFiles/Car_Project.dir/Core/Src/usart.c.obj
                0x200002f8                huart3
 .bss.hdma_usart2_rx
                0x2000038c       0x60 CMakeFiles/Car_Project.dir/Core/Src/usart.c.obj
                0x2000038c                hdma_usart2_rx
 .bss.hdma_usart2_tx
                0x200003ec       0x60 CMakeFiles/Car_Project.dir/Core/Src/usart.c.obj
                0x200003ec                hdma_usart2_tx
 .bss.hdma_usart3_rx
                0x2000044c       0x60 CMakeFiles/Car_Project.dir/Core/Src/usart.c.obj
                0x2000044c                hdma_usart3_rx
 .bss.hdma_usart3_tx
                0x200004ac       0x60 CMakeFiles/Car_Project.dir/Core/Src/usart.c.obj
                0x200004ac                hdma_usart3_tx
 .bss.last.1    0x2000050c        0x4 CMakeFiles/Car_Project.dir/App/Src/app_test.c.obj
 .bss.done.0    0x20000510        0x1 CMakeFiles/Car_Project.dir/App/Src/app_test.c.obj
 *fill*         0x20000511        0x3 
 .bss.s_active_pat
                0x20000514        0x6 CMakeFiles/Car_Project.dir/BSP/Src/bsp_buzzer.c.obj
 *fill*         0x2000051a        0x2 
 .bss.s_next_change_ms
                0x2000051c        0x4 CMakeFiles/Car_Project.dir/BSP/Src/bsp_buzzer.c.obj
 .bss.s_frequency_hz
                0x20000520        0x2 CMakeFiles/Car_Project.dir/BSP/Src/bsp_buzzer.c.obj
 .bss.s_remaining
                0x20000522        0x1 CMakeFiles/Car_Project.dir/BSP/Src/bsp_buzzer.c.obj
 .bss.s_active  0x20000523        0x1 CMakeFiles/Car_Project.dir/BSP/Src/bsp_buzzer.c.obj
 .bss.s_gpio_high
                0x20000524        0x1 CMakeFiles/Car_Project.dir/BSP/Src/bsp_buzzer.c.obj
 .bss.s_envelope_on
                0x20000525        0x1 CMakeFiles/Car_Project.dir/BSP/Src/bsp_buzzer.c.obj
 *fill*         0x20000526        0x2 
 .bss.s_ctx     0x20000528      0x330 CMakeFiles/Car_Project.dir/BSP/Src/bsp_uart.c.obj
 .bss.s_echo_start_us
                0x20000858        0x4 CMakeFiles/Car_Project.dir/Modules/Src/ultrasonic.c.obj
 .bss.s_echo_width_us
                0x2000085c        0x4 CMakeFiles/Car_Project.dir/Modules/Src/ultrasonic.c.obj
 .bss.s_echo_done
                0x20000860        0x1 CMakeFiles/Car_Project.dir/Modules/Src/ultrasonic.c.obj
 .bss.s_waiting_echo
                0x20000861        0x1 CMakeFiles/Car_Project.dir/Modules/Src/ultrasonic.c.obj
 .bss.s_dwt_ready
                0x20000862        0x1 CMakeFiles/Car_Project.dir/Modules/Src/ultrasonic.c.obj
 *fill*         0x20000863        0x1 
 .bss.s_triggered_us
                0x20000864        0x4 CMakeFiles/Car_Project.dir/Modules/Src/ultrasonic.c.obj
 .bss.s_last_trigger_ms
                0x20000868        0x4 CMakeFiles/Car_Project.dir/Modules/Src/ultrasonic.c.obj
 .bss.s_sample  0x2000086c       0x10 CMakeFiles/Car_Project.dir/Modules/Src/ultrasonic.c.obj
 *(COMMON)
                0x2000087c                        . = ALIGN (0x4)
                0x2000087c                        _ebss = .
                0x2000087c                        __bss_end__ = _ebss
                [!provide]                        PROVIDE (__bss_end = .)
                [!provide]                        PROVIDE (__non_tls_bss_start = ADDR (.bss))
                [!provide]                        PROVIDE (__bss_start = __tbss_start)
                [!provide]                        PROVIDE (__bss_size = (__bss_end - __bss_start))

._user_heap_stack
                0x2000087c      0x604 load address 0x08006ad8
                0x20000880                        . = ALIGN (0x8)
 *fill*         0x2000087c        0x4 
                [!provide]                        PROVIDE (end = .)
                0x20000880                        PROVIDE (_end = .)
                0x20000a80                        . = (. + _Min_Heap_Size)
 *fill*         0x20000880      0x200 
                0x20000e80                        . = (. + _Min_Stack_Size)
 *fill*         0x20000a80      0x400 
                0x20000e80                        . = ALIGN (0x8)

/DISCARD/
 libc.a:*(*)
 libm.a:*(*)
 libgcc.a:*(*)
OUTPUT(Car_Project.elf elf32-littlearm)
LOAD linker stubs

.ARM.attributes
                0x00000000       0x30
 .ARM.attributes
                0x00000000       0x22 /opt/ST/STM32CubeCLT_1.21.0/GNU-tools-for-STM32/bin/../lib/gcc/arm-none-eabi/14.3.1/thumb/v7e-m+fp/hard/crti.o
 .ARM.attributes
                0x00000022       0x34 /opt/ST/STM32CubeCLT_1.21.0/GNU-tools-for-STM32/bin/../lib/gcc/arm-none-eabi/14.3.1/thumb/v7e-m+fp/hard/crtbegin.o
 .ARM.attributes
                0x00000056       0x34 cmake/stm32cubemx/CMakeFiles/STM32_Drivers.dir/__/__/Core/Src/system_stm32g4xx.c.obj
 .ARM.attributes
                0x0000008a       0x34 cmake/stm32cubemx/CMakeFiles/STM32_Drivers.dir/__/__/Drivers/STM32G4xx_HAL_Driver/Src/stm32g4xx_hal_iwdg.c.obj
 .ARM.attributes
                0x000000be       0x34 cmake/stm32cubemx/CMakeFiles/STM32_Drivers.dir/__/__/Drivers/STM32G4xx_HAL_Driver/Src/stm32g4xx_hal.c.obj
 .ARM.attributes
                0x000000f2       0x34 cmake/stm32cubemx/CMakeFiles/STM32_Drivers.dir/__/__/Drivers/STM32G4xx_HAL_Driver/Src/stm32g4xx_hal_rcc.c.obj
 .ARM.attributes
                0x00000126       0x34 cmake/stm32cubemx/CMakeFiles/STM32_Drivers.dir/__/__/Drivers/STM32G4xx_HAL_Driver/Src/stm32g4xx_hal_rcc_ex.c.obj
 .ARM.attributes
                0x0000015a       0x34 cmake/stm32cubemx/CMakeFiles/STM32_Drivers.dir/__/__/Drivers/STM32G4xx_HAL_Driver/Src/stm32g4xx_hal_gpio.c.obj
 .ARM.attributes
                0x0000018e       0x34 cmake/stm32cubemx/CMakeFiles/STM32_Drivers.dir/__/__/Drivers/STM32G4xx_HAL_Driver/Src/stm32g4xx_hal_dma.c.obj
 .ARM.attributes
                0x000001c2       0x34 cmake/stm32cubemx/CMakeFiles/STM32_Drivers.dir/__/__/Drivers/STM32G4xx_HAL_Driver/Src/stm32g4xx_hal_pwr_ex.c.obj
 .ARM.attributes
                0x000001f6       0x34 cmake/stm32cubemx/CMakeFiles/STM32_Drivers.dir/__/__/Drivers/STM32G4xx_HAL_Driver/Src/stm32g4xx_hal_cortex.c.obj
 .ARM.attributes
                0x0000022a       0x34 cmake/stm32cubemx/CMakeFiles/STM32_Drivers.dir/__/__/Drivers/STM32G4xx_HAL_Driver/Src/stm32g4xx_hal_tim.c.obj
 .ARM.attributes
                0x0000025e       0x34 cmake/stm32cubemx/CMakeFiles/STM32_Drivers.dir/__/__/Drivers/STM32G4xx_HAL_Driver/Src/stm32g4xx_hal_tim_ex.c.obj
 .ARM.attributes
                0x00000292       0x34 cmake/stm32cubemx/CMakeFiles/STM32_Drivers.dir/__/__/Drivers/STM32G4xx_HAL_Driver/Src/stm32g4xx_hal_uart.c.obj
 .ARM.attributes
                0x000002c6       0x34 cmake/stm32cubemx/CMakeFiles/STM32_Drivers.dir/__/__/Drivers/STM32G4xx_HAL_Driver/Src/stm32g4xx_hal_uart_ex.c.obj
 .ARM.attributes
                0x000002fa       0x34 CMakeFiles/Car_Project.dir/Core/Src/main.c.obj
 .ARM.attributes
                0x0000032e       0x34 CMakeFiles/Car_Project.dir/Core/Src/gpio.c.obj
 .ARM.attributes
                0x00000362       0x34 CMakeFiles/Car_Project.dir/Core/Src/dma.c.obj
 .ARM.attributes
                0x00000396       0x34 CMakeFiles/Car_Project.dir/Core/Src/iwdg.c.obj
 .ARM.attributes
                0x000003ca       0x34 CMakeFiles/Car_Project.dir/Core/Src/tim.c.obj
 .ARM.attributes
                0x000003fe       0x34 CMakeFiles/Car_Project.dir/Core/Src/usart.c.obj
 .ARM.attributes
                0x00000432       0x34 CMakeFiles/Car_Project.dir/Core/Src/stm32g4xx_it.c.obj
 .ARM.attributes
                0x00000466       0x34 CMakeFiles/Car_Project.dir/Core/Src/stm32g4xx_hal_msp.c.obj
 .ARM.attributes
                0x0000049a       0x21 CMakeFiles/Car_Project.dir/startup_stm32g431xx.s.obj
 .ARM.attributes
                0x000004bb       0x34 CMakeFiles/Car_Project.dir/App/Src/app_main.c.obj
 .ARM.attributes
                0x000004ef       0x34 CMakeFiles/Car_Project.dir/App/Src/app_test.c.obj
 .ARM.attributes
                0x00000523       0x34 CMakeFiles/Car_Project.dir/BSP/Src/bsp_buzzer.c.obj
 .ARM.attributes
                0x00000557       0x34 CMakeFiles/Car_Project.dir/BSP/Src/bsp_gpio_sensor.c.obj
 .ARM.attributes
                0x0000058b       0x34 CMakeFiles/Car_Project.dir/BSP/Src/bsp_key.c.obj
 .ARM.attributes
                0x000005bf       0x34 CMakeFiles/Car_Project.dir/BSP/Src/bsp_led.c.obj
 .ARM.attributes
                0x000005f3       0x34 CMakeFiles/Car_Project.dir/BSP/Src/bsp_uart.c.obj
 .ARM.attributes
                0x00000627       0x34 CMakeFiles/Car_Project.dir/Modules/Src/ultrasonic.c.obj
 .ARM.attributes
                0x0000065b       0x22 /opt/ST/STM32CubeCLT_1.21.0/GNU-tools-for-STM32/bin/../lib/gcc/arm-none-eabi/14.3.1/thumb/v7e-m+fp/hard/libgcc.a(_aeabi_uldivmod.o)
 .ARM.attributes
                0x0000067d       0x34 /opt/ST/STM32CubeCLT_1.21.0/GNU-tools-for-STM32/bin/../lib/gcc/arm-none-eabi/14.3.1/thumb/v7e-m+fp/hard/libgcc.a(_udivmoddi4.o)
 .ARM.attributes
                0x000006b1       0x22 /opt/ST/STM32CubeCLT_1.21.0/GNU-tools-for-STM32/bin/../lib/gcc/arm-none-eabi/14.3.1/thumb/v7e-m+fp/hard/libgcc.a(_dvmd_tls.o)
 .ARM.attributes
                0x000006d3       0x34 /opt/ST/STM32CubeCLT_1.21.0/GNU-tools-for-STM32/bin/../lib/gcc/arm-none-eabi/14.3.1/../../../../arm-none-eabi/lib/thumb/v7e-m+fp/hard/libg_nano.a(libc_a-memset.o)
 .ARM.attributes
                0x00000707       0x34 /opt/ST/STM32CubeCLT_1.21.0/GNU-tools-for-STM32/bin/../lib/gcc/arm-none-eabi/14.3.1/../../../../arm-none-eabi/lib/thumb/v7e-m+fp/hard/libg_nano.a(libc_a-init.o)
 .ARM.attributes
                0x0000073b       0x22 /opt/ST/STM32CubeCLT_1.21.0/GNU-tools-for-STM32/bin/../lib/gcc/arm-none-eabi/14.3.1/thumb/v7e-m+fp/hard/crtn.o

.comment        0x00000000       0x43
 .comment       0x00000000       0x43 cmake/stm32cubemx/CMakeFiles/STM32_Drivers.dir/__/__/Core/Src/system_stm32g4xx.c.obj
                                 0x44 (size before relaxing)
 .comment       0x00000043       0x44 cmake/stm32cubemx/CMakeFiles/STM32_Drivers.dir/__/__/Drivers/STM32G4xx_HAL_Driver/Src/stm32g4xx_hal_iwdg.c.obj
 .comment       0x00000043       0x44 cmake/stm32cubemx/CMakeFiles/STM32_Drivers.dir/__/__/Drivers/STM32G4xx_HAL_Driver/Src/stm32g4xx_hal.c.obj
 .comment       0x00000043       0x44 cmake/stm32cubemx/CMakeFiles/STM32_Drivers.dir/__/__/Drivers/STM32G4xx_HAL_Driver/Src/stm32g4xx_hal_rcc.c.obj
 .comment       0x00000043       0x44 cmake/stm32cubemx/CMakeFiles/STM32_Drivers.dir/__/__/Drivers/STM32G4xx_HAL_Driver/Src/stm32g4xx_hal_rcc_ex.c.obj
 .comment       0x00000043       0x44 cmake/stm32cubemx/CMakeFiles/STM32_Drivers.dir/__/__/Drivers/STM32G4xx_HAL_Driver/Src/stm32g4xx_hal_gpio.c.obj
 .comment       0x00000043       0x44 cmake/stm32cubemx/CMakeFiles/STM32_Drivers.dir/__/__/Drivers/STM32G4xx_HAL_Driver/Src/stm32g4xx_hal_dma.c.obj
 .comment       0x00000043       0x44 cmake/stm32cubemx/CMakeFiles/STM32_Drivers.dir/__/__/Drivers/STM32G4xx_HAL_Driver/Src/stm32g4xx_hal_pwr_ex.c.obj
 .comment       0x00000043       0x44 cmake/stm32cubemx/CMakeFiles/STM32_Drivers.dir/__/__/Drivers/STM32G4xx_HAL_Driver/Src/stm32g4xx_hal_cortex.c.obj
 .comment       0x00000043       0x44 cmake/stm32cubemx/CMakeFiles/STM32_Drivers.dir/__/__/Drivers/STM32G4xx_HAL_Driver/Src/stm32g4xx_hal_tim.c.obj
 .comment       0x00000043       0x44 cmake/stm32cubemx/CMakeFiles/STM32_Drivers.dir/__/__/Drivers/STM32G4xx_HAL_Driver/Src/stm32g4xx_hal_tim_ex.c.obj
 .comment       0x00000043       0x44 cmake/stm32cubemx/CMakeFiles/STM32_Drivers.dir/__/__/Drivers/STM32G4xx_HAL_Driver/Src/stm32g4xx_hal_uart.c.obj
 .comment       0x00000043       0x44 cmake/stm32cubemx/CMakeFiles/STM32_Drivers.dir/__/__/Drivers/STM32G4xx_HAL_Driver/Src/stm32g4xx_hal_uart_ex.c.obj
 .comment       0x00000043       0x44 CMakeFiles/Car_Project.dir/Core/Src/main.c.obj
 .comment       0x00000043       0x44 CMakeFiles/Car_Project.dir/Core/Src/gpio.c.obj
 .comment       0x00000043       0x44 CMakeFiles/Car_Project.dir/Core/Src/dma.c.obj
 .comment       0x00000043       0x44 CMakeFiles/Car_Project.dir/Core/Src/iwdg.c.obj
 .comment       0x00000043       0x44 CMakeFiles/Car_Project.dir/Core/Src/tim.c.obj
 .comment       0x00000043       0x44 CMakeFiles/Car_Project.dir/Core/Src/usart.c.obj
 .comment       0x00000043       0x44 CMakeFiles/Car_Project.dir/Core/Src/stm32g4xx_it.c.obj
 .comment       0x00000043       0x44 CMakeFiles/Car_Project.dir/Core/Src/stm32g4xx_hal_msp.c.obj
 .comment       0x00000043       0x44 CMakeFiles/Car_Project.dir/App/Src/app_main.c.obj
 .comment       0x00000043       0x44 CMakeFiles/Car_Project.dir/App/Src/app_test.c.obj
 .comment       0x00000043       0x44 CMakeFiles/Car_Project.dir/BSP/Src/bsp_buzzer.c.obj
 .comment       0x00000043       0x44 CMakeFiles/Car_Project.dir/BSP/Src/bsp_gpio_sensor.c.obj
 .comment       0x00000043       0x44 CMakeFiles/Car_Project.dir/BSP/Src/bsp_key.c.obj
 .comment       0x00000043       0x44 CMakeFiles/Car_Project.dir/BSP/Src/bsp_led.c.obj
 .comment       0x00000043       0x44 CMakeFiles/Car_Project.dir/BSP/Src/bsp_uart.c.obj
 .comment       0x00000043       0x44 CMakeFiles/Car_Project.dir/Modules/Src/ultrasonic.c.obj
 .comment       0x00000043       0x44 /opt/ST/STM32CubeCLT_1.21.0/GNU-tools-for-STM32/bin/../lib/gcc/arm-none-eabi/14.3.1/../../../../arm-none-eabi/lib/thumb/v7e-m+fp/hard/libg_nano.a(libc_a-memset.o)
 .comment       0x00000043       0x44 /opt/ST/STM32CubeCLT_1.21.0/GNU-tools-for-STM32/bin/../lib/gcc/arm-none-eabi/14.3.1/../../../../arm-none-eabi/lib/thumb/v7e-m+fp/hard/libg_nano.a(libc_a-init.o)

.debug_info     0x00000000    0x16ab5
 .debug_info    0x00000000      0x58e cmake/stm32cubemx/CMakeFiles/STM32_Drivers.dir/__/__/Core/Src/system_stm32g4xx.c.obj
 .debug_info    0x0000058e      0x1f7 cmake/stm32cubemx/CMakeFiles/STM32_Drivers.dir/__/__/Drivers/STM32G4xx_HAL_Driver/Src/stm32g4xx_hal_iwdg.c.obj
 .debug_info    0x00000785      0xadb cmake/stm32cubemx/CMakeFiles/STM32_Drivers.dir/__/__/Drivers/STM32G4xx_HAL_Driver/Src/stm32g4xx_hal.c.obj
 .debug_info    0x00001260      0xb9b cmake/stm32cubemx/CMakeFiles/STM32_Drivers.dir/__/__/Drivers/STM32G4xx_HAL_Driver/Src/stm32g4xx_hal_rcc.c.obj
 .debug_info    0x00001dfb      0xc2d cmake/stm32cubemx/CMakeFiles/STM32_Drivers.dir/__/__/Drivers/STM32G4xx_HAL_Driver/Src/stm32g4xx_hal_rcc_ex.c.obj
 .debug_info    0x00002a28      0x772 cmake/stm32cubemx/CMakeFiles/STM32_Drivers.dir/__/__/Drivers/STM32G4xx_HAL_Driver/Src/stm32g4xx_hal_gpio.c.obj
 .debug_info    0x0000319a      0x85f cmake/stm32cubemx/CMakeFiles/STM32_Drivers.dir/__/__/Drivers/STM32G4xx_HAL_Driver/Src/stm32g4xx_hal_dma.c.obj
 .debug_info    0x000039f9      0x944 cmake/stm32cubemx/CMakeFiles/STM32_Drivers.dir/__/__/Drivers/STM32G4xx_HAL_Driver/Src/stm32g4xx_hal_pwr_ex.c.obj
 .debug_info    0x0000433d      0xd3f cmake/stm32cubemx/CMakeFiles/STM32_Drivers.dir/__/__/Drivers/STM32G4xx_HAL_Driver/Src/stm32g4xx_hal_cortex.c.obj
 .debug_info    0x0000507c     0x2c52 cmake/stm32cubemx/CMakeFiles/STM32_Drivers.dir/__/__/Drivers/STM32G4xx_HAL_Driver/Src/stm32g4xx_hal_tim.c.obj
 .debug_info    0x00007cce     0x1d95 cmake/stm32cubemx/CMakeFiles/STM32_Drivers.dir/__/__/Drivers/STM32G4xx_HAL_Driver/Src/stm32g4xx_hal_tim_ex.c.obj
 .debug_info    0x00009a63     0x4854 cmake/stm32cubemx/CMakeFiles/STM32_Drivers.dir/__/__/Drivers/STM32G4xx_HAL_Driver/Src/stm32g4xx_hal_uart.c.obj
 .debug_info    0x0000e2b7      0xfdc cmake/stm32cubemx/CMakeFiles/STM32_Drivers.dir/__/__/Drivers/STM32G4xx_HAL_Driver/Src/stm32g4xx_hal_uart_ex.c.obj
 .debug_info    0x0000f293      0x318 CMakeFiles/Car_Project.dir/Core/Src/main.c.obj
 .debug_info    0x0000f5ab      0x484 CMakeFiles/Car_Project.dir/Core/Src/gpio.c.obj
 .debug_info    0x0000fa2f      0x4f2 CMakeFiles/Car_Project.dir/Core/Src/dma.c.obj
 .debug_info    0x0000ff21      0x1d3 CMakeFiles/Car_Project.dir/Core/Src/iwdg.c.obj
 .debug_info    0x000100f4     0x14dc CMakeFiles/Car_Project.dir/Core/Src/tim.c.obj
 .debug_info    0x000115d0     0x1083 CMakeFiles/Car_Project.dir/Core/Src/usart.c.obj
 .debug_info    0x00012653      0xd41 CMakeFiles/Car_Project.dir/Core/Src/stm32g4xx_it.c.obj
 .debug_info    0x00013394      0x2da CMakeFiles/Car_Project.dir/Core/Src/stm32g4xx_hal_msp.c.obj
 .debug_info    0x0001366e       0x30 CMakeFiles/Car_Project.dir/startup_stm32g431xx.s.obj
 .debug_info    0x0001369e      0x1e5 CMakeFiles/Car_Project.dir/App/Src/app_main.c.obj
 .debug_info    0x00013883      0x323 CMakeFiles/Car_Project.dir/App/Src/app_test.c.obj
 .debug_info    0x00013ba6      0xc1b CMakeFiles/Car_Project.dir/BSP/Src/bsp_buzzer.c.obj
 .debug_info    0x000147c1      0x2a9 CMakeFiles/Car_Project.dir/BSP/Src/bsp_gpio_sensor.c.obj
 .debug_info    0x00014a6a      0x582 CMakeFiles/Car_Project.dir/BSP/Src/bsp_key.c.obj
 .debug_info    0x00014fec      0x335 CMakeFiles/Car_Project.dir/BSP/Src/bsp_led.c.obj
 .debug_info    0x00015321      0xce2 CMakeFiles/Car_Project.dir/BSP/Src/bsp_uart.c.obj
 .debug_info    0x00016003      0x8c7 CMakeFiles/Car_Project.dir/Modules/Src/ultrasonic.c.obj
 .debug_info    0x000168ca       0xe0 /opt/ST/STM32CubeCLT_1.21.0/GNU-tools-for-STM32/bin/../lib/gcc/arm-none-eabi/14.3.1/../../../../arm-none-eabi/lib/thumb/v7e-m+fp/hard/libg_nano.a(libc_a-memset.o)
 .debug_info    0x000169aa      0x10b /opt/ST/STM32CubeCLT_1.21.0/GNU-tools-for-STM32/bin/../lib/gcc/arm-none-eabi/14.3.1/../../../../arm-none-eabi/lib/thumb/v7e-m+fp/hard/libg_nano.a(libc_a-init.o)

.debug_abbrev   0x00000000     0x3b82
 .debug_abbrev  0x00000000      0x11a cmake/stm32cubemx/CMakeFiles/STM32_Drivers.dir/__/__/Core/Src/system_stm32g4xx.c.obj
 .debug_abbrev  0x0000011a      0x14d cmake/stm32cubemx/CMakeFiles/STM32_Drivers.dir/__/__/Drivers/STM32G4xx_HAL_Driver/Src/stm32g4xx_hal_iwdg.c.obj
 .debug_abbrev  0x00000267      0x271 cmake/stm32cubemx/CMakeFiles/STM32_Drivers.dir/__/__/Drivers/STM32G4xx_HAL_Driver/Src/stm32g4xx_hal.c.obj
 .debug_abbrev  0x000004d8      0x2c9 cmake/stm32cubemx/CMakeFiles/STM32_Drivers.dir/__/__/Drivers/STM32G4xx_HAL_Driver/Src/stm32g4xx_hal_rcc.c.obj
 .debug_abbrev  0x000007a1      0x261 cmake/stm32cubemx/CMakeFiles/STM32_Drivers.dir/__/__/Drivers/STM32G4xx_HAL_Driver/Src/stm32g4xx_hal_rcc_ex.c.obj
 .debug_abbrev  0x00000a02      0x1d2 cmake/stm32cubemx/CMakeFiles/STM32_Drivers.dir/__/__/Drivers/STM32G4xx_HAL_Driver/Src/stm32g4xx_hal_gpio.c.obj
 .debug_abbrev  0x00000bd4      0x1e2 cmake/stm32cubemx/CMakeFiles/STM32_Drivers.dir/__/__/Drivers/STM32G4xx_HAL_Driver/Src/stm32g4xx_hal_dma.c.obj
 .debug_abbrev  0x00000db6      0x22c cmake/stm32cubemx/CMakeFiles/STM32_Drivers.dir/__/__/Drivers/STM32G4xx_HAL_Driver/Src/stm32g4xx_hal_pwr_ex.c.obj
 .debug_abbrev  0x00000fe2      0x31c cmake/stm32cubemx/CMakeFiles/STM32_Drivers.dir/__/__/Drivers/STM32G4xx_HAL_Driver/Src/stm32g4xx_hal_cortex.c.obj
 .debug_abbrev  0x000012fe      0x2a7 cmake/stm32cubemx/CMakeFiles/STM32_Drivers.dir/__/__/Drivers/STM32G4xx_HAL_Driver/Src/stm32g4xx_hal_tim.c.obj
 .debug_abbrev  0x000015a5      0x2c5 cmake/stm32cubemx/CMakeFiles/STM32_Drivers.dir/__/__/Drivers/STM32G4xx_HAL_Driver/Src/stm32g4xx_hal_tim_ex.c.obj
 .debug_abbrev  0x0000186a      0x304 cmake/stm32cubemx/CMakeFiles/STM32_Drivers.dir/__/__/Drivers/STM32G4xx_HAL_Driver/Src/stm32g4xx_hal_uart.c.obj
 .debug_abbrev  0x00001b6e      0x2d2 cmake/stm32cubemx/CMakeFiles/STM32_Drivers.dir/__/__/Drivers/STM32G4xx_HAL_Driver/Src/stm32g4xx_hal_uart_ex.c.obj
 .debug_abbrev  0x00001e40      0x16b CMakeFiles/Car_Project.dir/Core/Src/main.c.obj
 .debug_abbrev  0x00001fab      0x159 CMakeFiles/Car_Project.dir/Core/Src/gpio.c.obj
 .debug_abbrev  0x00002104      0x109 CMakeFiles/Car_Project.dir/Core/Src/dma.c.obj
 .debug_abbrev  0x0000220d      0x139 CMakeFiles/Car_Project.dir/Core/Src/iwdg.c.obj
 .debug_abbrev  0x00002346      0x273 CMakeFiles/Car_Project.dir/Core/Src/tim.c.obj
 .debug_abbrev  0x000025b9      0x257 CMakeFiles/Car_Project.dir/Core/Src/usart.c.obj
 .debug_abbrev  0x00002810      0x1e5 CMakeFiles/Car_Project.dir/Core/Src/stm32g4xx_it.c.obj
 .debug_abbrev  0x000029f5       0xd9 CMakeFiles/Car_Project.dir/Core/Src/stm32g4xx_hal_msp.c.obj
 .debug_abbrev  0x00002ace       0x24 CMakeFiles/Car_Project.dir/startup_stm32g431xx.s.obj
 .debug_abbrev  0x00002af2      0x12e CMakeFiles/Car_Project.dir/App/Src/app_main.c.obj
 .debug_abbrev  0x00002c20      0x157 CMakeFiles/Car_Project.dir/App/Src/app_test.c.obj
 .debug_abbrev  0x00002d77      0x2a9 CMakeFiles/Car_Project.dir/BSP/Src/bsp_buzzer.c.obj
 .debug_abbrev  0x00003020      0x1b2 CMakeFiles/Car_Project.dir/BSP/Src/bsp_gpio_sensor.c.obj
 .debug_abbrev  0x000031d2      0x1dd CMakeFiles/Car_Project.dir/BSP/Src/bsp_key.c.obj
 .debug_abbrev  0x000033af      0x1a4 CMakeFiles/Car_Project.dir/BSP/Src/bsp_led.c.obj
 .debug_abbrev  0x00003553      0x268 CMakeFiles/Car_Project.dir/BSP/Src/bsp_uart.c.obj
 .debug_abbrev  0x000037bb      0x260 CMakeFiles/Car_Project.dir/Modules/Src/ultrasonic.c.obj
 .debug_abbrev  0x00003a1b       0x9e /opt/ST/STM32CubeCLT_1.21.0/GNU-tools-for-STM32/bin/../lib/gcc/arm-none-eabi/14.3.1/../../../../arm-none-eabi/lib/thumb/v7e-m+fp/hard/libg_nano.a(libc_a-memset.o)
 .debug_abbrev  0x00003ab9       0xc9 /opt/ST/STM32CubeCLT_1.21.0/GNU-tools-for-STM32/bin/../lib/gcc/arm-none-eabi/14.3.1/../../../../arm-none-eabi/lib/thumb/v7e-m+fp/hard/libg_nano.a(libc_a-init.o)

.debug_aranges  0x00000000     0x1440
 .debug_aranges
                0x00000000       0x28 cmake/stm32cubemx/CMakeFiles/STM32_Drivers.dir/__/__/Core/Src/system_stm32g4xx.c.obj
 .debug_aranges
                0x00000028       0x28 cmake/stm32cubemx/CMakeFiles/STM32_Drivers.dir/__/__/Drivers/STM32G4xx_HAL_Driver/Src/stm32g4xx_hal_iwdg.c.obj
 .debug_aranges
                0x00000050      0x148 cmake/stm32cubemx/CMakeFiles/STM32_Drivers.dir/__/__/Drivers/STM32G4xx_HAL_Driver/Src/stm32g4xx_hal.c.obj
 .debug_aranges
                0x00000198       0x98 cmake/stm32cubemx/CMakeFiles/STM32_Drivers.dir/__/__/Drivers/STM32G4xx_HAL_Driver/Src/stm32g4xx_hal_rcc.c.obj
 .debug_aranges
                0x00000230       0xb0 cmake/stm32cubemx/CMakeFiles/STM32_Drivers.dir/__/__/Drivers/STM32G4xx_HAL_Driver/Src/stm32g4xx_hal_rcc_ex.c.obj
 .debug_aranges
                0x000002e0       0x58 cmake/stm32cubemx/CMakeFiles/STM32_Drivers.dir/__/__/Drivers/STM32G4xx_HAL_Driver/Src/stm32g4xx_hal_gpio.c.obj
 .debug_aranges
                0x00000338       0x90 cmake/stm32cubemx/CMakeFiles/STM32_Drivers.dir/__/__/Drivers/STM32G4xx_HAL_Driver/Src/stm32g4xx_hal_dma.c.obj
 .debug_aranges
                0x000003c8      0x140 cmake/stm32cubemx/CMakeFiles/STM32_Drivers.dir/__/__/Drivers/STM32G4xx_HAL_Driver/Src/stm32g4xx_hal_pwr_ex.c.obj
 .debug_aranges
                0x00000508      0x128 cmake/stm32cubemx/CMakeFiles/STM32_Drivers.dir/__/__/Drivers/STM32G4xx_HAL_Driver/Src/stm32g4xx_hal_cortex.c.obj
 .debug_aranges
                0x00000630      0x3e0 cmake/stm32cubemx/CMakeFiles/STM32_Drivers.dir/__/__/Drivers/STM32G4xx_HAL_Driver/Src/stm32g4xx_hal_tim.c.obj
 .debug_aranges
                0x00000a10      0x240 cmake/stm32cubemx/CMakeFiles/STM32_Drivers.dir/__/__/Drivers/STM32G4xx_HAL_Driver/Src/stm32g4xx_hal_tim_ex.c.obj
 .debug_aranges
                0x00000c50      0x248 cmake/stm32cubemx/CMakeFiles/STM32_Drivers.dir/__/__/Drivers/STM32G4xx_HAL_Driver/Src/stm32g4xx_hal_uart.c.obj
 .debug_aranges
                0x00000e98       0xa8 cmake/stm32cubemx/CMakeFiles/STM32_Drivers.dir/__/__/Drivers/STM32G4xx_HAL_Driver/Src/stm32g4xx_hal_uart_ex.c.obj
 .debug_aranges
                0x00000f40       0x30 CMakeFiles/Car_Project.dir/Core/Src/main.c.obj
 .debug_aranges
                0x00000f70       0x20 CMakeFiles/Car_Project.dir/Core/Src/gpio.c.obj
 .debug_aranges
                0x00000f90       0x20 CMakeFiles/Car_Project.dir/Core/Src/dma.c.obj
 .debug_aranges
                0x00000fb0       0x20 CMakeFiles/Car_Project.dir/Core/Src/iwdg.c.obj
 .debug_aranges
                0x00000fd0       0x70 CMakeFiles/Car_Project.dir/Core/Src/tim.c.obj
 .debug_aranges
                0x00001040       0x38 CMakeFiles/Car_Project.dir/Core/Src/usart.c.obj
 .debug_aranges
                0x00001078       0xa8 CMakeFiles/Car_Project.dir/Core/Src/stm32g4xx_it.c.obj
 .debug_aranges
                0x00001120       0x20 CMakeFiles/Car_Project.dir/Core/Src/stm32g4xx_hal_msp.c.obj
 .debug_aranges
                0x00001140       0x28 CMakeFiles/Car_Project.dir/startup_stm32g431xx.s.obj
 .debug_aranges
                0x00001168       0x28 CMakeFiles/Car_Project.dir/App/Src/app_main.c.obj
 .debug_aranges
                0x00001190       0x28 CMakeFiles/Car_Project.dir/App/Src/app_test.c.obj
 .debug_aranges
                0x000011b8       0x80 CMakeFiles/Car_Project.dir/BSP/Src/bsp_buzzer.c.obj
 .debug_aranges
                0x00001238       0x38 CMakeFiles/Car_Project.dir/BSP/Src/bsp_gpio_sensor.c.obj
 .debug_aranges
                0x00001270       0x60 CMakeFiles/Car_Project.dir/BSP/Src/bsp_key.c.obj
 .debug_aranges
                0x000012d0       0x38 CMakeFiles/Car_Project.dir/BSP/Src/bsp_led.c.obj
 .debug_aranges
                0x00001308       0x80 CMakeFiles/Car_Project.dir/BSP/Src/bsp_uart.c.obj
 .debug_aranges
                0x00001388       0x78 CMakeFiles/Car_Project.dir/Modules/Src/ultrasonic.c.obj
 .debug_aranges
                0x00001400       0x20 /opt/ST/STM32CubeCLT_1.21.0/GNU-tools-for-STM32/bin/../lib/gcc/arm-none-eabi/14.3.1/../../../../arm-none-eabi/lib/thumb/v7e-m+fp/hard/libg_nano.a(libc_a-memset.o)
 .debug_aranges
                0x00001420       0x20 /opt/ST/STM32CubeCLT_1.21.0/GNU-tools-for-STM32/bin/../lib/gcc/arm-none-eabi/14.3.1/../../../../arm-none-eabi/lib/thumb/v7e-m+fp/hard/libg_nano.a(libc_a-init.o)

.debug_rnglists
                0x00000000      0xf93
 .debug_rnglists
                0x00000000       0x1a cmake/stm32cubemx/CMakeFiles/STM32_Drivers.dir/__/__/Core/Src/system_stm32g4xx.c.obj
 .debug_rnglists
                0x0000001a       0x1a cmake/stm32cubemx/CMakeFiles/STM32_Drivers.dir/__/__/Drivers/STM32G4xx_HAL_Driver/Src/stm32g4xx_hal_iwdg.c.obj
 .debug_rnglists
                0x00000034       0xf1 cmake/stm32cubemx/CMakeFiles/STM32_Drivers.dir/__/__/Drivers/STM32G4xx_HAL_Driver/Src/stm32g4xx_hal.c.obj
 .debug_rnglists
                0x00000125       0x74 cmake/stm32cubemx/CMakeFiles/STM32_Drivers.dir/__/__/Drivers/STM32G4xx_HAL_Driver/Src/stm32g4xx_hal_rcc.c.obj
 .debug_rnglists
                0x00000199       0x87 cmake/stm32cubemx/CMakeFiles/STM32_Drivers.dir/__/__/Drivers/STM32G4xx_HAL_Driver/Src/stm32g4xx_hal_rcc_ex.c.obj
 .debug_rnglists
                0x00000220       0x3f cmake/stm32cubemx/CMakeFiles/STM32_Drivers.dir/__/__/Drivers/STM32G4xx_HAL_Driver/Src/stm32g4xx_hal_gpio.c.obj
 .debug_rnglists
                0x0000025f       0x72 cmake/stm32cubemx/CMakeFiles/STM32_Drivers.dir/__/__/Drivers/STM32G4xx_HAL_Driver/Src/stm32g4xx_hal_dma.c.obj
 .debug_rnglists
                0x000002d1       0xf1 cmake/stm32cubemx/CMakeFiles/STM32_Drivers.dir/__/__/Drivers/STM32G4xx_HAL_Driver/Src/stm32g4xx_hal_pwr_ex.c.obj
 .debug_rnglists
                0x000003c2       0xda cmake/stm32cubemx/CMakeFiles/STM32_Drivers.dir/__/__/Drivers/STM32G4xx_HAL_Driver/Src/stm32g4xx_hal_cortex.c.obj
 .debug_rnglists
                0x0000049c      0x32d cmake/stm32cubemx/CMakeFiles/STM32_Drivers.dir/__/__/Drivers/STM32G4xx_HAL_Driver/Src/stm32g4xx_hal_tim.c.obj
 .debug_rnglists
                0x000007c9      0x1cc cmake/stm32cubemx/CMakeFiles/STM32_Drivers.dir/__/__/Drivers/STM32G4xx_HAL_Driver/Src/stm32g4xx_hal_tim_ex.c.obj
 .debug_rnglists
                0x00000995      0x1f7 cmake/stm32cubemx/CMakeFiles/STM32_Drivers.dir/__/__/Drivers/STM32G4xx_HAL_Driver/Src/stm32g4xx_hal_uart.c.obj
 .debug_rnglists
                0x00000b8c       0x7f cmake/stm32cubemx/CMakeFiles/STM32_Drivers.dir/__/__/Drivers/STM32G4xx_HAL_Driver/Src/stm32g4xx_hal_uart_ex.c.obj
 .debug_rnglists
                0x00000c0b       0x20 CMakeFiles/Car_Project.dir/Core/Src/main.c.obj
 .debug_rnglists
                0x00000c2b       0x14 CMakeFiles/Car_Project.dir/Core/Src/gpio.c.obj
 .debug_rnglists
                0x00000c3f       0x14 CMakeFiles/Car_Project.dir/Core/Src/dma.c.obj
 .debug_rnglists
                0x00000c53       0x13 CMakeFiles/Car_Project.dir/Core/Src/iwdg.c.obj
 .debug_rnglists
                0x00000c66       0x57 CMakeFiles/Car_Project.dir/Core/Src/tim.c.obj
 .debug_rnglists
                0x00000cbd       0x29 CMakeFiles/Car_Project.dir/Core/Src/usart.c.obj
 .debug_rnglists
                0x00000ce6       0x79 CMakeFiles/Car_Project.dir/Core/Src/stm32g4xx_it.c.obj
 .debug_rnglists
                0x00000d5f       0x13 CMakeFiles/Car_Project.dir/Core/Src/stm32g4xx_hal_msp.c.obj
 .debug_rnglists
                0x00000d72       0x19 CMakeFiles/Car_Project.dir/startup_stm32g431xx.s.obj
 .debug_rnglists
                0x00000d8b       0x19 CMakeFiles/Car_Project.dir/App/Src/app_main.c.obj
 .debug_rnglists
                0x00000da4       0x1a CMakeFiles/Car_Project.dir/App/Src/app_test.c.obj
 .debug_rnglists
                0x00000dbe       0x5c CMakeFiles/Car_Project.dir/BSP/Src/bsp_buzzer.c.obj
 .debug_rnglists
                0x00000e1a       0x26 CMakeFiles/Car_Project.dir/BSP/Src/bsp_gpio_sensor.c.obj
 .debug_rnglists
                0x00000e40       0x45 CMakeFiles/Car_Project.dir/BSP/Src/bsp_key.c.obj
 .debug_rnglists
                0x00000e85       0x25 CMakeFiles/Car_Project.dir/BSP/Src/bsp_led.c.obj
 .debug_rnglists
                0x00000eaa       0x5d CMakeFiles/Car_Project.dir/BSP/Src/bsp_uart.c.obj
 .debug_rnglists
                0x00000f07       0x66 CMakeFiles/Car_Project.dir/Modules/Src/ultrasonic.c.obj
 .debug_rnglists
                0x00000f6d       0x13 /opt/ST/STM32CubeCLT_1.21.0/GNU-tools-for-STM32/bin/../lib/gcc/arm-none-eabi/14.3.1/../../../../arm-none-eabi/lib/thumb/v7e-m+fp/hard/libg_nano.a(libc_a-memset.o)
 .debug_rnglists
                0x00000f80       0x13 /opt/ST/STM32CubeCLT_1.21.0/GNU-tools-for-STM32/bin/../lib/gcc/arm-none-eabi/14.3.1/../../../../arm-none-eabi/lib/thumb/v7e-m+fp/hard/libg_nano.a(libc_a-init.o)

.debug_macro    0x00000000    0x1fac3
 .debug_macro   0x00000000      0x1d8 cmake/stm32cubemx/CMakeFiles/STM32_Drivers.dir/__/__/Core/Src/system_stm32g4xx.c.obj
 .debug_macro   0x000001d8      0xad8 cmake/stm32cubemx/CMakeFiles/STM32_Drivers.dir/__/__/Core/Src/system_stm32g4xx.c.obj
 .debug_macro   0x00000cb0       0x2e cmake/stm32cubemx/CMakeFiles/STM32_Drivers.dir/__/__/Core/Src/system_stm32g4xx.c.obj
 .debug_macro   0x00000cde       0x28 cmake/stm32cubemx/CMakeFiles/STM32_Drivers.dir/__/__/Core/Src/system_stm32g4xx.c.obj
 .debug_macro   0x00000d06       0x22 cmake/stm32cubemx/CMakeFiles/STM32_Drivers.dir/__/__/Core/Src/system_stm32g4xx.c.obj
 .debug_macro   0x00000d28       0x8e cmake/stm32cubemx/CMakeFiles/STM32_Drivers.dir/__/__/Core/Src/system_stm32g4xx.c.obj
 .debug_macro   0x00000db6       0x51 cmake/stm32cubemx/CMakeFiles/STM32_Drivers.dir/__/__/Core/Src/system_stm32g4xx.c.obj
 .debug_macro   0x00000e07      0x103 cmake/stm32cubemx/CMakeFiles/STM32_Drivers.dir/__/__/Core/Src/system_stm32g4xx.c.obj
 .debug_macro   0x00000f0a       0x6a cmake/stm32cubemx/CMakeFiles/STM32_Drivers.dir/__/__/Core/Src/system_stm32g4xx.c.obj
 .debug_macro   0x00000f74      0x1df cmake/stm32cubemx/CMakeFiles/STM32_Drivers.dir/__/__/Core/Src/system_stm32g4xx.c.obj
 .debug_macro   0x00001153       0x1c cmake/stm32cubemx/CMakeFiles/STM32_Drivers.dir/__/__/Core/Src/system_stm32g4xx.c.obj
 .debug_macro   0x0000116f       0x22 cmake/stm32cubemx/CMakeFiles/STM32_Drivers.dir/__/__/Core/Src/system_stm32g4xx.c.obj
 .debug_macro   0x00001191       0xfb cmake/stm32cubemx/CMakeFiles/STM32_Drivers.dir/__/__/Core/Src/system_stm32g4xx.c.obj
 .debug_macro   0x0000128c     0x1011 cmake/stm32cubemx/CMakeFiles/STM32_Drivers.dir/__/__/Core/Src/system_stm32g4xx.c.obj
 .debug_macro   0x0000229d      0x11f cmake/stm32cubemx/CMakeFiles/STM32_Drivers.dir/__/__/Core/Src/system_stm32g4xx.c.obj
 .debug_macro   0x000023bc    0x1138f cmake/stm32cubemx/CMakeFiles/STM32_Drivers.dir/__/__/Core/Src/system_stm32g4xx.c.obj
 .debug_macro   0x0001374b       0x6d cmake/stm32cubemx/CMakeFiles/STM32_Drivers.dir/__/__/Core/Src/system_stm32g4xx.c.obj
 .debug_macro   0x000137b8      0x161 cmake/stm32cubemx/CMakeFiles/STM32_Drivers.dir/__/__/Core/Src/system_stm32g4xx.c.obj
 .debug_macro   0x00013919     0x3558 cmake/stm32cubemx/CMakeFiles/STM32_Drivers.dir/__/__/Core/Src/system_stm32g4xx.c.obj
 .debug_macro   0x00016e71      0x190 cmake/stm32cubemx/CMakeFiles/STM32_Drivers.dir/__/__/Core/Src/system_stm32g4xx.c.obj
 .debug_macro   0x00017001       0x5c cmake/stm32cubemx/CMakeFiles/STM32_Drivers.dir/__/__/Core/Src/system_stm32g4xx.c.obj
 .debug_macro   0x0001705d     0x141d cmake/stm32cubemx/CMakeFiles/STM32_Drivers.dir/__/__/Core/Src/system_stm32g4xx.c.obj
 .debug_macro   0x0001847a      0x535 cmake/stm32cubemx/CMakeFiles/STM32_Drivers.dir/__/__/Core/Src/system_stm32g4xx.c.obj
 .debug_macro   0x000189af      0x1b6 cmake/stm32cubemx/CMakeFiles/STM32_Drivers.dir/__/__/Core/Src/system_stm32g4xx.c.obj
 .debug_macro   0x00018b65      0x288 cmake/stm32cubemx/CMakeFiles/STM32_Drivers.dir/__/__/Core/Src/system_stm32g4xx.c.obj
 .debug_macro   0x00018ded      0x41d cmake/stm32cubemx/CMakeFiles/STM32_Drivers.dir/__/__/Core/Src/system_stm32g4xx.c.obj
 .debug_macro   0x0001920a      0x18b cmake/stm32cubemx/CMakeFiles/STM32_Drivers.dir/__/__/Core/Src/system_stm32g4xx.c.obj
 .debug_macro   0x00019395       0x43 cmake/stm32cubemx/CMakeFiles/STM32_Drivers.dir/__/__/Core/Src/system_stm32g4xx.c.obj
 .debug_macro   0x000193d8      0x23d cmake/stm32cubemx/CMakeFiles/STM32_Drivers.dir/__/__/Core/Src/system_stm32g4xx.c.obj
 .debug_macro   0x00019615      0x211 cmake/stm32cubemx/CMakeFiles/STM32_Drivers.dir/__/__/Core/Src/system_stm32g4xx.c.obj
 .debug_macro   0x00019826      0x401 cmake/stm32cubemx/CMakeFiles/STM32_Drivers.dir/__/__/Core/Src/system_stm32g4xx.c.obj
 .debug_macro   0x00019c27      0x107 cmake/stm32cubemx/CMakeFiles/STM32_Drivers.dir/__/__/Core/Src/system_stm32g4xx.c.obj
 .debug_macro   0x00019d2e       0x85 cmake/stm32cubemx/CMakeFiles/STM32_Drivers.dir/__/__/Core/Src/system_stm32g4xx.c.obj
 .debug_macro   0x00019db3      0x122 cmake/stm32cubemx/CMakeFiles/STM32_Drivers.dir/__/__/Core/Src/system_stm32g4xx.c.obj
 .debug_macro   0x00019ed5      0x3d1 cmake/stm32cubemx/CMakeFiles/STM32_Drivers.dir/__/__/Core/Src/system_stm32g4xx.c.obj
 .debug_macro   0x0001a2a6      0xbda cmake/stm32cubemx/CMakeFiles/STM32_Drivers.dir/__/__/Core/Src/system_stm32g4xx.c.obj
 .debug_macro   0x0001ae80      0x47e cmake/stm32cubemx/CMakeFiles/STM32_Drivers.dir/__/__/Core/Src/system_stm32g4xx.c.obj
 .debug_macro   0x0001b2fe      0x693 cmake/stm32cubemx/CMakeFiles/STM32_Drivers.dir/__/__/Core/Src/system_stm32g4xx.c.obj
 .debug_macro   0x0001b991       0xa6 cmake/stm32cubemx/CMakeFiles/STM32_Drivers.dir/__/__/Core/Src/system_stm32g4xx.c.obj
 .debug_macro   0x0001ba37      0x306 cmake/stm32cubemx/CMakeFiles/STM32_Drivers.dir/__/__/Core/Src/system_stm32g4xx.c.obj
 .debug_macro   0x0001bd3d      0x1e6 cmake/stm32cubemx/CMakeFiles/STM32_Drivers.dir/__/__/Drivers/STM32G4xx_HAL_Driver/Src/stm32g4xx_hal_iwdg.c.obj
 .debug_macro   0x0001bf23      0x226 cmake/stm32cubemx/CMakeFiles/STM32_Drivers.dir/__/__/Drivers/STM32G4xx_HAL_Driver/Src/stm32g4xx_hal.c.obj
 .debug_macro   0x0001c149      0x21a cmake/stm32cubemx/CMakeFiles/STM32_Drivers.dir/__/__/Drivers/STM32G4xx_HAL_Driver/Src/stm32g4xx_hal_rcc.c.obj
 .debug_macro   0x0001c363      0x202 cmake/stm32cubemx/CMakeFiles/STM32_Drivers.dir/__/__/Drivers/STM32G4xx_HAL_Driver/Src/stm32g4xx_hal_rcc_ex.c.obj
 .debug_macro   0x0001c565      0x1df cmake/stm32cubemx/CMakeFiles/STM32_Drivers.dir/__/__/Drivers/STM32G4xx_HAL_Driver/Src/stm32g4xx_hal_gpio.c.obj
 .debug_macro   0x0001c744      0x1d8 cmake/stm32cubemx/CMakeFiles/STM32_Drivers.dir/__/__/Drivers/STM32G4xx_HAL_Driver/Src/stm32g4xx_hal_dma.c.obj
 .debug_macro   0x0001c91c      0x202 cmake/stm32cubemx/CMakeFiles/STM32_Drivers.dir/__/__/Drivers/STM32G4xx_HAL_Driver/Src/stm32g4xx_hal_pwr_ex.c.obj
 .debug_macro   0x0001cb1e      0x1d8 cmake/stm32cubemx/CMakeFiles/STM32_Drivers.dir/__/__/Drivers/STM32G4xx_HAL_Driver/Src/stm32g4xx_hal_cortex.c.obj
 .debug_macro   0x0001ccf6      0x1e0 cmake/stm32cubemx/CMakeFiles/STM32_Drivers.dir/__/__/Drivers/STM32G4xx_HAL_Driver/Src/stm32g4xx_hal_tim.c.obj
 .debug_macro   0x0001ced6      0x1de cmake/stm32cubemx/CMakeFiles/STM32_Drivers.dir/__/__/Drivers/STM32G4xx_HAL_Driver/Src/stm32g4xx_hal_tim_ex.c.obj
 .debug_macro   0x0001d0b4      0x203 cmake/stm32cubemx/CMakeFiles/STM32_Drivers.dir/__/__/Drivers/STM32G4xx_HAL_Driver/Src/stm32g4xx_hal_uart.c.obj
 .debug_macro   0x0001d2b7      0x1e4 cmake/stm32cubemx/CMakeFiles/STM32_Drivers.dir/__/__/Drivers/STM32G4xx_HAL_Driver/Src/stm32g4xx_hal_uart_ex.c.obj
 .debug_macro   0x0001d49b      0x227 CMakeFiles/Car_Project.dir/Core/Src/main.c.obj
 .debug_macro   0x0001d6c2      0x130 CMakeFiles/Car_Project.dir/Core/Src/main.c.obj
 .debug_macro   0x0001d7f2      0x1f1 CMakeFiles/Car_Project.dir/Core/Src/gpio.c.obj
 .debug_macro   0x0001d9e3      0x1f1 CMakeFiles/Car_Project.dir/Core/Src/dma.c.obj
 .debug_macro   0x0001dbd4      0x1f1 CMakeFiles/Car_Project.dir/Core/Src/iwdg.c.obj
 .debug_macro   0x0001ddc5      0x1f1 CMakeFiles/Car_Project.dir/Core/Src/tim.c.obj
 .debug_macro   0x0001dfb6      0x1f1 CMakeFiles/Car_Project.dir/Core/Src/usart.c.obj
 .debug_macro   0x0001e1a7      0x204 CMakeFiles/Car_Project.dir/Core/Src/stm32g4xx_it.c.obj
 .debug_macro   0x0001e3ab       0x22 CMakeFiles/Car_Project.dir/Core/Src/stm32g4xx_it.c.obj
 .debug_macro   0x0001e3cd      0x1e7 CMakeFiles/Car_Project.dir/Core/Src/stm32g4xx_hal_msp.c.obj
 .debug_macro   0x0001e5b4      0x2aa CMakeFiles/Car_Project.dir/App/Src/app_main.c.obj
 .debug_macro   0x0001e85e       0x46 CMakeFiles/Car_Project.dir/App/Src/app_main.c.obj
 .debug_macro   0x0001e8a4       0x10 CMakeFiles/Car_Project.dir/App/Src/app_main.c.obj
 .debug_macro   0x0001e8b4      0x32a CMakeFiles/Car_Project.dir/App/Src/app_test.c.obj
 .debug_macro   0x0001ebde       0x74 CMakeFiles/Car_Project.dir/App/Src/app_test.c.obj
 .debug_macro   0x0001ec52       0x10 CMakeFiles/Car_Project.dir/App/Src/app_test.c.obj
 .debug_macro   0x0001ec62       0x20 CMakeFiles/Car_Project.dir/App/Src/app_test.c.obj
 .debug_macro   0x0001ec82      0x220 CMakeFiles/Car_Project.dir/BSP/Src/bsp_buzzer.c.obj
 .debug_macro   0x0001eea2      0x1fa CMakeFiles/Car_Project.dir/BSP/Src/bsp_gpio_sensor.c.obj
 .debug_macro   0x0001f09c      0x206 CMakeFiles/Car_Project.dir/BSP/Src/bsp_key.c.obj
 .debug_macro   0x0001f2a2      0x1fa CMakeFiles/Car_Project.dir/BSP/Src/bsp_led.c.obj
 .debug_macro   0x0001f49c      0x2df CMakeFiles/Car_Project.dir/BSP/Src/bsp_uart.c.obj
 .debug_macro   0x0001f77b      0x136 CMakeFiles/Car_Project.dir/BSP/Src/bsp_uart.c.obj
 .debug_macro   0x0001f8b1      0x212 CMakeFiles/Car_Project.dir/Modules/Src/ultrasonic.c.obj

.debug_line     0x00000000    0x19a72
 .debug_line    0x00000000      0x743 cmake/stm32cubemx/CMakeFiles/STM32_Drivers.dir/__/__/Core/Src/system_stm32g4xx.c.obj
 .debug_line    0x00000743      0x76a cmake/stm32cubemx/CMakeFiles/STM32_Drivers.dir/__/__/Drivers/STM32G4xx_HAL_Driver/Src/stm32g4xx_hal_iwdg.c.obj
 .debug_line    0x00000ead      0xb12 cmake/stm32cubemx/CMakeFiles/STM32_Drivers.dir/__/__/Drivers/STM32G4xx_HAL_Driver/Src/stm32g4xx_hal.c.obj
 .debug_line    0x000019bf      0xf92 cmake/stm32cubemx/CMakeFiles/STM32_Drivers.dir/__/__/Drivers/STM32G4xx_HAL_Driver/Src/stm32g4xx_hal_rcc.c.obj
 .debug_line    0x00002951     0x10bf cmake/stm32cubemx/CMakeFiles/STM32_Drivers.dir/__/__/Drivers/STM32G4xx_HAL_Driver/Src/stm32g4xx_hal_rcc_ex.c.obj
 .debug_line    0x00003a10      0xafb cmake/stm32cubemx/CMakeFiles/STM32_Drivers.dir/__/__/Drivers/STM32G4xx_HAL_Driver/Src/stm32g4xx_hal_gpio.c.obj