Archive member included to satisfy reference by file (symbol)

/opt/ST/STM32CubeCLT_1.21.0/GNU-tools-for-STM32/bin/../lib/gcc/arm-none-eabi/14.3.1/../../../../arm-none-eabi/lib/thumb/v7e-m+fp/hard/libm.a(libm_a-sf_tan.o)
                              CMakeFiles/Car_Project.dir/Modules/Motion/Src/ackermann.c.obj (tanf)
/opt/ST/STM32CubeCLT_1.21.0/GNU-tools-for-STM32/bin/../lib/gcc/arm-none-eabi/14.3.1/../../../../arm-none-eabi/lib/thumb/v7e-m+fp/hard/libm.a(libm_a-kf_tan.o)
                              /opt/ST/STM32CubeCLT_1.21.0/GNU-tools-for-STM32/bin/../lib/gcc/arm-none-eabi/14.3.1/../../../../arm-none-eabi/lib/thumb/v7e-m+fp/hard/libm.a(libm_a-sf_tan.o) (__kernel_tanf)
/opt/ST/STM32CubeCLT_1.21.0/GNU-tools-for-STM32/bin/../lib/gcc/arm-none-eabi/14.3.1/../../../../arm-none-eabi/lib/thumb/v7e-m+fp/hard/libm.a(libm_a-ef_rem_pio2.o)
                              /opt/ST/STM32CubeCLT_1.21.0/GNU-tools-for-STM32/bin/../lib/gcc/arm-none-eabi/14.3.1/../../../../arm-none-eabi/lib/thumb/v7e-m+fp/hard/libm.a(libm_a-sf_tan.o) (__ieee754_rem_pio2f)
/opt/ST/STM32CubeCLT_1.21.0/GNU-tools-for-STM32/bin/../lib/gcc/arm-none-eabi/14.3.1/../../../../arm-none-eabi/lib/thumb/v7e-m+fp/hard/libm.a(libm_a-sf_fabs.o)
                              /opt/ST/STM32CubeCLT_1.21.0/GNU-tools-for-STM32/bin/../lib/gcc/arm-none-eabi/14.3.1/../../../../arm-none-eabi/lib/thumb/v7e-m+fp/hard/libm.a(libm_a-kf_tan.o) (fabsf)
/opt/ST/STM32CubeCLT_1.21.0/GNU-tools-for-STM32/bin/../lib/gcc/arm-none-eabi/14.3.1/../../../../arm-none-eabi/lib/thumb/v7e-m+fp/hard/libm.a(libm_a-kf_rem_pio2.o)
                              /opt/ST/STM32CubeCLT_1.21.0/GNU-tools-for-STM32/bin/../lib/gcc/arm-none-eabi/14.3.1/../../../../arm-none-eabi/lib/thumb/v7e-m+fp/hard/libm.a(libm_a-ef_rem_pio2.o) (__kernel_rem_pio2f)
/opt/ST/STM32CubeCLT_1.21.0/GNU-tools-for-STM32/bin/../lib/gcc/arm-none-eabi/14.3.1/../../../../arm-none-eabi/lib/thumb/v7e-m+fp/hard/libm.a(libm_a-sf_floor.o)
                              /opt/ST/STM32CubeCLT_1.21.0/GNU-tools-for-STM32/bin/../lib/gcc/arm-none-eabi/14.3.1/../../../../arm-none-eabi/lib/thumb/v7e-m+fp/hard/libm.a(libm_a-kf_rem_pio2.o) (floorf)
/opt/ST/STM32CubeCLT_1.21.0/GNU-tools-for-STM32/bin/../lib/gcc/arm-none-eabi/14.3.1/../../../../arm-none-eabi/lib/thumb/v7e-m+fp/hard/libm.a(libm_a-sf_scalbn.o)
                              /opt/ST/STM32CubeCLT_1.21.0/GNU-tools-for-STM32/bin/../lib/gcc/arm-none-eabi/14.3.1/../../../../arm-none-eabi/lib/thumb/v7e-m+fp/hard/libm.a(libm_a-kf_rem_pio2.o) (scalbnf)
/opt/ST/STM32CubeCLT_1.21.0/GNU-tools-for-STM32/bin/../lib/gcc/arm-none-eabi/14.3.1/thumb/v7e-m+fp/hard/libgcc.a(_aeabi_uldivmod.o)
                              cmake/stm32cubemx/CMakeFiles/STM32_Drivers.dir/__/__/Drivers/STM32G4xx_HAL_Driver/Src/stm32g4xx_hal_uart.c.obj (__aeabi_uldivmod)
/opt/ST/STM32CubeCLT_1.21.0/GNU-tools-for-STM32/bin/../lib/gcc/arm-none-eabi/14.3.1/thumb/v7e-m+fp/hard/libgcc.a(_udivmoddi4.o)
                              /opt/ST/STM32CubeCLT_1.21.0/GNU-tools-for-STM32/bin/../lib/gcc/arm-none-eabi/14.3.1/thumb/v7e-m+fp/hard/libgcc.a(_aeabi_uldivmod.o) (__udivmoddi4)
/opt/ST/STM32CubeCLT_1.21.0/GNU-tools-for-STM32/bin/../lib/gcc/arm-none-eabi/14.3.1/thumb/v7e-m+fp/hard/libgcc.a(_dvmd_tls.o)
                              /opt/ST/STM32CubeCLT_1.21.0/GNU-tools-for-STM32/bin/../lib/gcc/arm-none-eabi/14.3.1/thumb/v7e-m+fp/hard/libgcc.a(_aeabi_uldivmod.o) (__aeabi_ldiv0)
/opt/ST/STM32CubeCLT_1.21.0/GNU-tools-for-STM32/bin/../lib/gcc/arm-none-eabi/14.3.1/../../../../arm-none-eabi/lib/thumb/v7e-m+fp/hard/libg_nano.a(libc_a-exit.o)
                              /opt/ST/STM32CubeCLT_1.21.0/GNU-tools-for-STM32/bin/../lib/gcc/arm-none-eabi/14.3.1/../../../../arm-none-eabi/lib/thumb/v7e-m+fp/hard/crt0.o (exit)
/opt/ST/STM32CubeCLT_1.21.0/GNU-tools-for-STM32/bin/../lib/gcc/arm-none-eabi/14.3.1/../../../../arm-none-eabi/lib/thumb/v7e-m+fp/hard/libg_nano.a(libc_a-findfp.o)
                              /opt/ST/STM32CubeCLT_1.21.0/GNU-tools-for-STM32/bin/../lib/gcc/arm-none-eabi/14.3.1/../../../../arm-none-eabi/lib/thumb/v7e-m+fp/hard/libg_nano.a(libc_a-exit.o) (__stdio_exit_handler)
/opt/ST/STM32CubeCLT_1.21.0/GNU-tools-for-STM32/bin/../lib/gcc/arm-none-eabi/14.3.1/../../../../arm-none-eabi/lib/thumb/v7e-m+fp/hard/libg_nano.a(libc_a-fwalk.o)
                              /opt/ST/STM32CubeCLT_1.21.0/GNU-tools-for-STM32/bin/../lib/gcc/arm-none-eabi/14.3.1/../../../../arm-none-eabi/lib/thumb/v7e-m+fp/hard/libg_nano.a(libc_a-findfp.o) (_fwalk_sglue)
/opt/ST/STM32CubeCLT_1.21.0/GNU-tools-for-STM32/bin/../lib/gcc/arm-none-eabi/14.3.1/../../../../arm-none-eabi/lib/thumb/v7e-m+fp/hard/libg_nano.a(libc_a-memset.o)
                              /opt/ST/STM32CubeCLT_1.21.0/GNU-tools-for-STM32/bin/../lib/gcc/arm-none-eabi/14.3.1/../../../../arm-none-eabi/lib/thumb/v7e-m+fp/hard/crt0.o (memset)
[...]
Memory Configuration

Name             Origin             Length             Attributes
RAM              0x20000000         0x00008000         xrw
FLASH            0x08000000         0x00020000         xr
*default*        0x00000000         0xffffffff

Linker script and memory map

LOAD /opt/ST/STM32CubeCLT_1.21.0/GNU-tools-for-STM32/bin/../lib/gcc/arm-none-eabi/14.3.1/thumb/v7e-m+fp/hard/crti.o
LOAD /opt/ST/STM32CubeCLT_1.21.0/GNU-tools-for-STM32/bin/../lib/gcc/arm-none-eabi/14.3.1/thumb/v7e-m+fp/hard/crtbegin.o
LOAD /opt/ST/STM32CubeCLT_1.21.0/GNU-tools-for-STM32/bin/../lib/gcc/arm-none-eabi/14.3.1/../../../../arm-none-eabi/lib/thumb/v7e-m+fp/hard/crt0.o
LOAD cmake/stm32cubemx/CMakeFiles/STM32_Drivers.dir/__/__/Core/Src/system_stm32g4xx.c.obj
LOAD cmake/stm32cubemx/CMakeFiles/STM32_Drivers.dir/__/__/Drivers/STM32G4xx_HAL_Driver/Src/stm32g4xx_hal_iwdg.c.obj
LOAD cmake/stm32cubemx/CMakeFiles/STM32_Drivers.dir/__/__/Drivers/STM32G4xx_HAL_Driver/Src/stm32g4xx_hal.c.obj
LOAD cmake/stm32cubemx/CMakeFiles/STM32_Drivers.dir/__/__/Drivers/STM32G4xx_HAL_Driver/Src/stm32g4xx_hal_rcc.c.obj
LOAD cmake/stm32cubemx/CMakeFiles/STM32_Drivers.dir/__/__/Drivers/STM32G4xx_HAL_Driver/Src/stm32g4xx_hal_rcc_ex.c.obj
LOAD cmake/stm32cubemx/CMakeFiles/STM32_Drivers.dir/__/__/Drivers/STM32G4xx_HAL_Driver/Src/stm32g4xx_hal_flash.c.obj
LOAD cmake/stm32cubemx/CMakeFiles/STM32_Drivers.dir/__/__/Drivers/STM32G4xx_HAL_Driver/Src/stm32g4xx_hal_flash_ex.c.obj
LOAD cmake/stm32cubemx/CMakeFiles/STM32_Drivers.dir/__/__/Drivers/STM32G4xx_HAL_Driver/Src/stm32g4xx_hal_flash_ramfunc.c.obj
LOAD cmake/stm32cubemx/CMakeFiles/STM32_Drivers.dir/__/__/Drivers/STM32G4xx_HAL_Driver/Src/stm32g4xx_hal_gpio.c.obj
LOAD cmake/stm32cubemx/CMakeFiles/STM32_Drivers.dir/__/__/Drivers/STM32G4xx_HAL_Driver/Src/stm32g4xx_hal_exti.c.obj
LOAD cmake/stm32cubemx/CMakeFiles/STM32_Drivers.dir/__/__/Drivers/STM32G4xx_HAL_Driver/Src/stm32g4xx_hal_dma.c.obj
LOAD cmake/stm32cubemx/CMakeFiles/STM32_Drivers.dir/__/__/Drivers/STM32G4xx_HAL_Driver/Src/stm32g4xx_hal_dma_ex.c.obj
LOAD cmake/stm32cubemx/CMakeFiles/STM32_Drivers.dir/__/__/Drivers/STM32G4xx_HAL_Driver/Src/stm32g4xx_hal_pwr.c.obj
LOAD cmake/stm32cubemx/CMakeFiles/STM32_Drivers.dir/__/__/Drivers/STM32G4xx_HAL_Driver/Src/stm32g4xx_hal_pwr_ex.c.obj
LOAD cmake/stm32cubemx/CMakeFiles/STM32_Drivers.dir/__/__/Drivers/STM32G4xx_HAL_Driver/Src/stm32g4xx_hal_cortex.c.obj
LOAD cmake/stm32cubemx/CMakeFiles/STM32_Drivers.dir/__/__/Drivers/STM32G4xx_HAL_Driver/Src/stm32g4xx_hal_tim.c.obj
LOAD cmake/stm32cubemx/CMakeFiles/STM32_Drivers.dir/__/__/Drivers/STM32G4xx_HAL_Driver/Src/stm32g4xx_hal_tim_ex.c.obj
LOAD cmake/stm32cubemx/CMakeFiles/STM32_Drivers.dir/__/__/Drivers/STM32G4xx_HAL_Driver/Src/stm32g4xx_hal_uart.c.obj
LOAD cmake/stm32cubemx/CMakeFiles/STM32_Drivers.dir/__/__/Drivers/STM32G4xx_HAL_Driver/Src/stm32g4xx_hal_uart_ex.c.obj
LOAD CMakeFiles/Car_Project.dir/Core/Src/main.c.obj
LOAD CMakeFiles/Car_Project.dir/Core/Src/gpio.c.obj
LOAD CMakeFiles/Car_Project.dir/Core/Src/dma.c.obj
LOAD CMakeFiles/Car_Project.dir/Core/Src/iwdg.c.obj
LOAD CMakeFiles/Car_Project.dir/Core/Src/tim.c.obj
LOAD CMakeFiles/Car_Project.dir/Core/Src/usart.c.obj
LOAD CMakeFiles/Car_Project.dir/Core/Src/stm32g4xx_it.c.obj
LOAD CMakeFiles/Car_Project.dir/Core/Src/stm32g4xx_hal_msp.c.obj
LOAD CMakeFiles/Car_Project.dir/Core/Src/sysmem.c.obj
LOAD CMakeFiles/Car_Project.dir/Core/Src/syscalls.c.obj
LOAD CMakeFiles/Car_Project.dir/startup_stm32g431xx.s.obj
LOAD CMakeFiles/Car_Project.dir/App/Src/app_main.c.obj
LOAD CMakeFiles/Car_Project.dir/App/Src/app_tasks.c.obj
LOAD CMakeFiles/Car_Project.dir/App/Src/app_test.c.obj
LOAD CMakeFiles/Car_Project.dir/App/Src/system_state_pool.c.obj
LOAD CMakeFiles/Car_Project.dir/BSP/Src/bsp_buzzer.c.obj
LOAD CMakeFiles/Car_Project.dir/BSP/Src/bsp_encoder.c.obj
LOAD CMakeFiles/Car_Project.dir/BSP/Src/bsp_gpio_sensor.c.obj
LOAD CMakeFiles/Car_Project.dir/BSP/Src/bsp_key.c.obj
LOAD CMakeFiles/Car_Project.dir/BSP/Src/bsp_led.c.obj
LOAD CMakeFiles/Car_Project.dir/BSP/Src/bsp_motor.c.obj
LOAD CMakeFiles/Car_Project.dir/BSP/Src/bsp_servo.c.obj
LOAD CMakeFiles/Car_Project.dir/BSP/Src/bsp_uart.c.obj
LOAD CMakeFiles/Car_Project.dir/Modules/Sensor/Src/sensor_domain.c.obj
LOAD CMakeFiles/Car_Project.dir/Modules/Sensor/Src/tracker_sensor.c.obj
LOAD CMakeFiles/Car_Project.dir/Modules/Sensor/Src/ultrasonic_sensor.c.obj
LOAD CMakeFiles/Car_Project.dir/Modules/Comm/Src/comm.c.obj
LOAD CMakeFiles/Car_Project.dir/Modules/Comm/Src/bt_link.c.obj
LOAD CMakeFiles/Car_Project.dir/Modules/Comm/Src/k230_link.c.obj
LOAD CMakeFiles/Car_Project.dir/Modules/Comm/Src/protocol.c.obj
LOAD CMakeFiles/Car_Project.dir/Modules/Estimation/Src/estimation.c.obj
LOAD CMakeFiles/Car_Project.dir/Modules/Motion/Src/motion.c.obj
LOAD CMakeFiles/Car_Project.dir/Modules/Motion/Src/ackermann.c.obj
LOAD CMakeFiles/Car_Project.dir/Modules/Motion/Src/speed_pi.c.obj
LOAD CMakeFiles/Car_Project.dir/Modules/Decision/Src/decision.c.obj
LOAD CMakeFiles/Car_Project.dir/Modules/HMI/Src/hmi.c.obj
LOAD CMakeFiles/Car_Project.dir/Modules/HMI/Src/key_service.c.obj
LOAD CMakeFiles/Car_Project.dir/Modules/HMI/Src/led_service.c.obj
LOAD CMakeFiles/Car_Project.dir/Modules/HMI/Src/buzzer_service.c.obj
LOAD CMakeFiles/Car_Project.dir/Modules/Debug/Src/debug_trace.c.obj
LOAD CMakeFiles/Car_Project.dir/Service/Src/ring_buffer.c.obj
LOAD CMakeFiles/Car_Project.dir/Service/Src/scheduler.c.obj
LOAD /opt/ST/STM32CubeCLT_1.21.0/GNU-tools-for-STM32/bin/../lib/gcc/arm-none-eabi/14.3.1/../../../../arm-none-eabi/lib/thumb/v7e-m+fp/hard/libm.a
START GROUP
LOAD /opt/ST/STM32CubeCLT_1.21.0/GNU-tools-for-STM32/bin/../lib/gcc/arm-none-eabi/14.3.1/thumb/v7e-m+fp/hard/libgcc.a
LOAD /opt/ST/STM32CubeCLT_1.21.0/GNU-tools-for-STM32/bin/../lib/gcc/arm-none-eabi/14.3.1/../../../../arm-none-eabi/lib/thumb/v7e-m+fp/hard/libg_nano.a
LOAD /opt/ST/STM32CubeCLT_1.21.0/GNU-tools-for-STM32/bin/../lib/gcc/arm-none-eabi/14.3.1/../../../../arm-none-eabi/lib/thumb/v7e-m+fp/hard/libc_nano.a
END GROUP
START GROUP
LOAD /opt/ST/STM32CubeCLT_1.21.0/GNU-tools-for-STM32/bin/../lib/gcc/arm-none-eabi/14.3.1/thumb/v7e-m+fp/hard/libgcc.a
LOAD /opt/ST/STM32CubeCLT_1.21.0/GNU-tools-for-STM32/bin/../lib/gcc/arm-none-eabi/14.3.1/../../../../arm-none-eabi/lib/thumb/v7e-m+fp/hard/libc_nano.a
END GROUP
LOAD /opt/ST/STM32CubeCLT_1.21.0/GNU-tools-for-STM32/bin/../lib/gcc/arm-none-eabi/14.3.1/thumb/v7e-m+fp/hard/crtend.o
LOAD /opt/ST/STM32CubeCLT_1.21.0/GNU-tools-for-STM32/bin/../lib/gcc/arm-none-eabi/14.3.1/thumb/v7e-m+fp/hard/crtn.o
                0x20008000                        _estack = (ORIGIN (RAM) + LENGTH (RAM))
                0x00000200                        _Min_Heap_Size = 0x200
                0x00000400                        _Min_Stack_Size = 0x400

.isr_vector     0x08000000      0x1d8
                0x08000000                        . = ALIGN (0x4)
 *(.isr_vector)
 .isr_vector    0x08000000      0x1d8 CMakeFiles/Car_Project.dir/startup_stm32g431xx.s.obj
                0x08000000                g_pfnVectors
                0x080001d8                        . = ALIGN (0x4)

.text           0x080001d8     0xa038
                0x080001d8                        . = ALIGN (0x4)
 *(.text)
 .text          0x080001d8       0x40 /opt/ST/STM32CubeCLT_1.21.0/GNU-tools-for-STM32/bin/../lib/gcc/arm-none-eabi/14.3.1/thumb/v7e-m+fp/hard/crtbegin.o
 .text          0x08000218       0x30 /opt/ST/STM32CubeCLT_1.21.0/GNU-tools-for-STM32/bin/../lib/gcc/arm-none-eabi/14.3.1/thumb/v7e-m+fp/hard/libgcc.a(_aeabi_uldivmod.o)
                0x08000218                __aeabi_uldivmod
 .text          0x08000248      0x2f8 /opt/ST/STM32CubeCLT_1.21.0/GNU-tools-for-STM32/bin/../lib/gcc/arm-none-eabi/14.3.1/thumb/v7e-m+fp/hard/libgcc.a(_udivmoddi4.o)
                0x08000248                __udivmoddi4
 .text          0x08000540        0x4 /opt/ST/STM32CubeCLT_1.21.0/GNU-tools-for-STM32/bin/../lib/gcc/arm-none-eabi/14.3.1/thumb/v7e-m+fp/hard/libgcc.a(_dvmd_tls.o)
                0x08000540                __aeabi_ldiv0
                0x08000540                __aeabi_idiv0
 *(.text*)
 .text.SystemInit
                0x08000544       0x24 cmake/stm32cubemx/CMakeFiles/STM32_Drivers.dir/__/__/Core/Src/system_stm32g4xx.c.obj
                0x08000544                SystemInit
 .text.HAL_IWDG_Init
                0x08000568       0xa2 cmake/stm32cubemx/CMakeFiles/STM32_Drivers.dir/__/__/Drivers/STM32G4xx_HAL_Driver/Src/stm32g4xx_hal_iwdg.c.obj
                0x08000568                HAL_IWDG_Init
 .text.HAL_IWDG_Refresh
                0x0800060a       0x20 cmake/stm32cubemx/CMakeFiles/STM32_Drivers.dir/__/__/Drivers/STM32G4xx_HAL_Driver/Src/stm32g4xx_hal_iwdg.c.obj
                0x0800060a                HAL_IWDG_Refresh
 .text.HAL_Init
                0x0800062a       0x30 cmake/stm32cubemx/CMakeFiles/STM32_Drivers.dir/__/__/Drivers/STM32G4xx_HAL_Driver/Src/stm32g4xx_hal.c.obj
                0x0800062a                HAL_Init
 *fill*         0x0800065a        0x2 
 .text.HAL_InitTick
                0x0800065c       0x74 cmake/stm32cubemx/CMakeFiles/STM32_Drivers.dir/__/__/Drivers/STM32G4xx_HAL_Driver/Src/stm32g4xx_hal.c.obj
                0x0800065c                HAL_InitTick
 .text.HAL_IncTick
                0x080006d0       0x24 cmake/stm32cubemx/CMakeFiles/STM32_Drivers.dir/__/__/Drivers/STM32G4xx_HAL_Driver/Src/stm32g4xx_hal.c.obj
                0x080006d0                HAL_IncTick
 .text.HAL_GetTick
                0x080006f4       0x18 cmake/stm32cubemx/CMakeFiles/STM32_Drivers.dir/__/__/Drivers/STM32G4xx_HAL_Driver/Src/stm32g4xx_hal.c.obj
                0x080006f4                HAL_GetTick
 .text.HAL_RCC_OscConfig
                0x0800070c      0x624 cmake/stm32cubemx/CMakeFiles/STM32_Drivers.dir/__/__/Drivers/STM32G4xx_HAL_Driver/Src/stm32g4xx_hal_rcc.c.obj
                0x0800070c                HAL_RCC_OscConfig
 .text.HAL_RCC_ClockConfig
                0x08000d30      0x278 cmake/stm32cubemx/CMakeFiles/STM32_Drivers.dir/__/__/Drivers/STM32G4xx_HAL_Driver/Src/stm32g4xx_hal_rcc.c.obj
                0x08000d30                HAL_RCC_ClockConfig
 .text.HAL_RCC_GetSysClockFreq
                0x08000fa8       0xc4 cmake/stm32cubemx/CMakeFiles/STM32_Drivers.dir/__/__/Drivers/STM32G4xx_HAL_Driver/Src/stm32g4xx_hal_rcc.c.obj
                0x08000fa8                HAL_RCC_GetSysClockFreq
 .text.HAL_RCC_GetHCLKFreq
                0x0800106c       0x18 cmake/stm32cubemx/CMakeFiles/STM32_Drivers.dir/__/__/Drivers/STM32G4xx_HAL_Driver/Src/stm32g4xx_hal_rcc.c.obj
                0x0800106c                HAL_RCC_GetHCLKFreq
 .text.HAL_RCC_GetPCLK1Freq
                0x08001084       0x2c cmake/stm32cubemx/CMakeFiles/STM32_Drivers.dir/__/__/Drivers/STM32G4xx_HAL_Driver/Src/stm32g4xx_hal_rcc.c.obj
                0x08001084                HAL_RCC_GetPCLK1Freq
 .text.HAL_RCC_GetPCLK2Freq
                0x080010b0       0x2c cmake/stm32cubemx/CMakeFiles/STM32_Drivers.dir/__/__/Drivers/STM32G4xx_HAL_Driver/Src/stm32g4xx_hal_rcc.c.obj
                0x080010b0                HAL_RCC_GetPCLK2Freq
 .text.RCC_GetSysClockFreqFromPLLSource
                0x080010dc       0x8c cmake/stm32cubemx/CMakeFiles/STM32_Drivers.dir/__/__/Drivers/STM32G4xx_HAL_Driver/Src/stm32g4xx_hal_rcc.c.obj
 .text.HAL_RCCEx_PeriphCLKConfig
                0x08001168      0x3e0 cmake/stm32cubemx/CMakeFiles/STM32_Drivers.dir/__/__/Drivers/STM32G4xx_HAL_Driver/Src/stm32g4xx_hal_rcc_ex.c.obj
                0x08001168                HAL_RCCEx_PeriphCLKConfig
 .text.HAL_GPIO_Init
                0x08001548      0x318 cmake/stm32cubemx/CMakeFiles/STM32_Drivers.dir/__/__/Drivers/STM32G4xx_HAL_Driver/Src/stm32g4xx_hal_gpio.c.obj
                0x08001548                HAL_GPIO_Init
 .text.HAL_GPIO_ReadPin
                0x08001860       0x30 cmake/stm32cubemx/CMakeFiles/STM32_Drivers.dir/__/__/Drivers/STM32G4xx_HAL_Driver/Src/stm32g4xx_hal_gpio.c.obj
                0x08001860                HAL_GPIO_ReadPin
 .text.HAL_GPIO_WritePin
                0x08001890       0x30 cmake/stm32cubemx/CMakeFiles/STM32_Drivers.dir/__/__/Drivers/STM32G4xx_HAL_Driver/Src/stm32g4xx_hal_gpio.c.obj
                0x08001890                HAL_GPIO_WritePin
 .text.HAL_GPIO_EXTI_IRQHandler
                0x080018c0       0x30 cmake/stm32cubemx/CMakeFiles/STM32_Drivers.dir/__/__/Drivers/STM32G4xx_HAL_Driver/Src/stm32g4xx_hal_gpio.c.obj
                0x080018c0                HAL_GPIO_EXTI_IRQHandler
 .text.HAL_DMA_Init
                0x080018f0      0x150 cmake/stm32cubemx/CMakeFiles/STM32_Drivers.dir/__/__/Drivers/STM32G4xx_HAL_Driver/Src/stm32g4xx_hal_dma.c.obj
                0x080018f0                HAL_DMA_Init
 .text.HAL_DMA_Start_IT
                0x08001a40       0xf6 cmake/stm32cubemx/CMakeFiles/STM32_Drivers.dir/__/__/Drivers/STM32G4xx_HAL_Driver/Src/stm32g4xx_hal_dma.c.obj
                0x08001a40                HAL_DMA_Start_IT
 .text.HAL_DMA_Abort
                0x08001b36       0xbc cmake/stm32cubemx/CMakeFiles/STM32_Drivers.dir/__/__/Drivers/STM32G4xx_HAL_Driver/Src/stm32g4xx_hal_dma.c.obj
                0x08001b36                HAL_DMA_Abort
 .text.HAL_DMA_Abort_IT
                0x08001bf2       0xce cmake/stm32cubemx/CMakeFiles/STM32_Drivers.dir/__/__/Drivers/STM32G4xx_HAL_Driver/Src/stm32g4xx_hal_dma.c.obj
                0x08001bf2                HAL_DMA_Abort_IT
 .text.HAL_DMA_IRQHandler
                0x08001cc0      0x15e cmake/stm32cubemx/CMakeFiles/STM32_Drivers.dir/__/__/Drivers/STM32G4xx_HAL_Driver/Src/stm32g4xx_hal_dma.c.obj
                0x08001cc0                HAL_DMA_IRQHandler
 .text.DMA_SetConfig
                0x08001e1e       0x7c cmake/stm32cubemx/CMakeFiles/STM32_Drivers.dir/__/__/Drivers/STM32G4xx_HAL_Driver/Src/stm32g4xx_hal_dma.c.obj
 *fill*         0x08001e9a        0x2 
 .text.DMA_CalcDMAMUXChannelBaseAndMask
                0x08001e9c       0x90 cmake/stm32cubemx/CMakeFiles/STM32_Drivers.dir/__/__/Drivers/STM32G4xx_HAL_Driver/Src/stm32g4xx_hal_dma.c.obj
 .text.DMA_CalcDMAMUXRequestGenBaseAndMask
                0x08001f2c       0x4c cmake/stm32cubemx/CMakeFiles/STM32_Drivers.dir/__/__/Drivers/STM32G4xx_HAL_Driver/Src/stm32g4xx_hal_dma.c.obj
 .text.HAL_PWREx_ControlVoltageScaling
                0x08001f78      0x148 cmake/stm32cubemx/CMakeFiles/STM32_Drivers.dir/__/__/Drivers/STM32G4xx_HAL_Driver/Src/stm32g4xx_hal_pwr_ex.c.obj
                0x08001f78                HAL_PWREx_ControlVoltageScaling
 .text.HAL_PWREx_DisableUCPDDeadBattery
                0x080020c0       0x20 cmake/stm32cubemx/CMakeFiles/STM32_Drivers.dir/__/__/Drivers/STM32G4xx_HAL_Driver/Src/stm32g4xx_hal_pwr_ex.c.obj
                0x080020c0                HAL_PWREx_DisableUCPDDeadBattery
 .text.__NVIC_SetPriorityGrouping
                0x080020e0       0x48 cmake/stm32cubemx/CMakeFiles/STM32_Drivers.dir/__/__/Drivers/STM32G4xx_HAL_Driver/Src/stm32g4xx_hal_cortex.c.obj
 .text.__NVIC_GetPriorityGrouping
                0x08002128       0x1c cmake/stm32cubemx/CMakeFiles/STM32_Drivers.dir/__/__/Drivers/STM32G4xx_HAL_Driver/Src/stm32g4xx_hal_cortex.c.obj
 .text.__NVIC_EnableIRQ
                0x08002144       0x3c cmake/stm32cubemx/CMakeFiles/STM32_Drivers.dir/__/__/Drivers/STM32G4xx_HAL_Driver/Src/stm32g4xx_hal_cortex.c.obj
 .text.__NVIC_SetPriority
                0x08002180       0x54 cmake/stm32cubemx/CMakeFiles/STM32_Drivers.dir/__/__/Drivers/STM32G4xx_HAL_Driver/Src/stm32g4xx_hal_cortex.c.obj
 .text.NVIC_EncodePriority
                0x080021d4       0x66 cmake/stm32cubemx/CMakeFiles/STM32_Drivers.dir/__/__/Drivers/STM32G4xx_HAL_Driver/Src/stm32g4xx_hal_cortex.c.obj
 *fill*         0x0800223a        0x2 
 .text.SysTick_Config
                0x0800223c       0x44 cmake/stm32cubemx/CMakeFiles/STM32_Drivers.dir/__/__/Drivers/STM32G4xx_HAL_Driver/Src/stm32g4xx_hal_cortex.c.obj
 .text.HAL_NVIC_SetPriorityGrouping
                0x08002280       0x16 cmake/stm32cubemx/CMakeFiles/STM32_Drivers.dir/__/__/Drivers/STM32G4xx_HAL_Driver/Src/stm32g4xx_hal_cortex.c.obj
                0x08002280                HAL_NVIC_SetPriorityGrouping
 .text.HAL_NVIC_SetPriority
                0x08002296       0x34 cmake/stm32cubemx/CMakeFiles/STM32_Drivers.dir/__/__/Drivers/STM32G4xx_HAL_Driver/Src/stm32g4xx_hal_cortex.c.obj
                0x08002296                HAL_NVIC_SetPriority
 .text.HAL_NVIC_EnableIRQ
                0x080022ca       0x1c cmake/stm32cubemx/CMakeFiles/STM32_Drivers.dir/__/__/Drivers/STM32G4xx_HAL_Driver/Src/stm32g4xx_hal_cortex.c.obj
                0x080022ca                HAL_NVIC_EnableIRQ
 .text.HAL_SYSTICK_Config
                0x080022e6       0x18 cmake/stm32cubemx/CMakeFiles/STM32_Drivers.dir/__/__/Drivers/STM32G4xx_HAL_Driver/Src/stm32g4xx_hal_cortex.c.obj
                0x080022e6                HAL_SYSTICK_Config
 .text.HAL_TIM_Base_Init
                0x080022fe       0xae cmake/stm32cubemx/CMakeFiles/STM32_Drivers.dir/__/__/Drivers/STM32G4xx_HAL_Driver/Src/stm32g4xx_hal_tim.c.obj
                0x080022fe                HAL_TIM_Base_Init
 .text.HAL_TIM_Base_Start_IT
                0x080023ac       0xd4 cmake/stm32cubemx/CMakeFiles/STM32_Drivers.dir/__/__/Drivers/STM32G4xx_HAL_Driver/Src/stm32g4xx_hal_tim.c.obj
                0x080023ac                HAL_TIM_Base_Start_IT
 .text.HAL_TIM_Base_Stop_IT
                0x08002480       0x60 cmake/stm32cubemx/CMakeFiles/STM32_Drivers.dir/__/__/Drivers/STM32G4xx_HAL_Driver/Src/stm32g4xx_hal_tim.c.obj
                0x08002480                HAL_TIM_Base_Stop_IT
 .text.HAL_TIM_PWM_Init
                0x080024e0       0xae cmake/stm32cubemx/CMakeFiles/STM32_Drivers.dir/__/__/Drivers/STM32G4xx_HAL_Driver/Src/stm32g4xx_hal_tim.c.obj
                0x080024e0                HAL_TIM_PWM_Init
 .text.HAL_TIM_PWM_MspInit
                0x0800258e       0x14 cmake/stm32cubemx/CMakeFiles/STM32_Drivers.dir/__/__/Drivers/STM32G4xx_HAL_Driver/Src/stm32g4xx_hal_tim.c.obj
                0x0800258e                HAL_TIM_PWM_MspInit
 *fill*         0x080025a2        0x2 
 .text.HAL_TIM_PWM_Start
                0x080025a4      0x200 cmake/stm32cubemx/CMakeFiles/STM32_Drivers.dir/__/__/Drivers/STM32G4xx_HAL_Driver/Src/stm32g4xx_hal_tim.c.obj
                0x080025a4                HAL_TIM_PWM_Start
 .text.HAL_TIM_Encoder_Init
                0x080027a4      0x14c cmake/stm32cubemx/CMakeFiles/STM32_Drivers.dir/__/__/Drivers/STM32G4xx_HAL_Driver/Src/stm32g4xx_hal_tim.c.obj
                0x080027a4                HAL_TIM_Encoder_Init
 .text.HAL_TIM_Encoder_Start
                0x080028f0      0x11c cmake/stm32cubemx/CMakeFiles/STM32_Drivers.dir/__/__/Drivers/STM32G4xx_HAL_Driver/Src/stm32g4xx_hal_tim.c.obj
                0x080028f0                HAL_TIM_Encoder_Start
 .text.HAL_TIM_IRQHandler
                0x08002a0c      0x29e cmake/stm32cubemx/CMakeFiles/STM32_Drivers.dir/__/__/Drivers/STM32G4xx_HAL_Driver/Src/stm32g4xx_hal_tim.c.obj
                0x08002a0c                HAL_TIM_IRQHandler
 *fill*         0x08002caa        0x2 
 .text.HAL_TIM_PWM_ConfigChannel
                0x08002cac      0x228 cmake/stm32cubemx/CMakeFiles/STM32_Drivers.dir/__/__/Drivers/STM32G4xx_HAL_Driver/Src/stm32g4xx_hal_tim.c.obj
                0x08002cac                HAL_TIM_PWM_ConfigChannel
 .text.HAL_TIM_ConfigClockSource
                0x08002ed4      0x1f4 cmake/stm32cubemx/CMakeFiles/STM32_Drivers.dir/__/__/Drivers/STM32G4xx_HAL_Driver/Src/stm32g4xx_hal_tim.c.obj
                0x08002ed4                HAL_TIM_ConfigClockSource
 .text.HAL_TIM_OC_DelayElapsedCallback
                0x080030c8       0x14 cmake/stm32cubemx/CMakeFiles/STM32_Drivers.dir/__/__/Drivers/STM32G4xx_HAL_Driver/Src/stm32g4xx_hal_tim.c.obj
                0x080030c8                HAL_TIM_OC_DelayElapsedCallback
 .text.HAL_TIM_IC_CaptureCallback
                0x080030dc       0x14 cmake/stm32cubemx/CMakeFiles/STM32_Drivers.dir/__/__/Drivers/STM32G4xx_HAL_Driver/Src/stm32g4xx_hal_tim.c.obj
                0x080030dc                HAL_TIM_IC_CaptureCallback
 .text.HAL_TIM_PWM_PulseFinishedCallback
                0x080030f0       0x14 cmake/stm32cubemx/CMakeFiles/STM32_Drivers.dir/__/__/Drivers/STM32G4xx_HAL_Driver/Src/stm32g4xx_hal_tim.c.obj
                0x080030f0                HAL_TIM_PWM_PulseFinishedCallback
 .text.HAL_TIM_TriggerCallback
                0x08003104       0x14 cmake/stm32cubemx/CMakeFiles/STM32_Drivers.dir/__/__/Drivers/STM32G4xx_HAL_Driver/Src/stm32g4xx_hal_tim.c.obj
                0x08003104                HAL_TIM_TriggerCallback
 .text.TIM_Base_SetConfig
                0x08003118      0x12c cmake/stm32cubemx/CMakeFiles/STM32_Drivers.dir/__/__/Drivers/STM32G4xx_HAL_Driver/Src/stm32g4xx_hal_tim.c.obj
                0x08003118                TIM_Base_SetConfig
 .text.TIM_OC1_SetConfig
                0x08003244      0x124 cmake/stm32cubemx/CMakeFiles/STM32_Drivers.dir/__/__/Drivers/STM32G4xx_HAL_Driver/Src/stm32g4xx_hal_tim.c.obj
 .text.TIM_OC2_SetConfig
                0x08003368      0x118 cmake/stm32cubemx/CMakeFiles/STM32_Drivers.dir/__/__/Drivers/STM32G4xx_HAL_Driver/Src/stm32g4xx_hal_tim.c.obj
                0x08003368                TIM_OC2_SetConfig
 .text.TIM_OC3_SetConfig
                0x08003480      0x114 cmake/stm32cubemx/CMakeFiles/STM32_Drivers.dir/__/__/Drivers/STM32G4xx_HAL_Driver/Src/stm32g4xx_hal_tim.c.obj
 .text.TIM_OC4_SetConfig
                0x08003594      0x118 cmake/stm32cubemx/CMakeFiles/STM32_Drivers.dir/__/__/Drivers/STM32G4xx_HAL_Driver/Src/stm32g4xx_hal_tim.c.obj
 .text.TIM_OC5_SetConfig
                0x080036ac       0xc8 cmake/stm32cubemx/CMakeFiles/STM32_Drivers.dir/__/__/Drivers/STM32G4xx_HAL_Driver/Src/stm32g4xx_hal_tim.c.obj
 .text.TIM_OC6_SetConfig
                0x08003774       0xcc cmake/stm32cubemx/CMakeFiles/STM32_Drivers.dir/__/__/Drivers/STM32G4xx_HAL_Driver/Src/stm32g4xx_hal_tim.c.obj
 .text.TIM_TI1_ConfigInputStage
                0x08003840       0xa8 cmake/stm32cubemx/CMakeFiles/STM32_Drivers.dir/__/__/Drivers/STM32G4xx_HAL_Driver/Src/stm32g4xx_hal_tim.c.obj
 .text.TIM_TI2_ConfigInputStage
                0x080038e8       0x84 cmake/stm32cubemx/CMakeFiles/STM32_Drivers.dir/__/__/Drivers/STM32G4xx_HAL_Driver/Src/stm32g4xx_hal_tim.c.obj
 .text.TIM_ITRx_SetConfig
                0x0800396c       0x3a cmake/stm32cubemx/CMakeFiles/STM32_Drivers.dir/__/__/Drivers/STM32G4xx_HAL_Driver/Src/stm32g4xx_hal_tim.c.obj
 .text.TIM_ETR_SetConfig
                0x080039a6       0x40 cmake/stm32cubemx/CMakeFiles/STM32_Drivers.dir/__/__/Drivers/STM32G4xx_HAL_Driver/Src/stm32g4xx_hal_tim.c.obj
                0x080039a6                TIM_ETR_SetConfig
 .text.TIM_CCxChannelCmd
                0x080039e6       0x4a cmake/stm32cubemx/CMakeFiles/STM32_Drivers.dir/__/__/Drivers/STM32G4xx_HAL_Driver/Src/stm32g4xx_hal_tim.c.obj
                0x080039e6                TIM_CCxChannelCmd
 .text.HAL_TIMEx_MasterConfigSynchronization
                0x08003a30      0x104 cmake/stm32cubemx/CMakeFiles/STM32_Drivers.dir/__/__/Drivers/STM32G4xx_HAL_Driver/Src/stm32g4xx_hal_tim_ex.c.obj
                0x08003a30                HAL_TIMEx_MasterConfigSynchronization
 .text.HAL_TIMEx_ConfigBreakDeadTime
                0x08003b34      0x118 cmake/stm32cubemx/CMakeFiles/STM32_Drivers.dir/__/__/Drivers/STM32G4xx_HAL_Driver/Src/stm32g4xx_hal_tim_ex.c.obj
                0x08003b34                HAL_TIMEx_ConfigBreakDeadTime
 .text.HAL_TIMEx_CommutCallback
                0x08003c4c       0x14 cmake/stm32cubemx/CMakeFiles/STM32_Drivers.dir/__/__/Drivers/STM32G4xx_HAL_Driver/Src/stm32g4xx_hal_tim_ex.c.obj
                0x08003c4c                HAL_TIMEx_CommutCallback
 .text.HAL_TIMEx_BreakCallback
                0x08003c60       0x14 cmake/stm32cubemx/CMakeFiles/STM32_Drivers.dir/__/__/Drivers/STM32G4xx_HAL_Driver/Src/stm32g4xx_hal_tim_ex.c.obj
                0x08003c60                HAL_TIMEx_BreakCallback
 .text.HAL_TIMEx_Break2Callback
                0x08003c74       0x14 cmake/stm32cubemx/CMakeFiles/STM32_Drivers.dir/__/__/Drivers/STM32G4xx_HAL_Driver/Src/stm32g4xx_hal_tim_ex.c.obj
                0x08003c74                HAL_TIMEx_Break2Callback
 .text.HAL_TIMEx_EncoderIndexCallback
                0x08003c88       0x14 cmake/stm32cubemx/CMakeFiles/STM32_Drivers.dir/__/__/Drivers/STM32G4xx_HAL_Driver/Src/stm32g4xx_hal_tim_ex.c.obj
                0x08003c88                HAL_TIMEx_EncoderIndexCallback
 .text.HAL_TIMEx_DirectionChangeCallback
                0x08003c9c       0x14 cmake/stm32cubemx/CMakeFiles/STM32_Drivers.dir/__/__/Drivers/STM32G4xx_HAL_Driver/Src/stm32g4xx_hal_tim_ex.c.obj
                0x08003c9c                HAL_TIMEx_DirectionChangeCallback
 .text.HAL_TIMEx_IndexErrorCallback
                0x08003cb0       0x14 cmake/stm32cubemx/CMakeFiles/STM32_Drivers.dir/__/__/Drivers/STM32G4xx_HAL_Driver/Src/stm32g4xx_hal_tim_ex.c.obj
                0x08003cb0                HAL_TIMEx_IndexErrorCallback
 .text.HAL_TIMEx_TransitionErrorCallback
                0x08003cc4       0x14 cmake/stm32cubemx/CMakeFiles/STM32_Drivers.dir/__/__/Drivers/STM32G4xx_HAL_Driver/Src/stm32g4xx_hal_tim_ex.c.obj
                0x08003cc4                HAL_TIMEx_TransitionErrorCallback
 .text.HAL_UART_Init
                0x08003cd8       0xa0 cmake/stm32cubemx/CMakeFiles/STM32_Drivers.dir/__/__/Drivers/STM32G4xx_HAL_Driver/Src/stm32g4xx_hal_uart.c.obj
                0x08003cd8                HAL_UART_Init
 .text.HAL_UART_Transmit_DMA
                0x08003d78      0x100 cmake/stm32cubemx/CMakeFiles/STM32_Drivers.dir/__/__/Drivers/STM32G4xx_HAL_Driver/Src/stm32g4xx_hal_uart.c.obj
                0x08003d78                HAL_UART_Transmit_DMA
 .text.HAL_UART_Receive_DMA
                0x08003e78       0x98 cmake/stm32cubemx/CMakeFiles/STM32_Drivers.dir/__/__/Drivers/STM32G4xx_HAL_Driver/Src/stm32g4xx_hal_uart.c.obj
                0x08003e78                HAL_UART_Receive_DMA
 .text.HAL_UART_IRQHandler
                0x08003f10      0x684 cmake/stm32cubemx/CMakeFiles/STM32_Drivers.dir/__/__/Drivers/STM32G4xx_HAL_Driver/Src/stm32g4xx_hal_uart.c.obj
                0x08003f10                HAL_UART_IRQHandler
 .text.HAL_UART_TxHalfCpltCallback
                0x08004594       0x14 cmake/stm32cubemx/CMakeFiles/STM32_Drivers.dir/__/__/Drivers/STM32G4xx_HAL_Driver/Src/stm32g4xx_hal_uart.c.obj
                0x08004594                HAL_UART_TxHalfCpltCallback
 .text.HAL_UART_ErrorCallback
                0x080045a8       0x14 cmake/stm32cubemx/CMakeFiles/STM32_Drivers.dir/__/__/Drivers/STM32G4xx_HAL_Driver/Src/stm32g4xx_hal_uart.c.obj
                0x080045a8                HAL_UART_ErrorCallback
 .text.HAL_UARTEx_RxEventCallback
                0x080045bc       0x18 cmake/stm32cubemx/CMakeFiles/STM32_Drivers.dir/__/__/Drivers/STM32G4xx_HAL_Driver/Src/stm32g4xx_hal_uart.c.obj
                0x080045bc                HAL_UARTEx_RxEventCallback
 .text.UART_SetConfig
                0x080045d4      0x598 cmake/stm32cubemx/CMakeFiles/STM32_Drivers.dir/__/__/Drivers/STM32G4xx_HAL_Driver/Src/stm32g4xx_hal_uart.c.obj
                0x080045d4                UART_SetConfig
 .text.UART_AdvFeatureConfig
                0x08004b6c      0x144 cmake/stm32cubemx/CMakeFiles/STM32_Drivers.dir/__/__/Drivers/STM32G4xx_HAL_Driver/Src/stm32g4xx_hal_uart.c.obj
                0x08004b6c                UART_AdvFeatureConfig
 .text.UART_CheckIdleState
                0x08004cb0      0x154 cmake/stm32cubemx/CMakeFiles/STM32_Drivers.dir/__/__/Drivers/STM32G4xx_HAL_Driver/Src/stm32g4xx_hal_uart.c.obj
                0x08004cb0                UART_CheckIdleState
 .text.UART_WaitOnFlagUntilTimeout
                0x08004e04       0xda cmake/stm32cubemx/CMakeFiles/STM32_Drivers.dir/__/__/Drivers/STM32G4xx_HAL_Driver/Src/stm32g4xx_hal_uart.c.obj
                0x08004e04                UART_WaitOnFlagUntilTimeout
 *fill*         0x08004ede        0x2 
 .text.UART_Start_Receive_DMA
                0x08004ee0      0x14c cmake/stm32cubemx/CMakeFiles/STM32_Drivers.dir/__/__/Drivers/STM32G4xx_HAL_Driver/Src/stm32g4xx_hal_uart.c.obj
                0x08004ee0                UART_Start_Receive_DMA
 .text.UART_EndTxTransfer
                0x0800502c       0x82 cmake/stm32cubemx/CMakeFiles/STM32_Drivers.dir/__/__/Drivers/STM32G4xx_HAL_Driver/Src/stm32g4xx_hal_uart.c.obj
 .text.UART_EndRxTransfer
                0x080050ae       0xcc cmake/stm32cubemx/CMakeFiles/STM32_Drivers.dir/__/__/Drivers/STM32G4xx_HAL_Driver/Src/stm32g4xx_hal_uart.c.obj
 .text.UART_DMATransmitCplt
                0x0800517a       0x9a cmake/stm32cubemx/CMakeFiles/STM32_Drivers.dir/__/__/Drivers/STM32G4xx_HAL_Driver/Src/stm32g4xx_hal_uart.c.obj
 .text.UART_DMATxHalfCplt
                0x08005214       0x1c cmake/stm32cubemx/CMakeFiles/STM32_Drivers.dir/__/__/Drivers/STM32G4xx_HAL_Driver/Src/stm32g4xx_hal_uart.c.obj
 .text.UART_DMAReceiveCplt
                0x08005230      0x162 cmake/stm32cubemx/CMakeFiles/STM32_Drivers.dir/__/__/Drivers/STM32G4xx_HAL_Driver/Src/stm32g4xx_hal_uart.c.obj
 .text.UART_DMARxHalfCplt
                0x08005392       0x72 cmake/stm32cubemx/CMakeFiles/STM32_Drivers.dir/__/__/Drivers/STM32G4xx_HAL_Driver/Src/stm32g4xx_hal_uart.c.obj
 .text.UART_DMAError
                0x08005404       0x70 cmake/stm32cubemx/CMakeFiles/STM32_Drivers.dir/__/__/Drivers/STM32G4xx_HAL_Driver/Src/stm32g4xx_hal_uart.c.obj
 .text.UART_DMAAbortOnError
                0x08005474       0x1c cmake/stm32cubemx/CMakeFiles/STM32_Drivers.dir/__/__/Drivers/STM32G4xx_HAL_Driver/Src/stm32g4xx_hal_uart.c.obj
 .text.UART_EndTransmit_IT
                0x08005490       0x56 cmake/stm32cubemx/CMakeFiles/STM32_Drivers.dir/__/__/Drivers/STM32G4xx_HAL_Driver/Src/stm32g4xx_hal_uart.c.obj
 .text.HAL_UARTEx_WakeupCallback
                0x080054e6       0x14 cmake/stm32cubemx/CMakeFiles/STM32_Drivers.dir/__/__/Drivers/STM32G4xx_HAL_Driver/Src/stm32g4xx_hal_uart_ex.c.obj
                0x080054e6                HAL_UARTEx_WakeupCallback
 .text.HAL_UARTEx_RxFifoFullCallback
                0x080054fa       0x14 cmake/stm32cubemx/CMakeFiles/STM32_Drivers.dir/__/__/Drivers/STM32G4xx_HAL_Driver/Src/stm32g4xx_hal_uart_ex.c.obj
                0x080054fa                HAL_UARTEx_RxFifoFullCallback
 .text.HAL_UARTEx_TxFifoEmptyCallback
                0x0800550e       0x14 cmake/stm32cubemx/CMakeFiles/STM32_Drivers.dir/__/__/Drivers/STM32G4xx_HAL_Driver/Src/stm32g4xx_hal_uart_ex.c.obj
                0x0800550e                HAL_UARTEx_TxFifoEmptyCallback
 .text.HAL_UARTEx_DisableFifoMode
                0x08005522       0x72 cmake/stm32cubemx/CMakeFiles/STM32_Drivers.dir/__/__/Drivers/STM32G4xx_HAL_Driver/Src/stm32g4xx_hal_uart_ex.c.obj
                0x08005522                HAL_UARTEx_DisableFifoMode
 .text.HAL_UARTEx_SetTxFifoThreshold
                0x08005594       0x7c cmake/stm32cubemx/CMakeFiles/STM32_Drivers.dir/__/__/Drivers/STM32G4xx_HAL_Driver/Src/stm32g4xx_hal_uart_ex.c.obj
                0x08005594                HAL_UARTEx_SetTxFifoThreshold
 .text.HAL_UARTEx_SetRxFifoThreshold
                0x08005610       0x7c cmake/stm32cubemx/CMakeFiles/STM32_Drivers.dir/__/__/Drivers/STM32G4xx_HAL_Driver/Src/stm32g4xx_hal_uart_ex.c.obj
                0x08005610                HAL_UARTEx_SetRxFifoThreshold
 .text.UARTEx_SetNbDataToProcess
                0x0800568c       0x9c cmake/stm32cubemx/CMakeFiles/STM32_Drivers.dir/__/__/Drivers/STM32G4xx_HAL_Driver/Src/stm32g4xx_hal_uart_ex.c.obj
 .text.main     0x08005728       0x42 CMakeFiles/Car_Project.dir/Core/Src/main.c.obj
                0x08005728                main
 .text.SystemClock_Config
                0x0800576a       0x96 CMakeFiles/Car_Project.dir/Core/Src/main.c.obj
                0x0800576a                SystemClock_Config
 .text.Error_Handler
                0x08005800        0xc CMakeFiles/Car_Project.dir/Core/Src/main.c.obj
                0x08005800                Error_Handler
 .text.MX_GPIO_Init
                0x0800580c      0x18c CMakeFiles/Car_Project.dir/Core/Src/gpio.c.obj
                0x0800580c                MX_GPIO_Init
 .text.MX_DMA_Init
                0x08005998       0x84 CMakeFiles/Car_Project.dir/Core/Src/dma.c.obj
                0x08005998                MX_DMA_Init
 .text.MX_IWDG_Init
                0x08005a1c       0x3c CMakeFiles/Car_Project.dir/Core/Src/iwdg.c.obj
                0x08005a1c                MX_IWDG_Init
 .text.MX_TIM1_Init
                0x08005a58      0x160 CMakeFiles/Car_Project.dir/Core/Src/tim.c.obj
                0x08005a58                MX_TIM1_Init
 .text.MX_TIM2_Init
                0x08005bb8       0xa8 CMakeFiles/Car_Project.dir/Core/Src/tim.c.obj
                0x08005bb8                MX_TIM2_Init
 .text.MX_TIM3_Init
                0x08005c60      0x130 CMakeFiles/Car_Project.dir/Core/Src/tim.c.obj
                0x08005c60                MX_TIM3_Init
 .text.MX_TIM4_Init
                0x08005d90       0xac CMakeFiles/Car_Project.dir/Core/Src/tim.c.obj
                0x08005d90                MX_TIM4_Init
 .text.MX_TIM6_Init
                0x08005e3c       0x6c CMakeFiles/Car_Project.dir/Core/Src/tim.c.obj
                0x08005e3c                MX_TIM6_Init
 .text.MX_TIM7_Init
                0x08005ea8       0x6c CMakeFiles/Car_Project.dir/Core/Src/tim.c.obj
                0x08005ea8                MX_TIM7_Init
 .text.HAL_TIM_Base_MspInit
                0x08005f14       0xd4 CMakeFiles/Car_Project.dir/Core/Src/tim.c.obj
                0x08005f14                HAL_TIM_Base_MspInit
 .text.HAL_TIM_Encoder_MspInit
                0x08005fe8      0x108 CMakeFiles/Car_Project.dir/Core/Src/tim.c.obj
                0x08005fe8                HAL_TIM_Encoder_MspInit
 .text.HAL_TIM_MspPostInit
                0x080060f0       0xf4 CMakeFiles/Car_Project.dir/Core/Src/tim.c.obj
                0x080060f0                HAL_TIM_MspPostInit
 .text.MX_USART2_UART_Init
                0x080061e4       0x98 CMakeFiles/Car_Project.dir/Core/Src/usart.c.obj
                0x080061e4                MX_USART2_UART_Init
 .text.MX_USART3_UART_Init
                0x0800627c       0x98 CMakeFiles/Car_Project.dir/Core/Src/usart.c.obj
                0x0800627c                MX_USART3_UART_Init
 .text.HAL_UART_MspInit
                0x08006314      0x2c0 CMakeFiles/Car_Project.dir/Core/Src/usart.c.obj
                0x08006314                HAL_UART_MspInit
 .text.NMI_Handler
                0x080065d4        0x8 CMakeFiles/Car_Project.dir/Core/Src/stm32g4xx_it.c.obj
                0x080065d4                NMI_Handler
 .text.HardFault_Handler
                0x080065dc        0x8 CMakeFiles/Car_Project.dir/Core/Src/stm32g4xx_it.c.obj
                0x080065dc                HardFault_Handler
 .text.MemManage_Handler
                0x080065e4        0x8 CMakeFiles/Car_Project.dir/Core/Src/stm32g4xx_it.c.obj
                0x080065e4                MemManage_Handler
 .text.BusFault_Handler
                0x080065ec        0x8 CMakeFiles/Car_Project.dir/Core/Src/stm32g4xx_it.c.obj
                0x080065ec                BusFault_Handler
 .text.UsageFault_Handler
                0x080065f4        0x8 CMakeFiles/Car_Project.dir/Core/Src/stm32g4xx_it.c.obj
                0x080065f4                UsageFault_Handler
 .text.SVC_Handler
                0x080065fc        0xe CMakeFiles/Car_Project.dir/Core/Src/stm32g4xx_it.c.obj
                0x080065fc                SVC_Handler
 .text.DebugMon_Handler
                0x0800660a        0xe CMakeFiles/Car_Project.dir/Core/Src/stm32g4xx_it.c.obj
                0x0800660a                DebugMon_Handler
 .text.PendSV_Handler
                0x08006618        0xe CMakeFiles/Car_Project.dir/Core/Src/stm32g4xx_it.c.obj
                0x08006618                PendSV_Handler
 .text.SysTick_Handler
                0x08006626        0xc CMakeFiles/Car_Project.dir/Core/Src/stm32g4xx_it.c.obj
                0x08006626                SysTick_Handler
 *fill*         0x08006632        0x2 
 .text.DMA1_Channel1_IRQHandler
                0x08006634       0x14 CMakeFiles/Car_Project.dir/Core/Src/stm32g4xx_it.c.obj
                0x08006634                DMA1_Channel1_IRQHandler
 .text.DMA1_Channel2_IRQHandler
                0x08006648       0x14 CMakeFiles/Car_Project.dir/Core/Src/stm32g4xx_it.c.obj
                0x08006648                DMA1_Channel2_IRQHandler
 .text.DMA1_Channel3_IRQHandler
                0x0800665c       0x14 CMakeFiles/Car_Project.dir/Core/Src/stm32g4xx_it.c.obj
                0x0800665c                DMA1_Channel3_IRQHandler
 .text.DMA1_Channel4_IRQHandler
                0x08006670       0x14 CMakeFiles/Car_Project.dir/Core/Src/stm32g4xx_it.c.obj
                0x08006670                DMA1_Channel4_IRQHandler
 .text.USART2_IRQHandler
                0x08006684       0x14 CMakeFiles/Car_Project.dir/Core/Src/stm32g4xx_it.c.obj
                0x08006684                USART2_IRQHandler
 .text.USART3_IRQHandler
                0x08006698       0x14 CMakeFiles/Car_Project.dir/Core/Src/stm32g4xx_it.c.obj
                0x08006698                USART3_IRQHandler
 .text.TIM6_DAC_IRQHandler
                0x080066ac       0x14 CMakeFiles/Car_Project.dir/Core/Src/stm32g4xx_it.c.obj
                0x080066ac                TIM6_DAC_IRQHandler
 .text.TIM7_IRQHandler
                0x080066c0       0x14 CMakeFiles/Car_Project.dir/Core/Src/stm32g4xx_it.c.obj
                0x080066c0                TIM7_IRQHandler
 .text.EXTI15_10_IRQHandler
                0x080066d4       0x10 CMakeFiles/Car_Project.dir/Core/Src/stm32g4xx_it.c.obj
                0x080066d4                EXTI15_10_IRQHandler
 .text.HAL_MspInit
                0x080066e4       0x48 CMakeFiles/Car_Project.dir/Core/Src/stm32g4xx_hal_msp.c.obj
                0x080066e4                HAL_MspInit
 .text.Reset_Handler
                0x0800672c       0x50 CMakeFiles/Car_Project.dir/startup_stm32g431xx.s.obj
                0x0800672c                Reset_Handler
 .text.Default_Handler
                0x0800677c        0x2 CMakeFiles/Car_Project.dir/startup_stm32g431xx.s.obj
                0x0800677c                TIM1_BRK_TIM15_IRQHandler
                0x0800677c                EXTI2_IRQHandler
                0x0800677c                TIM8_TRG_COM_IRQHandler
                0x0800677c                TIM8_CC_IRQHandler
                0x0800677c                TIM1_CC_IRQHandler
                0x0800677c                USB_HP_IRQHandler
                0x0800677c                CORDIC_IRQHandler
                0x0800677c                EXTI3_IRQHandler
                0x0800677c                I2C3_ER_IRQHandler
                0x0800677c                EXTI0_IRQHandler
                0x0800677c                I2C2_EV_IRQHandler
                0x0800677c                FPU_IRQHandler
                0x0800677c                FDCAN1_IT1_IRQHandler
                0x0800677c                TIM1_UP_TIM16_IRQHandler
                0x0800677c                ADC1_2_IRQHandler
                0x0800677c                SPI1_IRQHandler
                0x0800677c                TIM8_UP_IRQHandler
                0x0800677c                DMA2_Channel2_IRQHandler
                0x0800677c                TIM4_IRQHandler
                0x0800677c                DMA2_Channel1_IRQHandler
                0x0800677c                I2C1_EV_IRQHandler
                0x0800677c                DMA1_Channel6_IRQHandler
                0x0800677c                UART4_IRQHandler
                0x0800677c                DMA2_Channel4_IRQHandler
                0x0800677c                TIM3_IRQHandler
                0x0800677c                RCC_IRQHandler
                0x0800677c                Default_Handler
                0x0800677c                RTC_TAMP_LSECSS_IRQHandler
                0x0800677c                FMAC_IRQHandler
                0x0800677c                UCPD1_IRQHandler
                0x0800677c                I2C3_EV_IRQHandler
                0x0800677c                EXTI9_5_IRQHandler
                0x0800677c                RTC_WKUP_IRQHandler
                0x0800677c                PVD_PVM_IRQHandler
                0x0800677c                SPI2_IRQHandler
                0x0800677c                DMA2_Channel5_IRQHandler
                0x0800677c                CRS_IRQHandler
                0x0800677c                DMA1_Channel5_IRQHandler
                0x0800677c                USB_LP_IRQHandler
                0x0800677c                EXTI4_IRQHandler
                0x0800677c                RNG_IRQHandler
                0x0800677c                TIM1_TRG_COM_TIM17_IRQHandler
                0x0800677c                WWDG_IRQHandler
                0x0800677c                LPUART1_IRQHandler
                0x0800677c                DMA2_Channel6_IRQHandler
                0x0800677c                FDCAN1_IT0_IRQHandler
                0x0800677c                TIM2_IRQHandler
                0x0800677c                COMP1_2_3_IRQHandler
                0x0800677c                EXTI1_IRQHandler
                0x0800677c                I2C2_ER_IRQHandler
                0x0800677c                TIM8_BRK_IRQHandler
                0x0800677c                FLASH_IRQHandler
                0x0800677c                USART1_IRQHandler
                0x0800677c                SPI3_IRQHandler
                0x0800677c                I2C1_ER_IRQHandler
                0x0800677c                LPTIM1_IRQHandler
                0x0800677c                DMAMUX_OVR_IRQHandler
                0x0800677c                USBWakeUp_IRQHandler
                0x0800677c                SAI1_IRQHandler
                0x0800677c                DMA2_Channel3_IRQHandler
                0x0800677c                COMP4_IRQHandler
                0x0800677c                RTC_Alarm_IRQHandler
 *fill*         0x0800677e        0x2 
 .text.App_Init
                0x08006780       0x60 CMakeFiles/Car_Project.dir/App/Src/app_main.c.obj
                0x08006780                App_Init
 .text.App_Run  0x080067e0       0x20 CMakeFiles/Car_Project.dir/App/Src/app_main.c.obj
                0x080067e0                App_Run
 .text.Task_Estimation10ms
                0x08006800       0x16 CMakeFiles/Car_Project.dir/App/Src/app_tasks.c.obj
 .text.Task_Motion10ms
                0x08006816       0x16 CMakeFiles/Car_Project.dir/App/Src/app_tasks.c.obj
 .text.Task_HmiKey10ms
                0x0800682c       0x16 CMakeFiles/Car_Project.dir/App/Src/app_tasks.c.obj
 .text.Task_Sensor20ms
                0x08006842       0x16 CMakeFiles/Car_Project.dir/App/Src/app_tasks.c.obj
 .text.Task_Comm20ms
                0x08006858       0x16 CMakeFiles/Car_Project.dir/App/Src/app_tasks.c.obj
 .text.Task_Decision20ms
                0x0800686e       0x20 CMakeFiles/Car_Project.dir/App/Src/app_tasks.c.obj
 .text.Task_DebugCurve100ms
                0x0800688e       0x16 CMakeFiles/Car_Project.dir/App/Src/app_tasks.c.obj
 .text.Task_Hmi500ms
                0x080068a4       0x24 CMakeFiles/Car_Project.dir/App/Src/app_tasks.c.obj
 .text.AppTasks_Register
                0x080068c8       0xd4 CMakeFiles/Car_Project.dir/App/Src/app_tasks.c.obj
                0x080068c8                AppTasks_Register
 .text.SystemStatePool_Init
                0x0800699c      0x168 CMakeFiles/Car_Project.dir/App/Src/system_state_pool.c.obj
                0x0800699c                SystemStatePool_Init
 .text.SystemStatePool_ClearCycleEvents
                0x08006b04       0x5c CMakeFiles/Car_Project.dir/App/Src/system_state_pool.c.obj
                0x08006b04                SystemStatePool_ClearCycleEvents
 .text.gpio_write
                0x08006b60       0x30 CMakeFiles/Car_Project.dir/BSP/Src/bsp_buzzer.c.obj
 .text.freq_to_arr
                0x08006b90       0x50 CMakeFiles/Car_Project.dir/BSP/Src/bsp_buzzer.c.obj
 .text.timer_set_arr
                0x08006be0       0x34 CMakeFiles/Car_Project.dir/BSP/Src/bsp_buzzer.c.obj
 .text.tone_on  0x08006c14       0x5c CMakeFiles/Car_Project.dir/BSP/Src/bsp_buzzer.c.obj
 .text.tone_off
                0x08006c70       0x2c CMakeFiles/Car_Project.dir/BSP/Src/bsp_buzzer.c.obj
 .text.BspBuzzer_Init
                0x08006c9c       0x64 CMakeFiles/Car_Project.dir/BSP/Src/bsp_buzzer.c.obj
                0x08006c9c                BspBuzzer_Init
 .text.BspBuzzer_Play
                0x08006d00       0x70 CMakeFiles/Car_Project.dir/BSP/Src/bsp_buzzer.c.obj
                0x08006d00                BspBuzzer_Play
 .text.BspBuzzer_Task10ms
                0x08006d70       0x98 CMakeFiles/Car_Project.dir/BSP/Src/bsp_buzzer.c.obj
                0x08006d70                BspBuzzer_Task10ms
 .text.HAL_TIM_PeriodElapsedCallback
                0x08006e08       0x64 CMakeFiles/Car_Project.dir/BSP/Src/bsp_buzzer.c.obj
                0x08006e08                HAL_TIM_PeriodElapsedCallback
 .text.BspBuzzer_IsActive
                0x08006e6c       0x34 CMakeFiles/Car_Project.dir/BSP/Src/bsp_buzzer.c.obj
                0x08006e6c                BspBuzzer_IsActive
 .text.BspEncoder_Init
                0x08006ea0       0x44 CMakeFiles/Car_Project.dir/BSP/Src/bsp_encoder.c.obj
                0x08006ea0                BspEncoder_Init
 .text.BspEncoder_Read
                0x08006ee4       0x6c CMakeFiles/Car_Project.dir/BSP/Src/bsp_encoder.c.obj
                0x08006ee4                BspEncoder_Read
 .text.BspGpioSensor_Init
                0x08006f50        0xe CMakeFiles/Car_Project.dir/BSP/Src/bsp_gpio_sensor.c.obj
                0x08006f50                BspGpioSensor_Init
 *fill*         0x08006f5e        0x2 
 .text.BspGpioSensor_ReadTrack
                0x08006f60       0xcc CMakeFiles/Car_Project.dir/BSP/Src/bsp_gpio_sensor.c.obj
                0x08006f60                BspGpioSensor_ReadTrack
 .text.BspGpioSensor_TrigSet
                0x0800702c       0x24 CMakeFiles/Car_Project.dir/BSP/Src/bsp_gpio_sensor.c.obj
                0x0800702c                BspGpioSensor_TrigSet
 .text.read_key_raw
                0x08007050       0x54 CMakeFiles/Car_Project.dir/BSP/Src/bsp_key.c.obj
 .text.get_key  0x080070a4       0x34 CMakeFiles/Car_Project.dir/BSP/Src/bsp_key.c.obj
 .text.BspKey_Init
                0x080070d8       0x84 CMakeFiles/Car_Project.dir/BSP/Src/bsp_key.c.obj
                0x080070d8                BspKey_Init
 .text.BspKey_Task10ms
                0x0800715c       0xe8 CMakeFiles/Car_Project.dir/BSP/Src/bsp_key.c.obj
                0x0800715c                BspKey_Task10ms
 .text.BspKey_TakeClickedEvent
                0x08007244       0x48 CMakeFiles/Car_Project.dir/BSP/Src/bsp_key.c.obj
                0x08007244                BspKey_TakeClickedEvent
 .text.led_level
                0x0800728c       0x2c CMakeFiles/Car_Project.dir/BSP/Src/bsp_led.c.obj
 .text.BspLed_Init
                0x080072b8       0x54 CMakeFiles/Car_Project.dir/BSP/Src/bsp_led.c.obj
                0x080072b8                BspLed_Init
 .text.BspLed_Set
                0x0800730c       0x54 CMakeFiles/Car_Project.dir/BSP/Src/bsp_led.c.obj
                0x0800730c                BspLed_Set
 .text.duty_to_compare
                0x08007360       0x3e CMakeFiles/Car_Project.dir/BSP/Src/bsp_motor.c.obj
 *fill*         0x0800739e        0x2 
 .text.BspMotor_Init
                0x080073a0       0x30 CMakeFiles/Car_Project.dir/BSP/Src/bsp_motor.c.obj
                0x080073a0                BspMotor_Init
 .text.BspMotor_SetDuty
                0x080073d0       0x6c CMakeFiles/Car_Project.dir/BSP/Src/bsp_motor.c.obj
                0x080073d0                BspMotor_SetDuty
 .text.BspMotor_StopAll
                0x0800743c       0x18 CMakeFiles/Car_Project.dir/BSP/Src/bsp_motor.c.obj
                0x0800743c                BspMotor_StopAll
 .text.steer_to_compare
                0x08007454       0x68 CMakeFiles/Car_Project.dir/BSP/Src/bsp_servo.c.obj
 .text.BspServo_Init
                0x080074bc       0x3c CMakeFiles/Car_Project.dir/BSP/Src/bsp_servo.c.obj
                0x080074bc                BspServo_Init
 .text.BspServo_SetSteerPermille
                0x080074f8       0x64 CMakeFiles/Car_Project.dir/BSP/Src/bsp_servo.c.obj
                0x080074f8                BspServo_SetSteerPermille
 .text.get_huart
                0x0800755c       0x34 CMakeFiles/Car_Project.dir/BSP/Src/bsp_uart.c.obj
 .text.id_from_huart
                0x08007590       0x38 CMakeFiles/Car_Project.dir/BSP/Src/bsp_uart.c.obj
 .text.BspUart_Init
                0x080075c8       0x94 CMakeFiles/Car_Project.dir/BSP/Src/bsp_uart.c.obj
                0x080075c8                BspUart_Init
 .text.poll_dma_rx
                0x0800765c       0xa6 CMakeFiles/Car_Project.dir/BSP/Src/bsp_uart.c.obj
 *fill*         0x08007702        0x2 
 .text.BspUart_ReadByte
                0x08007704       0x64 CMakeFiles/Car_Project.dir/BSP/Src/bsp_uart.c.obj
                0x08007704                BspUart_ReadByte
 .text.BspUart_WriteBuffer
                0x08007768       0xd0 CMakeFiles/Car_Project.dir/BSP/Src/bsp_uart.c.obj
                0x08007768                BspUart_WriteBuffer
 .text.BspUart_TxDone
                0x08007838       0x5c CMakeFiles/Car_Project.dir/BSP/Src/bsp_uart.c.obj
                0x08007838                BspUart_TxDone
 .text.BspUart_DmaRxHalfCplt
                0x08007894       0x16 CMakeFiles/Car_Project.dir/BSP/Src/bsp_uart.c.obj
                0x08007894                BspUart_DmaRxHalfCplt
 .text.BspUart_DmaRxFullCplt
                0x080078aa       0x16 CMakeFiles/Car_Project.dir/BSP/Src/bsp_uart.c.obj
                0x080078aa                BspUart_DmaRxFullCplt
 .text.HAL_UART_RxHalfCpltCallback
                0x080078c0       0x22 CMakeFiles/Car_Project.dir/BSP/Src/bsp_uart.c.obj
                0x080078c0                HAL_UART_RxHalfCpltCallback
 .text.HAL_UART_RxCpltCallback
                0x080078e2       0x22 CMakeFiles/Car_Project.dir/BSP/Src/bsp_uart.c.obj
                0x080078e2                HAL_UART_RxCpltCallback
 .text.HAL_UART_TxCpltCallback
                0x08007904       0x4c CMakeFiles/Car_Project.dir/BSP/Src/bsp_uart.c.obj
                0x08007904                HAL_UART_TxCpltCallback
 .text.Sensor_Init
                0x08007950       0x38 CMakeFiles/Car_Project.dir/Modules/Sensor/Src/sensor_domain.c.obj
                0x08007950                Sensor_Init
 .text.Sensor_Task20ms
                0x08007988       0xa0 CMakeFiles/Car_Project.dir/Modules/Sensor/Src/sensor_domain.c.obj
                0x08007988                Sensor_Task20ms
 .text.Tracker_Task10ms
                0x08007a28       0xd8 CMakeFiles/Car_Project.dir/Modules/Sensor/Src/tracker_sensor.c.obj
                0x08007a28                Tracker_Task10ms
 .text.Tracker_WriteToPool
                0x08007b00       0x48 CMakeFiles/Car_Project.dir/Modules/Sensor/Src/tracker_sensor.c.obj
                0x08007b00                Tracker_WriteToPool
 .text.dwt_init
                0x08007b48       0x34 CMakeFiles/Car_Project.dir/Modules/Sensor/Src/ultrasonic_sensor.c.obj
 .text.micros   0x08007b7c       0x40 CMakeFiles/Car_Project.dir/Modules/Sensor/Src/ultrasonic_sensor.c.obj
 .text.delay_us
                0x08007bbc       0x2a CMakeFiles/Car_Project.dir/Modules/Sensor/Src/ultrasonic_sensor.c.obj
 *fill*         0x08007be6        0x2 
 .text.ultrasonic_init_internal
                0x08007be8       0x80 CMakeFiles/Car_Project.dir/Modules/Sensor/Src/ultrasonic_sensor.c.obj
 .text.trigger  0x08007c68       0x64 CMakeFiles/Car_Project.dir/Modules/Sensor/Src/ultrasonic_sensor.c.obj
 .text.Ultrasonic_OnEchoEdge
                0x08007ccc       0x64 CMakeFiles/Car_Project.dir/Modules/Sensor/Src/ultrasonic_sensor.c.obj
                0x08007ccc                Ultrasonic_OnEchoEdge
 .text.Ultrasonic_Task10ms
                0x08007d30       0xb8 CMakeFiles/Car_Project.dir/Modules/Sensor/Src/ultrasonic_sensor.c.obj
                0x08007d30                Ultrasonic_Task10ms
 .text.Ultrasonic_WriteToPool
                0x08007de8       0x5c CMakeFiles/Car_Project.dir/Modules/Sensor/Src/ultrasonic_sensor.c.obj
                0x08007de8                Ultrasonic_WriteToPool
 .text.HAL_GPIO_EXTI_Callback
                0x08007e44       0x1e CMakeFiles/Car_Project.dir/Modules/Sensor/Src/ultrasonic_sensor.c.obj
                0x08007e44                HAL_GPIO_EXTI_Callback
 *fill*         0x08007e62        0x2 
 .text.Comm_Init
                0x08007e64       0x54 CMakeFiles/Car_Project.dir/Modules/Comm/Src/comm.c.obj
                0x08007e64                Comm_Init
 .text.Comm_Task20ms
                0x08007eb8       0xc0 CMakeFiles/Car_Project.dir/Modules/Comm/Src/comm.c.obj
                0x08007eb8                Comm_Task20ms
 .text.BtLink_Task
                0x08007f78       0x90 CMakeFiles/Car_Project.dir/Modules/Comm/Src/bt_link.c.obj
                0x08007f78                BtLink_Task
 .text.BtLink_TakeCommand
                0x08008008       0x44 CMakeFiles/Car_Project.dir/Modules/Comm/Src/bt_link.c.obj
                0x08008008                BtLink_TakeCommand
 .text.BtLink_GetStatus
                0x0800804c       0x5c CMakeFiles/Car_Project.dir/Modules/Comm/Src/bt_link.c.obj
                0x0800804c                BtLink_GetStatus
 .text.K230Link_Task
                0x080080a8       0x90 CMakeFiles/Car_Project.dir/Modules/Comm/Src/k230_link.c.obj
                0x080080a8                K230Link_Task
 .text.K230Link_GetLatestResult
                0x08008138       0x40 CMakeFiles/Car_Project.dir/Modules/Comm/Src/k230_link.c.obj
                0x08008138                K230Link_GetLatestResult
 .text.K230Link_GetStatus
                0x08008178       0x5c CMakeFiles/Car_Project.dir/Modules/Comm/Src/k230_link.c.obj
                0x08008178                K230Link_GetStatus
 .text.ProtocolLineParser_Init
                0x080081d4       0x32 CMakeFiles/Car_Project.dir/Modules/Comm/Src/protocol.c.obj
                0x080081d4                ProtocolLineParser_Init
 .text.ProtocolLineParser_PushByte
                0x08008206       0x8a CMakeFiles/Car_Project.dir/Modules/Comm/Src/protocol.c.obj
                0x08008206                ProtocolLineParser_PushByte
 .text.ProtocolLineParser_TakeLine
                0x08008290       0x7e CMakeFiles/Car_Project.dir/Modules/Comm/Src/protocol.c.obj
                0x08008290                ProtocolLineParser_TakeLine
 *fill*         0x0800830e        0x2 
 .text.Estimation_Init
                0x08008310       0x3c CMakeFiles/Car_Project.dir/Modules/Estimation/Src/estimation.c.obj
                0x08008310                Estimation_Init
 .text.Estimation_Task10ms
                0x0800834c       0xe4 CMakeFiles/Car_Project.dir/Modules/Estimation/Src/estimation.c.obj
                0x0800834c                Estimation_Task10ms
 .text.Motion_Init
                0x08008430       0x60 CMakeFiles/Car_Project.dir/Modules/Motion/Src/motion.c.obj
                0x08008430                Motion_Init
 .text.Motion_Task10ms
                0x08008490      0x31c CMakeFiles/Car_Project.dir/Modules/Motion/Src/motion.c.obj
                0x08008490                Motion_Task10ms
 .text.Ackermann_Compute
                0x080087ac       0xf4 CMakeFiles/Car_Project.dir/Modules/Motion/Src/ackermann.c.obj
                0x080087ac                Ackermann_Compute
 .text.SpeedPi_Init
                0x080088a0       0x24 CMakeFiles/Car_Project.dir/Modules/Motion/Src/speed_pi.c.obj
                0x080088a0                SpeedPi_Init
 .text.SpeedPi_Compute
                0x080088c4      0x1e4 CMakeFiles/Car_Project.dir/Modules/Motion/Src/speed_pi.c.obj
                0x080088c4                SpeedPi_Compute
 .text.clamp    0x08008aa8       0x52 CMakeFiles/Car_Project.dir/Modules/Decision/Src/decision.c.obj
 *fill*         0x08008afa        0x2 
 .text.Decision_Init
                0x08008afc       0x34 CMakeFiles/Car_Project.dir/Modules/Decision/Src/decision.c.obj
                0x08008afc                Decision_Init
 .text.Decision_Task20ms
                0x08008b30      0x26c CMakeFiles/Car_Project.dir/Modules/Decision/Src/decision.c.obj
                0x08008b30                Decision_Task20ms
 .text.Hmi_Init
                0x08008d9c       0x30 CMakeFiles/Car_Project.dir/Modules/HMI/Src/hmi.c.obj
                0x08008d9c                Hmi_Init
 .text.Hmi_KeyTask10ms
                0x08008dcc       0x22 CMakeFiles/Car_Project.dir/Modules/HMI/Src/hmi.c.obj
                0x08008dcc                Hmi_KeyTask10ms
 .text.Hmi_Task500ms
                0x08008dee       0x24 CMakeFiles/Car_Project.dir/Modules/HMI/Src/hmi.c.obj
                0x08008dee                Hmi_Task500ms
 .text.KeyService_Process10ms
                0x08008e12       0x68 CMakeFiles/Car_Project.dir/Modules/HMI/Src/key_service.c.obj
                0x08008e12                KeyService_Process10ms
 *fill*         0x08008e7a        0x2 
 .text.LedService_Update
                0x08008e7c      0x14c CMakeFiles/Car_Project.dir/Modules/HMI/Src/led_service.c.obj
                0x08008e7c                LedService_Update
 .text.BuzzerService_Update
                0x08008fc8       0x68 CMakeFiles/Car_Project.dir/Modules/HMI/Src/buzzer_service.c.obj
                0x08008fc8                BuzzerService_Update
 .text.DebugTrace_Init
                0x08009030        0xe CMakeFiles/Car_Project.dir/Modules/Debug/Src/debug_trace.c.obj
                0x08009030                DebugTrace_Init
 .text.put_float_le
                0x0800903e       0x48 CMakeFiles/Car_Project.dir/Modules/Debug/Src/debug_trace.c.obj
 .text.build_fault_mask
                0x08009086       0x98 CMakeFiles/Car_Project.dir/Modules/Debug/Src/debug_trace.c.obj
 .text.DebugTrace_Task100ms
                0x0800911e      0x1cc CMakeFiles/Car_Project.dir/Modules/Debug/Src/debug_trace.c.obj
                0x0800911e                DebugTrace_Task100ms
 .text.RingBuffer_Init
                0x080092ea       0x46 CMakeFiles/Car_Project.dir/Service/Src/ring_buffer.c.obj
                0x080092ea                RingBuffer_Init
 .text.RingBuffer_PushFromIsr
                0x08009330       0x60 CMakeFiles/Car_Project.dir/Service/Src/ring_buffer.c.obj
                0x08009330                RingBuffer_PushFromIsr
 .text.RingBuffer_Pop
                0x08009390       0x66 CMakeFiles/Car_Project.dir/Service/Src/ring_buffer.c.obj
                0x08009390                RingBuffer_Pop
 *fill*         0x080093f6        0x2 
 .text.Scheduler_Init
                0x080093f8       0x18 CMakeFiles/Car_Project.dir/Service/Src/scheduler.c.obj
                0x080093f8                Scheduler_Init
 .text.Scheduler_AddTask
                0x08009410       0x7c CMakeFiles/Car_Project.dir/Service/Src/scheduler.c.obj
                0x08009410                Scheduler_AddTask
 .text.Scheduler_Run
                0x0800948c       0x74 CMakeFiles/Car_Project.dir/Service/Src/scheduler.c.obj
                0x0800948c                Scheduler_Run
 .text.tanf     0x08009500       0x50 /opt/ST/STM32CubeCLT_1.21.0/GNU-tools-for-STM32/bin/../lib/gcc/arm-none-eabi/14.3.1/../../../../arm-none-eabi/lib/thumb/v7e-m+fp/hard/libm.a(libm_a-sf_tan.o)
                0x08009500                tanf
 .text.__kernel_tanf
                0x08009550      0x1bc /opt/ST/STM32CubeCLT_1.21.0/GNU-tools-for-STM32/bin/../lib/gcc/arm-none-eabi/14.3.1/../../../../arm-none-eabi/lib/thumb/v7e-m+fp/hard/libm.a(libm_a-kf_tan.o)
                0x08009550                __kernel_tanf
 .text.__ieee754_rem_pio2f
                0x0800970c      0x26c /opt/ST/STM32CubeCLT_1.21.0/GNU-tools-for-STM32/bin/../lib/gcc/arm-none-eabi/14.3.1/../../../../arm-none-eabi/lib/thumb/v7e-m+fp/hard/libm.a(libm_a-ef_rem_pio2.o)
                0x0800970c                __ieee754_rem_pio2f
 .text.fabsf    0x08009978       0x10 /opt/ST/STM32CubeCLT_1.21.0/GNU-tools-for-STM32/bin/../lib/gcc/arm-none-eabi/14.3.1/../../../../arm-none-eabi/lib/thumb/v7e-m+fp/hard/libm.a(libm_a-sf_fabs.o)
                0x08009978                fabsf
 .text.__kernel_rem_pio2f
                0x08009988      0x68c /opt/ST/STM32CubeCLT_1.21.0/GNU-tools-for-STM32/bin/../lib/gcc/arm-none-eabi/14.3.1/../../../../arm-none-eabi/lib/thumb/v7e-m+fp/hard/libm.a(libm_a-kf_rem_pio2.o)
                0x08009988                __kernel_rem_pio2f
 .text.floorf   0x0800a014       0x94 /opt/ST/STM32CubeCLT_1.21.0/GNU-tools-for-STM32/bin/../lib/gcc/arm-none-eabi/14.3.1/../../../../arm-none-eabi/lib/thumb/v7e-m+fp/hard/libm.a(libm_a-sf_floor.o)
                0x0800a014                floorf
 .text.scalbnf  0x0800a0a8       0xdc /opt/ST/STM32CubeCLT_1.21.0/GNU-tools-for-STM32/bin/../lib/gcc/arm-none-eabi/14.3.1/../../../../arm-none-eabi/lib/thumb/v7e-m+fp/hard/libm.a(libm_a-sf_scalbn.o)
                0x0800a0a8                scalbnf
 .text.memset   0x0800a184       0x10 /opt/ST/STM32CubeCLT_1.21.0/GNU-tools-for-STM32/bin/../lib/gcc/arm-none-eabi/14.3.1/../../../../arm-none-eabi/lib/thumb/v7e-m+fp/hard/libg_nano.a(libc_a-memset.o)
                0x0800a184                memset
 .text.__libc_init_array
                0x0800a194       0x48 /opt/ST/STM32CubeCLT_1.21.0/GNU-tools-for-STM32/bin/../lib/gcc/arm-none-eabi/14.3.1/../../../../arm-none-eabi/lib/thumb/v7e-m+fp/hard/libg_nano.a(libc_a-init.o)
                0x0800a194                __libc_init_array
 .text.memcpy   0x0800a1dc       0x1c /opt/ST/STM32CubeCLT_1.21.0/GNU-tools-for-STM32/bin/../lib/gcc/arm-none-eabi/14.3.1/../../../../arm-none-eabi/lib/thumb/v7e-m+fp/hard/libg_nano.a(libc_a-memcpy-stub.o)
                0x0800a1dc                memcpy
 *(.glue_7)
 .glue_7        0x0800a1f8        0x0 linker stubs
 *(.glue_7t)
 .glue_7t       0x0800a1f8        0x0 linker stubs
 *(.eh_frame)
 .eh_frame      0x0800a1f8        0x0 /opt/ST/STM32CubeCLT_1.21.0/GNU-tools-for-STM32/bin/../lib/gcc/arm-none-eabi/14.3.1/thumb/v7e-m+fp/hard/crtbegin.o
 *(.init)
 .init          0x0800a1f8        0x4 /opt/ST/STM32CubeCLT_1.21.0/GNU-tools-for-STM32/bin/../lib/gcc/arm-none-eabi/14.3.1/thumb/v7e-m+fp/hard/crti.o
                0x0800a1f8                _init
 .init          0x0800a1fc        0x8 /opt/ST/STM32CubeCLT_1.21.0/GNU-tools-for-STM32/bin/../lib/gcc/arm-none-eabi/14.3.1/thumb/v7e-m+fp/hard/crtn.o
 *(.fini)
 .fini          0x0800a204        0x4 /opt/ST/STM32CubeCLT_1.21.0/GNU-tools-for-STM32/bin/../lib/gcc/arm-none-eabi/14.3.1/thumb/v7e-m+fp/hard/crti.o
                0x0800a204                _fini
 .fini          0x0800a208        0x8 /opt/ST/STM32CubeCLT_1.21.0/GNU-tools-for-STM32/bin/../lib/gcc/arm-none-eabi/14.3.1/thumb/v7e-m+fp/hard/crtn.o
                0x0800a210                        . = ALIGN (0x4)
                0x0800a210                        _etext = .

.vfp11_veneer   0x0800a210        0x0
 .vfp11_veneer  0x0800a210        0x0 linker stubs

.v4_bx          0x0800a210        0x0
 .v4_bx         0x0800a210        0x0 linker stubs

.iplt           0x0800a210        0x0
 .iplt          0x0800a210        0x0 /opt/ST/STM32CubeCLT_1.21.0/GNU-tools-for-STM32/bin/../lib/gcc/arm-none-eabi/14.3.1/thumb/v7e-m+fp/hard/crtbegin.o

.rodata         0x0800a210      0x4a8
                0x0800a210                        . = ALIGN (0x4)
 *(.rodata)
 .rodata        0x0800a210       0x48 CMakeFiles/Car_Project.dir/App/Src/app_tasks.c.obj
 .rodata        0x0800a258        0x3 CMakeFiles/Car_Project.dir/Modules/Decision/Src/decision.c.obj
 *(.rodata*)
 *fill*         0x0800a25b        0x1 
 .rodata.AHBPrescTable
                0x0800a25c       0x10 cmake/stm32cubemx/CMakeFiles/STM32_Drivers.dir/__/__/Core/Src/system_stm32g4xx.c.obj
                0x0800a25c                AHBPrescTable
 .rodata.APBPrescTable
                0x0800a26c        0x8 cmake/stm32cubemx/CMakeFiles/STM32_Drivers.dir/__/__/Core/Src/system_stm32g4xx.c.obj
                0x0800a26c                APBPrescTable
 .rodata.UARTPrescTable
                0x0800a274       0x18 cmake/stm32cubemx/CMakeFiles/STM32_Drivers.dir/__/__/Drivers/STM32G4xx_HAL_Driver/Src/stm32g4xx_hal_uart.c.obj
                0x0800a274                UARTPrescTable
 .rodata.numerator.1
                0x0800a28c        0x8 cmake/stm32cubemx/CMakeFiles/STM32_Drivers.dir/__/__/Drivers/STM32G4xx_HAL_Driver/Src/stm32g4xx_hal_uart_ex.c.obj
 .rodata.denominator.0
                0x0800a294        0x8 cmake/stm32cubemx/CMakeFiles/STM32_Drivers.dir/__/__/Drivers/STM32G4xx_HAL_Driver/Src/stm32g4xx_hal_uart_ex.c.obj
 .rodata.s_patterns
                0x0800a29c       0x1e CMakeFiles/Car_Project.dir/BSP/Src/bsp_buzzer.c.obj
 *fill*         0x0800a2ba        0x2 
 .rodata.s_led_cfg
                0x0800a2bc       0x20 CMakeFiles/Car_Project.dir/BSP/Src/bsp_led.c.obj
 .rodata.weights.0
                0x0800a2dc        0xa CMakeFiles/Car_Project.dir/Modules/Sensor/Src/tracker_sensor.c.obj
 *fill*         0x0800a2e6        0x2 
 .rodata.npio2_hw
                0x0800a2e8       0x80 /opt/ST/STM32CubeCLT_1.21.0/GNU-tools-for-STM32/bin/../lib/gcc/arm-none-eabi/14.3.1/../../../../arm-none-eabi/lib/thumb/v7e-m+fp/hard/libm.a(libm_a-ef_rem_pio2.o)
 .rodata.two_over_pi
                0x0800a368      0x318 /opt/ST/STM32CubeCLT_1.21.0/GNU-tools-for-STM32/bin/../lib/gcc/arm-none-eabi/14.3.1/../../../../arm-none-eabi/lib/thumb/v7e-m+fp/hard/libm.a(libm_a-ef_rem_pio2.o)
 .rodata.PIo2   0x0800a680       0x2c /opt/ST/STM32CubeCLT_1.21.0/GNU-tools-for-STM32/bin/../lib/gcc/arm-none-eabi/14.3.1/../../../../arm-none-eabi/lib/thumb/v7e-m+fp/hard/libm.a(libm_a-kf_rem_pio2.o)
 .rodata.init_jk
                0x0800a6ac        0xc /opt/ST/STM32CubeCLT_1.21.0/GNU-tools-for-STM32/bin/../lib/gcc/arm-none-eabi/14.3.1/../../../../arm-none-eabi/lib/thumb/v7e-m+fp/hard/libm.a(libm_a-kf_rem_pio2.o)
                0x0800a6b8                        . = ALIGN (0x4)

.ARM.extab      0x0800a6b8        0x0
                0x0800a6b8                        . = ALIGN (0x4)
 *(.ARM.extab* .gnu.linkonce.armextab.*)
                0x0800a6b8                        . = ALIGN (0x4)

.ARM            0x0800a6b8        0x8
                0x0800a6b8                        . = ALIGN (0x4)
                0x0800a6b8                        __exidx_start = .
 *(.ARM.exidx*)
 .ARM.exidx     0x0800a6b8        0x8 /opt/ST/STM32CubeCLT_1.21.0/GNU-tools-for-STM32/bin/../lib/gcc/arm-none-eabi/14.3.1/thumb/v7e-m+fp/hard/libgcc.a(_udivmoddi4.o)
                0x0800a6c0                        __exidx_end = .
                0x0800a6c0                        . = ALIGN (0x4)

.preinit_array  0x0800a6c0        0x0
                0x0800a6c0                        . = ALIGN (0x4)
                0x0800a6c0                        PROVIDE (__preinit_array_start = .)
 *(.preinit_array*)
                0x0800a6c0                        PROVIDE (__preinit_array_end = .)
                0x0800a6c0                        . = ALIGN (0x4)

.init_array     0x0800a6c0        0x4
                0x0800a6c0                        . = ALIGN (0x4)
                0x0800a6c0                        PROVIDE (__init_array_start = .)
 *(SORT_BY_NAME(.init_array.*))
 *(.init_array*)
 .init_array    0x0800a6c0        0x4 /opt/ST/STM32CubeCLT_1.21.0/GNU-tools-for-STM32/bin/../lib/gcc/arm-none-eabi/14.3.1/thumb/v7e-m+fp/hard/crtbegin.o
                0x0800a6c4                        PROVIDE (__init_array_end = .)
                0x0800a6c4                        . = ALIGN (0x4)

.fini_array     0x0800a6c4        0x4
                0x0800a6c4                        . = ALIGN (0x4)
                [!provide]                        PROVIDE (__fini_array_start = .)
 *(SORT_BY_NAME(.fini_array.*))
 *(.fini_array*)
 .fini_array    0x0800a6c4        0x4 /opt/ST/STM32CubeCLT_1.21.0/GNU-tools-for-STM32/bin/../lib/gcc/arm-none-eabi/14.3.1/thumb/v7e-m+fp/hard/crtbegin.o
                [!provide]                        PROVIDE (__fini_array_end = .)
                0x0800a6c8                        . = ALIGN (0x4)
                0x0800a6c8                        _sidata = LOADADDR (.data)

.rel.dyn        0x0800a6c8        0x0
 .rel.iplt      0x0800a6c8        0x0 /opt/ST/STM32CubeCLT_1.21.0/GNU-tools-for-STM32/bin/../lib/gcc/arm-none-eabi/14.3.1/thumb/v7e-m+fp/hard/crtbegin.o

.data           0x20000000       0x70 load address 0x0800a6c8
                0x20000000                        . = ALIGN (0x4)
                0x20000000                        _sdata = .
 *(.data)
 *(.data*)
 .data.SystemCoreClock
                0x20000000        0x4 cmake/stm32cubemx/CMakeFiles/STM32_Drivers.dir/__/__/Core/Src/system_stm32g4xx.c.obj
                0x20000000                SystemCoreClock
 .data.uwTickPrio
                0x20000004        0x4 cmake/stm32cubemx/CMakeFiles/STM32_Drivers.dir/__/__/Drivers/STM32G4xx_HAL_Driver/Src/stm32g4xx_hal.c.obj
                0x20000004                uwTickPrio
 .data.uwTickFreq
                0x20000008        0x4 cmake/stm32cubemx/CMakeFiles/STM32_Drivers.dir/__/__/Drivers/STM32G4xx_HAL_Driver/Src/stm32g4xx_hal.c.obj
                0x20000008                uwTickFreq
 .data.s_keys   0x2000000c       0x60 CMakeFiles/Car_Project.dir/BSP/Src/bsp_key.c.obj
 .data.s_active_high
                0x2000006c        0x1 CMakeFiles/Car_Project.dir/Modules/Sensor/Src/tracker_sensor.c.obj
 *(.RamFunc)
 *(.RamFunc*)
                0x20000070                        . = ALIGN (0x4)
 *fill*         0x2000006d        0x3 

.igot.plt       0x20000070        0x0 load address 0x0800a738
 .igot.plt      0x20000070        0x0 /opt/ST/STM32CubeCLT_1.21.0/GNU-tools-for-STM32/bin/../lib/gcc/arm-none-eabi/14.3.1/thumb/v7e-m+fp/hard/crtbegin.o

.tdata          0x20000070        0x0 load address 0x0800a738
 *(.tdata .tdata.* .gnu.linkonce.td.*)
                0x20000070                        . = ALIGN (0x4)
                0x20000070                        _edata = .
                [!provide]                        PROVIDE (__data_end = .)
                [!provide]                        PROVIDE (__tdata_end = .)
                [!provide]                        PROVIDE (__tdata_start = ADDR (.tdata))
                [!provide]                        PROVIDE (__tdata_size = (__tdata_end - __tdata_start))
                [!provide]                        PROVIDE (__data_start = ADDR (.data))
                [!provide]                        PROVIDE (__data_size = (__data_end - __data_start))
                [!provide]                        PROVIDE (__tdata_source = LOADADDR (.tdata))
                [!provide]                        PROVIDE (__tdata_source_end = (LOADADDR (.tdata) + SIZEOF (.tdata)))
                [!provide]                        PROVIDE (__tdata_source_size = (__tdata_source_end - __tdata_source))
                [!provide]                        PROVIDE (__data_source = LOADADDR (.data))
                [!provide]                        PROVIDE (__data_source_end = __tdata_source_end)
                [!provide]                        PROVIDE (__data_source_size = (__data_source_end - __data_source))

.tbss           0x20000070        0x0 load address 0x0800a738
                0x20000070                        _sbss = .
                0x20000070                        __bss_start__ = _sbss
 *(.tbss .tbss.*)
                0x20000070                        . = ALIGN (0x4)
                [!provide]                        PROVIDE (__tbss_end = .)
                [!provide]                        PROVIDE (__tbss_start = ADDR (.tbss))
                [!provide]                        PROVIDE (__tbss_size = (__tbss_end - __tbss_start))
                [!provide]                        PROVIDE (__tbss_offset = (ADDR (.tbss) - ADDR (.tdata)))
                [!provide]                        PROVIDE (__tls_base = __tdata_start)
                [!provide]                        PROVIDE (__tls_end = __tbss_end)
                [!provide]                        PROVIDE (__tls_size = (__tls_end - __tls_base))
                [!provide]                        PROVIDE (__tls_align = MAX (ALIGNOF (.tdata), ALIGNOF (.tbss)))
                [!provide]                        PROVIDE (__tls_size_align = (((__tls_size + __tls_align) - 0x1) & ~ ((__tls_align - 0x1))))
                [!provide]                        PROVIDE (__arm32_tls_tcb_offset = MAX (0x8, __tls_align))
                [!provide]                        PROVIDE (__arm64_tls_tcb_offset = MAX (0x10, __tls_align))

.bss            0x20000070      0xca4 load address 0x0800a738
 *(.bss)
 .bss           0x20000070       0x1c /opt/ST/STM32CubeCLT_1.21.0/GNU-tools-for-STM32/bin/../lib/gcc/arm-none-eabi/14.3.1/thumb/v7e-m+fp/hard/crtbegin.o
 *(.bss*)
 .bss.uwTick    0x2000008c        0x4 cmake/stm32cubemx/CMakeFiles/STM32_Drivers.dir/__/__/Drivers/STM32G4xx_HAL_Driver/Src/stm32g4xx_hal.c.obj
                0x2000008c                uwTick
 .bss.hiwdg     0x20000090       0x10 CMakeFiles/Car_Project.dir/Core/Src/iwdg.c.obj
                0x20000090                hiwdg
 .bss.htim1     0x200000a0       0x4c CMakeFiles/Car_Project.dir/Core/Src/tim.c.obj
                0x200000a0                htim1
 .bss.htim2     0x200000ec       0x4c CMakeFiles/Car_Project.dir/Core/Src/tim.c.obj
                0x200000ec                htim2
 .bss.htim3     0x20000138       0x4c CMakeFiles/Car_Project.dir/Core/Src/tim.c.obj
                0x20000138                htim3
 .bss.htim4     0x20000184       0x4c CMakeFiles/Car_Project.dir/Core/Src/tim.c.obj
                0x20000184                htim4
 .bss.htim6     0x200001d0       0x4c CMakeFiles/Car_Project.dir/Core/Src/tim.c.obj
                0x200001d0                htim6
 .bss.htim7     0x2000021c       0x4c CMakeFiles/Car_Project.dir/Core/Src/tim.c.obj
                0x2000021c                htim7
 .bss.huart2    0x20000268       0x94 CMakeFiles/Car_Project.dir/Core/Src/usart.c.obj
                0x20000268                huart2
 .bss.huart3    0x200002fc       0x94 CMakeFiles/Car_Project.dir/Core/Src/usart.c.obj
                0x200002fc                huart3
 .bss.hdma_usart2_rx
                0x20000390       0x60 CMakeFiles/Car_Project.dir/Core/Src/usart.c.obj
                0x20000390                hdma_usart2_rx
 .bss.hdma_usart2_tx
                0x200003f0       0x60 CMakeFiles/Car_Project.dir/Core/Src/usart.c.obj
                0x200003f0                hdma_usart2_tx
 .bss.hdma_usart3_rx
                0x20000450       0x60 CMakeFiles/Car_Project.dir/Core/Src/usart.c.obj
                0x20000450                hdma_usart3_rx
 .bss.hdma_usart3_tx
                0x200004b0       0x60 CMakeFiles/Car_Project.dir/Core/Src/usart.c.obj
                0x200004b0                hdma_usart3_tx
 .bss.g_state   0x20000510       0x7c CMakeFiles/Car_Project.dir/App/Src/app_main.c.obj
                0x20000510                g_state
 .bss.s_active_pat
                0x2000058c        0x6 CMakeFiles/Car_Project.dir/BSP/Src/bsp_buzzer.c.obj
 *fill*         0x20000592        0x2 
 .bss.s_next_change_ms
                0x20000594        0x4 CMakeFiles/Car_Project.dir/BSP/Src/bsp_buzzer.c.obj
 .bss.s_frequency_hz
                0x20000598        0x2 CMakeFiles/Car_Project.dir/BSP/Src/bsp_buzzer.c.obj
 .bss.s_remaining
                0x2000059a        0x1 CMakeFiles/Car_Project.dir/BSP/Src/bsp_buzzer.c.obj
 .bss.s_active  0x2000059b        0x1 CMakeFiles/Car_Project.dir/BSP/Src/bsp_buzzer.c.obj
 .bss.s_gpio_high
                0x2000059c        0x1 CMakeFiles/Car_Project.dir/BSP/Src/bsp_buzzer.c.obj
 .bss.s_envelope_on
                0x2000059d        0x1 CMakeFiles/Car_Project.dir/BSP/Src/bsp_buzzer.c.obj
 *fill*         0x2000059e        0x2 
 .bss.s_last_left
                0x200005a0        0x4 CMakeFiles/Car_Project.dir/BSP/Src/bsp_encoder.c.obj
 .bss.s_last_right
                0x200005a4        0x4 CMakeFiles/Car_Project.dir/BSP/Src/bsp_encoder.c.obj
 .bss.s_steer_permille
                0x200005a8        0x2 CMakeFiles/Car_Project.dir/BSP/Src/bsp_servo.c.obj
 .bss.s_available
                0x200005aa        0x1 CMakeFiles/Car_Project.dir/BSP/Src/bsp_servo.c.obj
 *fill*         0x200005ab        0x1 
 .bss.s_ctx     0x200005ac      0x438 CMakeFiles/Car_Project.dir/BSP/Src/bsp_uart.c.obj
 .bss.s_state   0x200009e4        0xa CMakeFiles/Car_Project.dir/Modules/Sensor/Src/sensor_domain.c.obj
 .bss.s_bits    0x200009ee        0x1 CMakeFiles/Car_Project.dir/Modules/Sensor/Src/tracker_sensor.c.obj
 *fill*         0x200009ef        0x1 
 .bss.s_error   0x200009f0        0x2 CMakeFiles/Car_Project.dir/Modules/Sensor/Src/tracker_sensor.c.obj
 .bss.s_valid   0x200009f2        0x1 CMakeFiles/Car_Project.dir/Modules/Sensor/Src/tracker_sensor.c.obj
 *fill*         0x200009f3        0x1 
 .bss.s_echo_start_us
                0x200009f4        0x4 CMakeFiles/Car_Project.dir/Modules/Sensor/Src/ultrasonic_sensor.c.obj
 .bss.s_echo_width_us
                0x200009f8        0x4 CMakeFiles/Car_Project.dir/Modules/Sensor/Src/ultrasonic_sensor.c.obj
 .bss.s_echo_done
                0x200009fc        0x1 CMakeFiles/Car_Project.dir/Modules/Sensor/Src/ultrasonic_sensor.c.obj
 .bss.s_waiting_echo
                0x200009fd        0x1 CMakeFiles/Car_Project.dir/Modules/Sensor/Src/ultrasonic_sensor.c.obj
 *fill*         0x200009fe        0x2 
 .bss.s_triggered_us
                0x20000a00        0x4 CMakeFiles/Car_Project.dir/Modules/Sensor/Src/ultrasonic_sensor.c.obj
 .bss.s_last_trigger_ms
                0x20000a04        0x4 CMakeFiles/Car_Project.dir/Modules/Sensor/Src/ultrasonic_sensor.c.obj
 .bss.s_distance_mm
                0x20000a08        0x2 CMakeFiles/Car_Project.dir/Modules/Sensor/Src/ultrasonic_sensor.c.obj
 .bss.s_valid   0x20000a0a        0x1 CMakeFiles/Car_Project.dir/Modules/Sensor/Src/ultrasonic_sensor.c.obj
 .bss.s_dwt_inited
                0x20000a0b        0x1 CMakeFiles/Car_Project.dir/Modules/Sensor/Src/ultrasonic_sensor.c.obj
 .bss.s_state   0x20000a0c       0x34 CMakeFiles/Car_Project.dir/Modules/Comm/Src/comm.c.obj
 .bss.s_parser  0x20000a40       0x64 CMakeFiles/Car_Project.dir/Modules/Comm/Src/bt_link.c.obj
 .bss.s_pending
                0x20000aa4       0x10 CMakeFiles/Car_Project.dir/Modules/Comm/Src/bt_link.c.obj
 .bss.s_last_rx_ms
                0x20000ab4        0x4 CMakeFiles/Car_Project.dir/Modules/Comm/Src/bt_link.c.obj
 .bss.s_rx_count
                0x20000ab8        0x4 CMakeFiles/Car_Project.dir/Modules/Comm/Src/bt_link.c.obj
 .bss.s_parser  0x20000abc       0x64 CMakeFiles/Car_Project.dir/Modules/Comm/Src/k230_link.c.obj
 .bss.s_latest  0x20000b20       0x10 CMakeFiles/Car_Project.dir/Modules/Comm/Src/k230_link.c.obj
 .bss.s_last_rx_ms
                0x20000b30        0x4 CMakeFiles/Car_Project.dir/Modules/Comm/Src/k230_link.c.obj
 .bss.s_rx_count
                0x20000b34        0x4 CMakeFiles/Car_Project.dir/Modules/Comm/Src/k230_link.c.obj
 .bss.s_state   0x20000b38       0x18 CMakeFiles/Car_Project.dir/Modules/Estimation/Src/estimation.c.obj
 .bss.s_state   0x20000b50       0x18 CMakeFiles/Car_Project.dir/Modules/Motion/Src/motion.c.obj
 .bss.s_emergency_brake
                0x20000b68        0x1 CMakeFiles/Car_Project.dir/Modules/Motion/Src/motion.c.obj
 .bss.stall_cnt.0
                0x20000b69        0x1 CMakeFiles/Car_Project.dir/Modules/Motion/Src/motion.c.obj
 *fill*         0x20000b6a        0x2 
 .bss.s_integral
                0x20000b6c        0x8 CMakeFiles/Car_Project.dir/Modules/Motion/Src/speed_pi.c.obj
 .bss.s_state   0x20000b74       0x10 CMakeFiles/Car_Project.dir/Modules/Decision/Src/decision.c.obj
 .bss.s_state   0x20000b84        0x5 CMakeFiles/Car_Project.dir/Modules/HMI/Src/hmi.c.obj
 *fill*         0x20000b89        0x3 
 .bss.s_tick    0x20000b8c        0x4 CMakeFiles/Car_Project.dir/Modules/HMI/Src/led_service.c.obj
 .bss.s_tasks   0x20000b90      0x180 CMakeFiles/Car_Project.dir/Service/Src/scheduler.c.obj
 .bss.s_task_count
                0x20000d10        0x4 CMakeFiles/Car_Project.dir/Service/Src/scheduler.c.obj
 *(COMMON)
                0x20000d14                        . = ALIGN (0x4)
                0x20000d14                        _ebss = .
                0x20000d14                        __bss_end__ = _ebss
                [!provide]                        PROVIDE (__bss_end = .)
                [!provide]                        PROVIDE (__non_tls_bss_start = ADDR (.bss))
                [!provide]                        PROVIDE (__bss_start = __tbss_start)
                [!provide]                        PROVIDE (__bss_size = (__bss_end - __bss_start))

._user_heap_stack
                0x20000d14      0x604 load address 0x0800a738
                0x20000d18                        . = ALIGN (0x8)
 *fill*         0x20000d14        0x4 
                [!provide]                        PROVIDE (end = .)
                0x20000d18                        PROVIDE (_end = .)
                0x20000f18                        . = (. + _Min_Heap_Size)
 *fill*         0x20000d18      0x200 
                0x20001318                        . = (. + _Min_Stack_Size)
 *fill*         0x20000f18      0x400 
                0x20001318                        . = ALIGN (0x8)

/DISCARD/
 libc.a:*(*)
 libm.a:*(*)
 libgcc.a:*(*)
OUTPUT(Car_Project.elf elf32-littlearm)
LOAD linker stubs

.ARM.attributes
                0x00000000       0x30
 .ARM.attributes
                0x00000000       0x22 /opt/ST/STM32CubeCLT_1.21.0/GNU-tools-for-STM32/bin/../lib/gcc/arm-none-eabi/14.3.1/thumb/v7e-m+fp/hard/crti.o
 .ARM.attributes
                0x00000022       0x34 /opt/ST/STM32CubeCLT_1.21.0/GNU-tools-for-STM32/bin/../lib/gcc/arm-none-eabi/14.3.1/thumb/v7e-m+fp/hard/crtbegin.o
 .ARM.attributes
                0x00000056       0x34 cmake/stm32cubemx/CMakeFiles/STM32_Drivers.dir/__/__/Core/Src/system_stm32g4xx.c.obj
 .ARM.attributes
                0x0000008a       0x34 cmake/stm32cubemx/CMakeFiles/STM32_Drivers.dir/__/__/Drivers/STM32G4xx_HAL_Driver/Src/stm32g4xx_hal_iwdg.c.obj
 .ARM.attributes
                0x000000be       0x34 cmake/stm32cubemx/CMakeFiles/STM32_Drivers.dir/__/__/Drivers/STM32G4xx_HAL_Driver/Src/stm32g4xx_hal.c.obj
 .ARM.attributes
                0x000000f2       0x34 cmake/stm32cubemx/CMakeFiles/STM32_Drivers.dir/__/__/Drivers/STM32G4xx_HAL_Driver/Src/stm32g4xx_hal_rcc.c.obj
 .ARM.attributes
                0x00000126       0x34 cmake/stm32cubemx/CMakeFiles/STM32_Drivers.dir/__/__/Drivers/STM32G4xx_HAL_Driver/Src/stm32g4xx_hal_rcc_ex.c.obj
 .ARM.attributes
                0x0000015a       0x34 cmake/stm32cubemx/CMakeFiles/STM32_Drivers.dir/__/__/Drivers/STM32G4xx_HAL_Driver/Src/stm32g4xx_hal_gpio.c.obj
 .ARM.attributes
                0x0000018e       0x34 cmake/stm32cubemx/CMakeFiles/STM32_Drivers.dir/__/__/Drivers/STM32G4xx_HAL_Driver/Src/stm32g4xx_hal_dma.c.obj
 .ARM.attributes
                0x000001c2       0x34 cmake/stm32cubemx/CMakeFiles/STM32_Drivers.dir/__/__/Drivers/STM32G4xx_HAL_Driver/Src/stm32g4xx_hal_pwr_ex.c.obj
 .ARM.attributes
                0x000001f6       0x34 cmake/stm32cubemx/CMakeFiles/STM32_Drivers.dir/__/__/Drivers/STM32G4xx_HAL_Driver/Src/stm32g4xx_hal_cortex.c.obj
 .ARM.attributes
                0x0000022a       0x34 cmake/stm32cubemx/CMakeFiles/STM32_Drivers.dir/__/__/Drivers/STM32G4xx_HAL_Driver/Src/stm32g4xx_hal_tim.c.obj
 .ARM.attributes
                0x0000025e       0x34 cmake/stm32cubemx/CMakeFiles/STM32_Drivers.dir/__/__/Drivers/STM32G4xx_HAL_Driver/Src/stm32g4xx_hal_tim_ex.c.obj
 .ARM.attributes
                0x00000292       0x34 cmake/stm32cubemx/CMakeFiles/STM32_Drivers.dir/__/__/Drivers/STM32G4xx_HAL_Driver/Src/stm32g4xx_hal_uart.c.obj
 .ARM.attributes
                0x000002c6       0x34 cmake/stm32cubemx/CMakeFiles/STM32_Drivers.dir/__/__/Drivers/STM32G4xx_HAL_Driver/Src/stm32g4xx_hal_uart_ex.c.obj
 .ARM.attributes
                0x000002fa       0x34 CMakeFiles/Car_Project.dir/Core/Src/main.c.obj
 .ARM.attributes
                0x0000032e       0x34 CMakeFiles/Car_Project.dir/Core/Src/gpio.c.obj
 .ARM.attributes
                0x00000362       0x34 CMakeFiles/Car_Project.dir/Core/Src/dma.c.obj
 .ARM.attributes
                0x00000396       0x34 CMakeFiles/Car_Project.dir/Core/Src/iwdg.c.obj
 .ARM.attributes
                0x000003ca       0x34 CMakeFiles/Car_Project.dir/Core/Src/tim.c.obj
 .ARM.attributes
                0x000003fe       0x34 CMakeFiles/Car_Project.dir/Core/Src/usart.c.obj
 .ARM.attributes
                0x00000432       0x34 CMakeFiles/Car_Project.dir/Core/Src/stm32g4xx_it.c.obj
 .ARM.attributes
                0x00000466       0x34 CMakeFiles/Car_Project.dir/Core/Src/stm32g4xx_hal_msp.c.obj
 .ARM.attributes
                0x0000049a       0x21 CMakeFiles/Car_Project.dir/startup_stm32g431xx.s.obj
 .ARM.attributes
                0x000004bb       0x34 CMakeFiles/Car_Project.dir/App/Src/app_main.c.obj
 .ARM.attributes
                0x000004ef       0x34 CMakeFiles/Car_Project.dir/App/Src/app_tasks.c.obj
 .ARM.attributes
                0x00000523       0x34 CMakeFiles/Car_Project.dir/App/Src/system_state_pool.c.obj
 .ARM.attributes
                0x00000557       0x34 CMakeFiles/Car_Project.dir/BSP/Src/bsp_buzzer.c.obj
 .ARM.attributes
                0x0000058b       0x34 CMakeFiles/Car_Project.dir/BSP/Src/bsp_encoder.c.obj
 .ARM.attributes
                0x000005bf       0x34 CMakeFiles/Car_Project.dir/BSP/Src/bsp_gpio_sensor.c.obj
 .ARM.attributes
                0x000005f3       0x34 CMakeFiles/Car_Project.dir/BSP/Src/bsp_key.c.obj
 .ARM.attributes
                0x00000627       0x34 CMakeFiles/Car_Project.dir/BSP/Src/bsp_led.c.obj
 .ARM.attributes
                0x0000065b       0x34 CMakeFiles/Car_Project.dir/BSP/Src/bsp_motor.c.obj
 .ARM.attributes
                0x0000068f       0x34 CMakeFiles/Car_Project.dir/BSP/Src/bsp_servo.c.obj
 .ARM.attributes
                0x000006c3       0x34 CMakeFiles/Car_Project.dir/BSP/Src/bsp_uart.c.obj
 .ARM.attributes
                0x000006f7       0x34 CMakeFiles/Car_Project.dir/Modules/Sensor/Src/sensor_domain.c.obj
 .ARM.attributes
                0x0000072b       0x34 CMakeFiles/Car_Project.dir/Modules/Sensor/Src/tracker_sensor.c.obj
 .ARM.attributes
                0x0000075f       0x34 CMakeFiles/Car_Project.dir/Modules/Sensor/Src/ultrasonic_sensor.c.obj
 .ARM.attributes
                0x00000793       0x34 CMakeFiles/Car_Project.dir/Modules/Comm/Src/comm.c.obj
 .ARM.attributes
                0x000007c7       0x34 CMakeFiles/Car_Project.dir/Modules/Comm/Src/bt_link.c.obj
 .ARM.attributes
                0x000007fb       0x34 CMakeFiles/Car_Project.dir/Modules/Comm/Src/k230_link.c.obj
 .ARM.attributes
                0x0000082f       0x34 CMakeFiles/Car_Project.dir/Modules/Comm/Src/protocol.c.obj
 .ARM.attributes
                0x00000863       0x34 CMakeFiles/Car_Project.dir/Modules/Estimation/Src/estimation.c.obj
 .ARM.attributes
                0x00000897       0x34 CMakeFiles/Car_Project.dir/Modules/Motion/Src/motion.c.obj
 .ARM.attributes
                0x000008cb       0x34 CMakeFiles/Car_Project.dir/Modules/Motion/Src/ackermann.c.obj
 .ARM.attributes
                0x000008ff       0x34 CMakeFiles/Car_Project.dir/Modules/Motion/Src/speed_pi.c.obj
 .ARM.attributes
                0x00000933       0x34 CMakeFiles/Car_Project.dir/Modules/Decision/Src/decision.c.obj
 .ARM.attributes
                0x00000967       0x34 CMakeFiles/Car_Project.dir/Modules/HMI/Src/hmi.c.obj
 .ARM.attributes
                0x0000099b       0x34 CMakeFiles/Car_Project.dir/Modules/HMI/Src/key_service.c.obj
 .ARM.attributes
                0x000009cf       0x34 CMakeFiles/Car_Project.dir/Modules/HMI/Src/led_service.c.obj
 .ARM.attributes
                0x00000a03       0x34 CMakeFiles/Car_Project.dir/Modules/HMI/Src/buzzer_service.c.obj
 .ARM.attributes
                0x00000a37       0x34 CMakeFiles/Car_Project.dir/Modules/Debug/Src/debug_trace.c.obj
 .ARM.attributes
                0x00000a6b       0x34 CMakeFiles/Car_Project.dir/Service/Src/ring_buffer.c.obj
 .ARM.attributes
                0x00000a9f       0x34 CMakeFiles/Car_Project.dir/Service/Src/scheduler.c.obj
 .ARM.attributes
                0x00000ad3       0x34 /opt/ST/STM32CubeCLT_1.21.0/GNU-tools-for-STM32/bin/../lib/gcc/arm-none-eabi/14.3.1/../../../../arm-none-eabi/lib/thumb/v7e-m+fp/hard/libm.a(libm_a-sf_tan.o)
 .ARM.attributes
                0x00000b07       0x34 /opt/ST/STM32CubeCLT_1.21.0/GNU-tools-for-STM32/bin/../lib/gcc/arm-none-eabi/14.3.1/../../../../arm-none-eabi/lib/thumb/v7e-m+fp/hard/libm.a(libm_a-kf_tan.o)
 .ARM.attributes
                0x00000b3b       0x34 /opt/ST/STM32CubeCLT_1.21.0/GNU-tools-for-STM32/bin/../lib/gcc/arm-none-eabi/14.3.1/../../../../arm-none-eabi/lib/thumb/v7e-m+fp/hard/libm.a(libm_a-ef_rem_pio2.o)
 .ARM.attributes
                0x00000b6f       0x34 /opt/ST/STM32CubeCLT_1.21.0/GNU-tools-for-STM32/bin/../lib/gcc/arm-none-eabi/14.3.1/../../../../arm-none-eabi/lib/thumb/v7e-m+fp/hard/libm.a(libm_a-sf_fabs.o)
 .ARM.attributes
                0x00000ba3       0x34 /opt/ST/STM32CubeCLT_1.21.0/GNU-tools-for-STM32/bin/../lib/gcc/arm-none-eabi/14.3.1/../../../../arm-none-eabi/lib/thumb/v7e-m+fp/hard/libm.a(libm_a-kf_rem_pio2.o)
 .ARM.attributes
                0x00000bd7       0x34 /opt/ST/STM32CubeCLT_1.21.0/GNU-tools-for-STM32/bin/../lib/gcc/arm-none-eabi/14.3.1/../../../../arm-none-eabi/lib/thumb/v7e-m+fp/hard/libm.a(libm_a-sf_floor.o)
 .ARM.attributes
                0x00000c0b       0x34 /opt/ST/STM32CubeCLT_1.21.0/GNU-tools-for-STM32/bin/../lib/gcc/arm-none-eabi/14.3.1/../../../../arm-none-eabi/lib/thumb/v7e-m+fp/hard/libm.a(libm_a-sf_scalbn.o)
 .ARM.attributes
                0x00000c3f       0x22 /opt/ST/STM32CubeCLT_1.21.0/GNU-tools-for-STM32/bin/../lib/gcc/arm-none-eabi/14.3.1/thumb/v7e-m+fp/hard/libgcc.a(_aeabi_uldivmod.o)
 .ARM.attributes
                0x00000c61       0x34 /opt/ST/STM32CubeCLT_1.21.0/GNU-tools-for-STM32/bin/../lib/gcc/arm-none-eabi/14.3.1/thumb/v7e-m+fp/hard/libgcc.a(_udivmoddi4.o)
 .ARM.attributes
                0x00000c95       0x22 /opt/ST/STM32CubeCLT_1.21.0/GNU-tools-for-STM32/bin/../lib/gcc/arm-none-eabi/14.3.1/thumb/v7e-m+fp/hard/libgcc.a(_dvmd_tls.o)
 .ARM.attributes
                0x00000cb7       0x34 /opt/ST/STM32CubeCLT_1.21.0/GNU-tools-for-STM32/bin/../lib/gcc/arm-none-eabi/14.3.1/../../../../arm-none-eabi/lib/thumb/v7e-m+fp/hard/libg_nano.a(libc_a-memset.o)
 .ARM.attributes
                0x00000ceb       0x34 /opt/ST/STM32CubeCLT_1.21.0/GNU-tools-for-STM32/bin/../lib/gcc/arm-none-eabi/14.3.1/../../../../arm-none-eabi/lib/thumb/v7e-m+fp/hard/libg_nano.a(libc_a-init.o)
 .ARM.attributes
                0x00000d1f       0x34 /opt/ST/STM32CubeCLT_1.21.0/GNU-tools-for-STM32/bin/../lib/gcc/arm-none-eabi/14.3.1/../../../../arm-none-eabi/lib/thumb/v7e-m+fp/hard/libg_nano.a(libc_a-memcpy-stub.o)
 .ARM.attributes
                0x00000d53       0x22 /opt/ST/STM32CubeCLT_1.21.0/GNU-tools-for-STM32/bin/../lib/gcc/arm-none-eabi/14.3.1/thumb/v7e-m+fp/hard/crtn.o

.comment        0x00000000       0x43
 .comment       0x00000000       0x43 cmake/stm32cubemx/CMakeFiles/STM32_Drivers.dir/__/__/Core/Src/system_stm32g4xx.c.obj
                                 0x44 (size before relaxing)
 .comment       0x00000043       0x44 cmake/stm32cubemx/CMakeFiles/STM32_Drivers.dir/__/__/Drivers/STM32G4xx_HAL_Driver/Src/stm32g4xx_hal_iwdg.c.obj
 .comment       0x00000043       0x44 cmake/stm32cubemx/CMakeFiles/STM32_Drivers.dir/__/__/Drivers/STM32G4xx_HAL_Driver/Src/stm32g4xx_hal.c.obj
 .comment       0x00000043       0x44 cmake/stm32cubemx/CMakeFiles/STM32_Drivers.dir/__/__/Drivers/STM32G4xx_HAL_Driver/Src/stm32g4xx_hal_rcc.c.obj
 .comment       0x00000043       0x44 cmake/stm32cubemx/CMakeFiles/STM32_Drivers.dir/__/__/Drivers/STM32G4xx_HAL_Driver/Src/stm32g4xx_hal_rcc_ex.c.obj
 .comment       0x00000043       0x44 cmake/stm32cubemx/CMakeFiles/STM32_Drivers.dir/__/__/Drivers/STM32G4xx_HAL_Driver/Src/stm32g4xx_hal_gpio.c.obj
 .comment       0x00000043       0x44 cmake/stm32cubemx/CMakeFiles/STM32_Drivers.dir/__/__/Drivers/STM32G4xx_HAL_Driver/Src/stm32g4xx_hal_dma.c.obj
 .comment       0x00000043       0x44 cmake/stm32cubemx/CMakeFiles/STM32_Drivers.dir/__/__/Drivers/STM32G4xx_HAL_Driver/Src/stm32g4xx_hal_pwr_ex.c.obj
 .comment       0x00000043       0x44 cmake/stm32cubemx/CMakeFiles/STM32_Drivers.dir/__/__/Drivers/STM32G4xx_HAL_Driver/Src/stm32g4xx_hal_cortex.c.obj
 .comment       0x00000043       0x44 cmake/stm32cubemx/CMakeFiles/STM32_Drivers.dir/__/__/Drivers/STM32G4xx_HAL_Driver/Src/stm32g4xx_hal_tim.c.obj
 .comment       0x00000043       0x44 cmake/stm32cubemx/CMakeFiles/STM32_Drivers.dir/__/__/Drivers/STM32G4xx_HAL_Driver/Src/stm32g4xx_hal_tim_ex.c.obj
 .comment       0x00000043       0x44 cmake/stm32cubemx/CMakeFiles/STM32_Drivers.dir/__/__/Drivers/STM32G4xx_HAL_Driver/Src/stm32g4xx_hal_uart.c.obj
 .comment       0x00000043       0x44 cmake/stm32cubemx/CMakeFiles/STM32_Drivers.dir/__/__/Drivers/STM32G4xx_HAL_Driver/Src/stm32g4xx_hal_uart_ex.c.obj
 .comment       0x00000043       0x44 CMakeFiles/Car_Project.dir/Core/Src/main.c.obj
 .comment       0x00000043       0x44 CMakeFiles/Car_Project.dir/Core/Src/gpio.c.obj
 .comment       0x00000043       0x44 CMakeFiles/Car_Project.dir/Core/Src/dma.c.obj
 .comment       0x00000043       0x44 CMakeFiles/Car_Project.dir/Core/Src/iwdg.c.obj
 .comment       0x00000043       0x44 CMakeFiles/Car_Project.dir/Core/Src/tim.c.obj
 .comment       0x00000043       0x44 CMakeFiles/Car_Project.dir/Core/Src/usart.c.obj
 .comment       0x00000043       0x44 CMakeFiles/Car_Project.dir/Core/Src/stm32g4xx_it.c.obj
 .comment       0x00000043       0x44 CMakeFiles/Car_Project.dir/Core/Src/stm32g4xx_hal_msp.c.obj
 .comment       0x00000043       0x44 CMakeFiles/Car_Project.dir/App/Src/app_main.c.obj
 .comment       0x00000043       0x44 CMakeFiles/Car_Project.dir/App/Src/app_tasks.c.obj
 .comment       0x00000043       0x44 CMakeFiles/Car_Project.dir/App/Src/system_state_pool.c.obj
 .comment       0x00000043       0x44 CMakeFiles/Car_Project.dir/BSP/Src/bsp_buzzer.c.obj
 .comment       0x00000043       0x44 CMakeFiles/Car_Project.dir/BSP/Src/bsp_encoder.c.obj
 .comment       0x00000043       0x44 CMakeFiles/Car_Project.dir/BSP/Src/bsp_gpio_sensor.c.obj
 .comment       0x00000043       0x44 CMakeFiles/Car_Project.dir/BSP/Src/bsp_key.c.obj
 .comment       0x00000043       0x44 CMakeFiles/Car_Project.dir/BSP/Src/bsp_led.c.obj
 .comment       0x00000043       0x44 CMakeFiles/Car_Project.dir/BSP/Src/bsp_motor.c.obj
 .comment       0x00000043       0x44 CMakeFiles/Car_Project.dir/BSP/Src/bsp_servo.c.obj
 .comment       0x00000043       0x44 CMakeFiles/Car_Project.dir/BSP/Src/bsp_uart.c.obj